Archive member included to satisfy reference by file (symbol)

../../libDaisy//build\libdaisy.a(daisy_seed.o)
                              build/Brizachord.o (daisy::DaisySeed::Configure())
../../libDaisy//build\libdaisy.a(codec_ak4556.o)
                              ../../libDaisy//build\libdaisy.a(daisy_seed.o) (daisy::Ak4556::Init(daisy::Pin))
../../libDaisy//build\libdaisy.a(codec_wm8731.o)
                              ../../libDaisy//build\libdaisy.a(daisy_seed.o) (daisy::Wm8731::Init(daisy::Wm8731::Config const&, daisy::I2CHandle))
../../libDaisy//build\libdaisy.a(sdram.o)
                              ../../libDaisy//build\libdaisy.a(daisy_seed.o) (SdramHandle::Init())
../../libDaisy//build\libdaisy.a(audio.o)
                              ../../libDaisy//build\libdaisy.a(daisy_seed.o) (daisy::AudioHandle::Init(daisy::AudioHandle::Config const&, daisy::SaiHandle))
../../libDaisy//build\libdaisy.a(switch.o)
                              build/Brizachord.o (daisy::Switch::Init(daisy::Pin, float, daisy::Switch::Type, daisy::Switch::Polarity, daisy::GPIO::Pull))
../../libDaisy//build\libdaisy.a(adc.o)
                              build/Brizachord.o (daisy::AdcChannelConfig::InitSingle(daisy::Pin, daisy::AdcChannelConfig::ConversionSpeed))
../../libDaisy//build\libdaisy.a(gpio.o)
                              ../../libDaisy//build\libdaisy.a(daisy_seed.o) (daisy::GPIO::Init(daisy::GPIO::Config const&))
../../libDaisy//build\libdaisy.a(i2c.o)
                              ../../libDaisy//build\libdaisy.a(daisy_seed.o) (daisy::I2CHandle::Init(daisy::I2CHandle::Config const&))
../../libDaisy//build\libdaisy.a(qspi.o)
                              ../../libDaisy//build\libdaisy.a(daisy_seed.o) (daisy::QSPIHandle::Init(daisy::QSPIHandle::Config const&))
../../libDaisy//build\libdaisy.a(sai.o)
                              ../../libDaisy//build\libdaisy.a(daisy_seed.o) (daisy::SaiHandle::Init(daisy::SaiHandle::Config const&))
../../libDaisy//build\libdaisy.a(system.o)
                              ../../libDaisy//build\libdaisy.a(daisy_seed.o) (daisy::System::DeInit())
../../libDaisy//build\libdaisy.a(system_stm32h7xx.o)
                              build/startup_stm32h750xx.o (SystemInit)
../../libDaisy//build\libdaisy.a(usbd_conf.o)
                              ../../libDaisy//build\libdaisy.a(system.o) (hpcd_USB_OTG_HS)
../../libDaisy//build\libdaisy.a(usbh_conf.o)
                              ../../libDaisy//build\libdaisy.a(system.o) (hhcd_USB_OTG_HS)
../../libDaisy//build\libdaisy.a(Trill.o)
                              build/Brizachord.o (Trill::~Trill())
../../libDaisy//build\libdaisy.a(stm32h7xx_hal.o)
                              ../../libDaisy//build\libdaisy.a(system.o) (HAL_Init)
../../libDaisy//build\libdaisy.a(stm32h7xx_hal_adc.o)
                              ../../libDaisy//build\libdaisy.a(adc.o) (HAL_ADC_ConfigChannel)
../../libDaisy//build\libdaisy.a(stm32h7xx_hal_adc_ex.o)
                              ../../libDaisy//build\libdaisy.a(adc.o) (HAL_ADCEx_Calibration_Start)
../../libDaisy//build\libdaisy.a(stm32h7xx_hal_cortex.o)
                              ../../libDaisy//build\libdaisy.a(stm32h7xx_hal.o) (HAL_NVIC_SetPriorityGrouping)
../../libDaisy//build\libdaisy.a(stm32h7xx_hal_dma.o)
                              ../../libDaisy//build\libdaisy.a(adc.o) (HAL_DMA_Init)
../../libDaisy//build\libdaisy.a(stm32h7xx_hal_gpio.o)
                              ../../libDaisy//build\libdaisy.a(sdram.o) (HAL_GPIO_Init)
../../libDaisy//build\libdaisy.a(stm32h7xx_hal_hcd.o)
                              ../../libDaisy//build\libdaisy.a(usbh_conf.o) (HAL_HCD_HC_Init)
../../libDaisy//build\libdaisy.a(stm32h7xx_hal_i2c.o)
                              ../../libDaisy//build\libdaisy.a(i2c.o) (HAL_I2C_Init)
../../libDaisy//build\libdaisy.a(stm32h7xx_hal_i2c_ex.o)
                              ../../libDaisy//build\libdaisy.a(i2c.o) (HAL_I2CEx_ConfigAnalogFilter)
../../libDaisy//build\libdaisy.a(stm32h7xx_hal_pcd.o)
                              ../../libDaisy//build\libdaisy.a(usbd_conf.o) (HAL_PCD_Init)
../../libDaisy//build\libdaisy.a(stm32h7xx_hal_pcd_ex.o)
                              ../../libDaisy//build\libdaisy.a(usbd_conf.o) (HAL_PCDEx_SetTxFiFo)
../../libDaisy//build\libdaisy.a(stm32h7xx_hal_pwr_ex.o)
                              ../../libDaisy//build\libdaisy.a(system.o) (HAL_PWREx_ConfigSupply)
../../libDaisy//build\libdaisy.a(stm32h7xx_hal_qspi.o)
                              ../../libDaisy//build\libdaisy.a(qspi.o) (HAL_QSPI_Init)
../../libDaisy//build\libdaisy.a(stm32h7xx_hal_rcc.o)
                              ../../libDaisy//build\libdaisy.a(system.o) (HAL_RCC_OscConfig)
../../libDaisy//build\libdaisy.a(stm32h7xx_hal_rcc_ex.o)
                              ../../libDaisy//build\libdaisy.a(system.o) (HAL_RCCEx_PeriphCLKConfig)
../../libDaisy//build\libdaisy.a(stm32h7xx_hal_sai.o)
                              ../../libDaisy//build\libdaisy.a(sai.o) (HAL_SAI_InitProtocol)
[...]
Memory Configuration

Name             Origin             Length             Attributes
FLASH            0x08000000         0x00020000         xr
DTCMRAM          0x20000000         0x00020000         xrw
SRAM             0x24000000         0x00080000         xrw
RAM_D2           0x30000000         0x00048000         xrw
RAM_D3           0x38000000         0x00010000         xrw
BACKUP_SRAM      0x38800000         0x00001000         xrw
ITCMRAM          0x00000000         0x00010000         xrw
SDRAM            0xc0000000         0x04000000         xrw
QSPIFLASH        0x90000000         0x00800000         xr
*default*        0x00000000         0xffffffff

Linker script and memory map

LOAD c:/program files/daisytoolchain/bin/../lib/gcc/arm-none-eabi/10.2.1/thumb/v7e-m+dp/hard/crti.o
LOAD c:/program files/daisytoolchain/bin/../lib/gcc/arm-none-eabi/10.2.1/thumb/v7e-m+dp/hard/crtbegin.o
LOAD c:/program files/daisytoolchain/bin/../lib/gcc/arm-none-eabi/10.2.1/../../../../arm-none-eabi/lib/thumb/v7e-m+dp/hard/crt0.o
LOAD build/startup_stm32h750xx.o
LOAD build/main.o
LOAD build/DrumSynth.o
LOAD build/Sequencer.o
LOAD build/ChordSynth.o
LOAD build/StrumSynth.o
LOAD build/Brizachord.o
LOAD ../../libDaisy//build\libdaisy.a
LOAD c:/program files/daisytoolchain/bin/../lib/gcc/arm-none-eabi/10.2.1/../../../../arm-none-eabi/lib/thumb/v7e-m+dp/hard\libnosys.a
LOAD ../../DaisySP//build\libdaisysp.a
LOAD c:/program files/daisytoolchain/bin/../lib/gcc/arm-none-eabi/10.2.1/../../../../arm-none-eabi/lib/thumb/v7e-m+dp/hard\libstdc++_nano.a
LOAD c:/program files/daisytoolchain/bin/../lib/gcc/arm-none-eabi/10.2.1/../../../../arm-none-eabi/lib/thumb/v7e-m+dp/hard\libm.a
LOAD c:/program files/daisytoolchain/bin/../lib/gcc/arm-none-eabi/10.2.1/../../../../arm-none-eabi/lib/thumb/v7e-m+dp/hard\libc_nano.a
START GROUP
LOAD c:/program files/daisytoolchain/bin/../lib/gcc/arm-none-eabi/10.2.1/thumb/v7e-m+dp/hard\libgcc.a
LOAD c:/program files/daisytoolchain/bin/../lib/gcc/arm-none-eabi/10.2.1/../../../../arm-none-eabi/lib/thumb/v7e-m+dp/hard\libc_nano.a
END GROUP
START GROUP
LOAD c:/program files/daisytoolchain/bin/../lib/gcc/arm-none-eabi/10.2.1/thumb/v7e-m+dp/hard\libgcc.a
LOAD c:/program files/daisytoolchain/bin/../lib/gcc/arm-none-eabi/10.2.1/../../../../arm-none-eabi/lib/thumb/v7e-m+dp/hard\libc_nano.a
LOAD c:/program files/daisytoolchain/bin/../lib/gcc/arm-none-eabi/10.2.1/../../../../arm-none-eabi/lib/thumb/v7e-m+dp/hard\libnosys.a
END GROUP
START GROUP
LOAD c:/program files/daisytoolchain/bin/../lib/gcc/arm-none-eabi/10.2.1/thumb/v7e-m+dp/hard\libgcc.a
LOAD c:/program files/daisytoolchain/bin/../lib/gcc/arm-none-eabi/10.2.1/../../../../arm-none-eabi/lib/thumb/v7e-m+dp/hard\libc_nano.a
LOAD c:/program files/daisytoolchain/bin/../lib/gcc/arm-none-eabi/10.2.1/../../../../arm-none-eabi/lib/thumb/v7e-m+dp/hard\libnosys.a
END GROUP
LOAD c:/program files/daisytoolchain/bin/../lib/gcc/arm-none-eabi/10.2.1/thumb/v7e-m+dp/hard/crtend.o
LOAD c:/program files/daisytoolchain/bin/../lib/gcc/arm-none-eabi/10.2.1/thumb/v7e-m+dp/hard/crtn.o
                0x20020000                _estack = 0x20020000

.isr_vector     0x08000000      0x298
                0x08000000                . = ALIGN (0x4)
 *(.isr_vector)
 .isr_vector    0x08000000      0x298 build/startup_stm32h750xx.o
                0x08000000                g_pfnVectors
                0x08000298                . = ALIGN (0x4)

.text           0x080002a0    0x1c308
                0x080002a0                . = ALIGN (0x4)
                0x080002a0                _stext = .
 *(.text)
 .text          0x080002a0       0x40 c:/program files/daisytoolchain/bin/../lib/gcc/arm-none-eabi/10.2.1/thumb/v7e-m+dp/hard/crtbegin.o
 .text          0x080002e0       0xa0 c:/program files/daisytoolchain/bin/../lib/gcc/arm-none-eabi/10.2.1/../../../../arm-none-eabi/lib/thumb/v7e-m+dp/hard\libc_nano.a(lib_a-memchr.o)
                0x080002e0                memchr
 .text          0x08000380       0x10 c:/program files/daisytoolchain/bin/../lib/gcc/arm-none-eabi/10.2.1/../../../../arm-none-eabi/lib/thumb/v7e-m+dp/hard\libc_nano.a(lib_a-strlen.o)
                0x08000380                strlen
 .text          0x08000390      0x378 c:/program files/daisytoolchain/bin/../lib/gcc/arm-none-eabi/10.2.1/thumb/v7e-m+dp/hard\libgcc.a(_arm_addsubdf3.o)
                0x08000390                __aeabi_drsub
                0x08000398                __aeabi_dsub
                0x08000398                __subdf3
                0x0800039c                __aeabi_dadd
                0x0800039c                __adddf3
                0x08000614                __floatunsidf
                0x08000614                __aeabi_ui2d
                0x08000634                __floatsidf
                0x08000634                __aeabi_i2d
                0x08000658                __aeabi_f2d
                0x08000658                __extendsfdf2
                0x0800069c                __floatundidf
                0x0800069c                __aeabi_ul2d
                0x080006ac                __floatdidf
                0x080006ac                __aeabi_l2d
 .text          0x08000708       0x30 c:/program files/daisytoolchain/bin/../lib/gcc/arm-none-eabi/10.2.1/thumb/v7e-m+dp/hard\libgcc.a(_aeabi_uldivmod.o)
                0x08000708                __aeabi_uldivmod
 .text          0x08000738       0x28 c:/program files/daisytoolchain/bin/../lib/gcc/arm-none-eabi/10.2.1/thumb/v7e-m+dp/hard\libgcc.a(_popcountsi2.o)
                0x08000738                __popcountsi2
 .text          0x08000760      0x2d0 c:/program files/daisytoolchain/bin/../lib/gcc/arm-none-eabi/10.2.1/thumb/v7e-m+dp/hard\libgcc.a(_udivmoddi4.o)
                0x08000760                __udivmoddi4
 .text          0x08000a30        0x4 c:/program files/daisytoolchain/bin/../lib/gcc/arm-none-eabi/10.2.1/thumb/v7e-m+dp/hard\libgcc.a(_dvmd_tls.o)
                0x08000a30                __aeabi_idiv0
                0x08000a30                __aeabi_ldiv0
 *(.text*)
 .text.Default_Handler
                0x08000a34        0xc build/startup_stm32h750xx.o
                0x08000a34                RTC_Alarm_IRQHandler
                0x08000a34                HASH_RNG_IRQHandler
                0x08000a34                EXTI2_IRQHandler
                0x08000a34                TIM8_CC_IRQHandler
                0x08000a34                HRTIM1_Master_IRQHandler
                0x08000a34                DebugMon_Handler
                0x08000a34                TIM1_CC_IRQHandler
                0x08000a34                BDMA_Channel6_IRQHandler
                0x08000a34                DMA2_Stream5_IRQHandler
                0x08000a34                HRTIM1_FLT_IRQHandler
                0x08000a34                JPEG_IRQHandler
                0x08000a34                BDMA_Channel1_IRQHandler
                0x08000a34                HRTIM1_TIMD_IRQHandler
                0x08000a34                TAMP_STAMP_IRQHandler
                0x08000a34                PendSV_Handler
                0x08000a34                NMI_Handler
                0x08000a34                EXTI3_IRQHandler
                0x08000a34                LPTIM4_IRQHandler
                0x08000a34                TIM8_TRG_COM_TIM14_IRQHandler
                0x08000a34                LPTIM2_IRQHandler
                0x08000a34                DFSDM1_FLT1_IRQHandler
                0x08000a34                DMAMUX2_OVR_IRQHandler
                0x08000a34                TIM8_UP_TIM13_IRQHandler
                0x08000a34                I2C3_ER_IRQHandler
                0x08000a34                DFSDM1_FLT2_IRQHandler
                0x08000a34                MDMA_IRQHandler
                0x08000a34                LPTIM3_IRQHandler
                0x08000a34                HSEM1_IRQHandler
                0x08000a34                EXTI0_IRQHandler
                0x08000a34                FPU_IRQHandler
                0x08000a34                OTG_HS_WKUP_IRQHandler
                0x08000a34                FDCAN1_IT1_IRQHandler
                0x08000a34                UsageFault_Handler
                0x08000a34                LTDC_ER_IRQHandler
                0x08000a34                HRTIM1_TIME_IRQHandler
                0x08000a34                TIM6_DAC_IRQHandler
                0x08000a34                DCMI_IRQHandler
                0x08000a34                HRTIM1_TIMC_IRQHandler
                0x08000a34                SAI2_IRQHandler
                0x08000a34                DFSDM1_FLT3_IRQHandler
                0x08000a34                TIM17_IRQHandler
                0x08000a34                CRYP_IRQHandler
                0x08000a34                BDMA_Channel7_IRQHandler
                0x08000a34                LPTIM5_IRQHandler
                0x08000a34                ADC3_IRQHandler
                0x08000a34                DMA2_Stream0_IRQHandler
                0x08000a34                BDMA_Channel2_IRQHandler
                0x08000a34                DMAMUX1_OVR_IRQHandler
                0x08000a34                TIM16_IRQHandler
                0x08000a34                BDMA_Channel5_IRQHandler
                0x08000a34                RCC_IRQHandler
                0x08000a34                TIM8_BRK_TIM12_IRQHandler
                0x08000a34                TIM1_TRG_COM_IRQHandler
                0x08000a34                Default_Handler
                0x08000a34                ECC_IRQHandler
                0x08000a34                CEC_IRQHandler
                0x08000a34                EXTI15_10_IRQHandler
                0x08000a34                BDMA_Channel0_IRQHandler
                0x08000a34                ADC_IRQHandler
                0x08000a34                DMA1_Stream7_IRQHandler
                0x08000a34                HRTIM1_TIMA_IRQHandler
                0x08000a34                TIM7_IRQHandler
                0x08000a34                SDMMC1_IRQHandler
                0x08000a34                DMA2_Stream7_IRQHandler
                0x08000a34                TIM15_IRQHandler
                0x08000a34                PVD_AVD_IRQHandler
                0x08000a34                EXTI9_5_IRQHandler
                0x08000a34                RTC_WKUP_IRQHandler
                0x08000a34                LTDC_IRQHandler
                0x08000a34                SAI3_IRQHandler
                0x08000a34                ETH_WKUP_IRQHandler
                0x08000a34                SPDIF_RX_IRQHandler
                0x08000a34                MemManage_Handler
                0x08000a34                SVC_Handler
                0x08000a34                CRS_IRQHandler
                0x08000a34                EXTI4_IRQHandler
                0x08000a34                HRTIM1_TIMB_IRQHandler
                0x08000a34                FDCAN2_IT1_IRQHandler
                0x08000a34                ETH_IRQHandler
                0x08000a34                TIM1_UP_IRQHandler
                0x08000a34                BDMA_Channel4_IRQHandler
                0x08000a34                WWDG_IRQHandler
                0x08000a34                SPI6_IRQHandler
                0x08000a34                I2C4_EV_IRQHandler
                0x08000a34                MDIOS_IRQHandler
                0x08000a34                FDCAN2_IT0_IRQHandler
                0x08000a34                FDCAN1_IT0_IRQHandler
                0x08000a34                OTG_FS_WKUP_IRQHandler
                0x08000a34                DMA2D_IRQHandler
                0x08000a34                TIM1_BRK_IRQHandler
                0x08000a34                EXTI1_IRQHandler
                0x08000a34                SDMMC2_IRQHandler
                0x08000a34                OTG_FS_EP1_OUT_IRQHandler
                0x08000a34                BDMA_Channel3_IRQHandler
                0x08000a34                MDIOS_WKUP_IRQHandler
                0x08000a34                DFSDM1_FLT0_IRQHandler
                0x08000a34                SAI4_IRQHandler
                0x08000a34                I2C2_ER_IRQHandler
                0x08000a34                DMA2_Stream1_IRQHandler
                0x08000a34                FLASH_IRQHandler
                0x08000a34                BusFault_Handler
                0x08000a34                OTG_FS_IRQHandler
                0x08000a34                WAKEUP_PIN_IRQHandler
                0x08000a34                OTG_FS_EP1_IN_IRQHandler
                0x08000a34                I2C1_ER_IRQHandler
                0x08000a34                FMC_IRQHandler
                0x08000a34                FDCAN_CAL_IRQHandler
                0x08000a34                SWPMI1_IRQHandler
                0x08000a34                COMP1_IRQHandler
                0x08000a34                LPTIM1_IRQHandler
                0x08000a34                I2C4_ER_IRQHandler
                0x08000a34                DMA2_Stream6_IRQHandler
                0x08000a34                SAI1_IRQHandler
 .text.Reset_Handler
                0x08000a40       0x44 build/startup_stm32h750xx.o
                0x08000a40                Reset_Handler
 .text.startup.main
                0x08000a84       0x24 build/main.o
                0x08000a84                main
 .text._ZN9DrumSynthC2Ef
                0x08000aa8      0x1b4 build/DrumSynth.o
                0x08000aa8                DrumSynth::DrumSynth(float)
                0x08000aa8                DrumSynth::DrumSynth(float)
 .text._ZN9DrumSynth12trigger_kickEv
                0x08000c5c       0x1c build/DrumSynth.o
                0x08000c5c                DrumSynth::trigger_kick()
 .text._ZN9DrumSynth13trigger_snareEv
                0x08000c78       0x1c build/DrumSynth.o
                0x08000c78                DrumSynth::trigger_snare()
 .text._ZN9DrumSynth13process_snareEv
                0x08000c94       0x9c build/DrumSynth.o
                0x08000c94                DrumSynth::process_snare()
 .text._ZN9DrumSynth11trigger_hatEv
                0x08000d30       0x1c build/DrumSynth.o
                0x08000d30                DrumSynth::trigger_hat()
 .text._ZN9DrumSynth11process_hatEv
                0x08000d4c       0x78 build/DrumSynth.o
                0x08000d4c                DrumSynth::process_hat()
 .text._ZN9DrumSynth7processEv
                0x08000dc4       0x74 build/DrumSynth.o
                0x08000dc4                DrumSynth::process()
 .text._ZNSt6vectorIbSaIbEE13_M_assign_auxIPKbEEvT_S5_St20forward_iterator_tag.isra.0
                0x08000e38      0x2f8 build/Sequencer.o
 .text._ZN9Sequencer4tickEv
                0x08001130       0xec build/Sequencer.o
                0x08001130                Sequencer::tick()
 .text._ZNSt6vectorISt5arrayIbLj16EESaIS1_EE17_M_realloc_insertIJS1_EEEvN9__gnu_cxx17__normal_iteratorIPS1_S3_EEDpOT_
                0x0800121c       0xe8 build/Sequencer.o
                0x0800121c                void std::vector<std::array<bool, 16u>, std::allocator<std::array<bool, 16u> > >::_M_realloc_insert<std::array<bool, 16u> >(__gnu_cxx::__normal_iterator<std::array<bool, 16u>*, std::vector<std::array<bool, 16u>, std::allocator<std::array<bool, 16u> > > >, std::array<bool, 16u>&&)
 .text._ZNSt6vectorIbSaIbEEC2ERKS1_
                0x08001304       0xc8 build/Sequencer.o
                0x08001304                std::vector<bool, std::allocator<bool> >::vector(std::vector<bool, std::allocator<bool> > const&)
                0x08001304                std::vector<bool, std::allocator<bool> >::vector(std::vector<bool, std::allocator<bool> > const&)
 .text._ZNSt6vectorIN9Sequencer15DrumPatternBeatESaIS1_EE17_M_realloc_insertIJRKS1_EEEvN9__gnu_cxx17__normal_iteratorIPS1_S3_EEDpOT_
                0x080013cc      0x2ac build/Sequencer.o
                0x080013cc                void std::vector<Sequencer::DrumPatternBeat, std::allocator<Sequencer::DrumPatternBeat> >::_M_realloc_insert<Sequencer::DrumPatternBeat const&>(__gnu_cxx::__normal_iterator<Sequencer::DrumPatternBeat*, std::vector<Sequencer::DrumPatternBeat, std::allocator<Sequencer::DrumPatternBeat> > >, Sequencer::DrumPatternBeat const&)
 .text._ZN9SequencerC2EfR9DrumSynthR10ChordSynth
                0x08001678      0x128 build/Sequencer.o
                0x08001678                Sequencer::Sequencer(float, DrumSynth&, ChordSynth&)
                0x08001678                Sequencer::Sequencer(float, DrumSynth&, ChordSynth&)
 .text._ZN10ChordSynth7processEv
                0x080017a0       0x5c build/ChordSynth.o
                0x080017a0                ChordSynth::process()
 .text._ZNSt6vectorIN7daisysp10OscillatorESaIS1_EE17_M_realloc_insertIJRKS1_EEEvN9__gnu_cxx17__normal_iteratorIPS1_S3_EEDpOT_
                0x080017fc      0x130 build/ChordSynth.o
                0x080017fc                void std::vector<daisysp::Oscillator, std::allocator<daisysp::Oscillator> >::_M_realloc_insert<daisysp::Oscillator const&>(__gnu_cxx::__normal_iterator<daisysp::Oscillator*, std::vector<daisysp::Oscillator, std::allocator<daisysp::Oscillator> > >, daisysp::Oscillator const&)
 .text._ZN10ChordSynth9set_chordESt6vectorIiSaIiEE
                0x0800192c      0x1dc build/ChordSynth.o
                0x0800192c                ChordSynth::set_chord(std::vector<int, std::allocator<int> >)
 .text._ZN10StrumSynth7processEv
                0x08001b08      0x110 build/StrumSynth.o
                0x08001b08                StrumSynth::process()
 .text._ZN10StrumSynth12trigger_noteEi
                0x08001c18       0x28 build/StrumSynth.o
                0x08001c18                StrumSynth::trigger_note(int)
 .text._ZNSt6vectorIN10StrumSynth10StrumVoiceESaIS1_EE17_M_realloc_insertIJRKS1_EEEvN9__gnu_cxx17__normal_iteratorIPS1_S3_EEDpOT_
                0x08001c40      0x114 build/StrumSynth.o
                0x08001c40                void std::vector<StrumSynth::StrumVoice, std::allocator<StrumSynth::StrumVoice> >::_M_realloc_insert<StrumSynth::StrumVoice const&>(__gnu_cxx::__normal_iterator<StrumSynth::StrumVoice*, std::vector<StrumSynth::StrumVoice, std::allocator<StrumSynth::StrumVoice> > >, StrumSynth::StrumVoice const&)
 .text._ZN10StrumSynthC2EfRK15InstrumentState
                0x08001d54      0x1b0 build/StrumSynth.o
                0x08001d54                StrumSynth::StrumSynth(float, InstrumentState const&)
                0x08001d54                StrumSynth::StrumSynth(float, InstrumentState const&)
 .text._ZNSt6vectorIiSaIiEE17_M_realloc_insertIJRKiEEEvN9__gnu_cxx17__normal_iteratorIPiS1_EEDpOT_
                0x08001f04       0xd4 build/StrumSynth.o
                0x08001f04                void std::vector<int, std::allocator<int> >::_M_realloc_insert<int const&>(__gnu_cxx::__normal_iterator<int*, std::vector<int, std::allocator<int> > >, int const&)
 .text._ZNSt6vectorIiSaIiEE17_M_realloc_insertIJiEEEvN9__gnu_cxx17__normal_iteratorIPiS1_EEDpOT_
                0x08001fd8       0xd4 build/StrumSynth.o
                0x08001fd8                void std::vector<int, std::allocator<int> >::_M_realloc_insert<int>(__gnu_cxx::__normal_iterator<int*, std::vector<int, std::allocator<int> > >, int&&)
 .text._ZN10StrumSynth12set_arpeggioESt6vectorIiSaIiEE
                0x080020ac      0x164 build/StrumSynth.o
                0x080020ac                StrumSynth::set_arpeggio(std::vector<int, std::allocator<int> >)
 .text._ZN10StrumSynthD2Ev
                0x08002210       0x14 build/Brizachord.o
                0x08002210                StrumSynth::~StrumSynth()
                0x08002210                StrumSynth::~StrumSynth()
 .text._ZN10Brizachord14audio_callbackEPKPKfPPfj
                0x08002224       0xa8 build/Brizachord.o
                0x08002224                Brizachord::audio_callback(float const* const*, float**, unsigned int)
 .text._ZNSt13unordered_mapINSt7__cxx1112basic_stringIcSt11char_traitsIcESaIcEEEiSt4hashIS5_ESt8equal_toIS5_ESaISt4pairIKS5_iEEED2Ev
                0x080022cc       0x54 build/Brizachord.o
                0x080022cc                std::unordered_map<std::__cxx11::basic_string<char, std::char_traits<char>, std::allocator<char> >, int, std::hash<std::__cxx11::basic_string<char, std::char_traits<char>, std::allocator<char> > >, std::equal_to<std::__cxx11::basic_string<char, std::char_traits<char>, std::allocator<char> > >, std::allocator<std::pair<std::__cxx11::basic_string<char, std::char_traits<char>, std::allocator<char> > const, int> > >::~unordered_map()
                0x080022cc                std::unordered_map<std::__cxx11::basic_string<char, std::char_traits<char>, std::allocator<char> >, int, std::hash<std::__cxx11::basic_string<char, std::char_traits<char>, std::allocator<char> > >, std::equal_to<std::__cxx11::basic_string<char, std::char_traits<char>, std::allocator<char> > >, std::allocator<std::pair<std::__cxx11::basic_string<char, std::char_traits<char>, std::allocator<char> > const, int> > >::~unordered_map()
 .text._ZN9SequencerD2Ev
                0x08002320       0x90 build/Brizachord.o
                0x08002320                Sequencer::~Sequencer()
                0x08002320                Sequencer::~Sequencer()
 .text._ZN9GPIOState4initEv
                0x080023b0      0x268 build/Brizachord.o
                0x080023b0                GPIOState::init()
 .text._ZN10Brizachord14poll_trill_barEv
                0x08002618       0x88 build/Brizachord.o
                0x08002618                Brizachord::poll_trill_bar()
 .text._ZN10Brizachord9poll_potsEv
                0x080026a0      0x178 build/Brizachord.o
                0x080026a0                Brizachord::poll_pots()
 .text._ZNKSt10_HashtableINSt7__cxx1112basic_stringIcSt11char_traitsIcESaIcEEESt4pairIKS5_iESaIS8_ENSt8__detail10_Select1stESt8equal_toIS5_ESt4hashIS5_ENSA_18_Mod_range_hashingENSA_20_Default_ranged_hashENSA_20_Prime_rehash_policyENSA_17_Hashtable_traitsILb1ELb0ELb1EEEE19_M_find_before_nodeEjRS7_j
                0x08002818       0x68 build/Brizachord.o
                0x08002818                std::_Hashtable<std::__cxx11::basic_string<char, std::char_traits<char>, std::allocator<char> >, std::pair<std::__cxx11::basic_string<char, std::char_traits<char>, std::allocator<char> > const, int>, std::allocator<std::pair<std::__cxx11::basic_string<char, std::char_traits<char>, std::allocator<char> > const, int> >, std::__detail::_Select1st, std::equal_to<std::__cxx11::basic_string<char, std::char_traits<char>, std::allocator<char> > >, std::hash<std::__cxx11::basic_string<char, std::char_traits<char>, std::allocator<char> > >, std::__detail::_Mod_range_hashing, std::__detail::_Default_ranged_hash, std::__detail::_Prime_rehash_policy, std::__detail::_Hashtable_traits<true, false, true> >::_M_find_before_node(unsigned int, std::__cxx11::basic_string<char, std::char_traits<char>, std::allocator<char> > const&, unsigned int) const
 .text._ZNSt10_HashtableINSt7__cxx1112basic_stringIcSt11char_traitsIcESaIcEEESt4pairIKS5_iESaIS8_ENSt8__detail10_Select1stESt8equal_toIS5_ESt4hashIS5_ENSA_18_Mod_range_hashingENSA_20_Default_ranged_hashENSA_20_Prime_rehash_policyENSA_17_Hashtable_traitsILb1ELb0ELb1EEEEC2IPKS8_EET_SP_jRKSF_RKSG_RKSH_RKSD_RKSB_RKS9_
                0x08002880      0x278 build/Brizachord.o
                0x08002880                std::_Hashtable<std::__cxx11::basic_string<char, std::char_traits<char>, std::allocator<char> >, std::pair<std::__cxx11::basic_string<char, std::char_traits<char>, std::allocator<char> > const, int>, std::allocator<std::pair<std::__cxx11::basic_string<char, std::char_traits<char>, std::allocator<char> > const, int> >, std::__detail::_Select1st, std::equal_to<std::__cxx11::basic_string<char, std::char_traits<char>, std::allocator<char> > >, std::hash<std::__cxx11::basic_string<char, std::char_traits<char>, std::allocator<char> > >, std::__detail::_Mod_range_hashing, std::__detail::_Default_ranged_hash, std::__detail::_Prime_rehash_policy, std::__detail::_Hashtable_traits<true, false, true> >::_Hashtable<std::pair<std::__cxx11::basic_string<char, std::char_traits<char>, std::allocator<char> > const, int> const*>(std::pair<std::__cxx11::basic_string<char, std::char_traits<char>, std::allocator<char> > const, int> const*, std::pair<std::__cxx11::basic_string<char, std::char_traits<char>, std::allocator<char> > const, int> const*, unsigned int, std::hash<std::__cxx11::basic_string<char, std::char_traits<char>, std::allocator<char> > > const&, std::__detail::_Mod_range_hashing const&, std::__detail::_Default_ranged_hash const&, std::equal_to<std::__cxx11::basic_string<char, std::char_traits<char>, std::allocator<char> > > const&, std::__detail::_Select1st const&, std::allocator<std::pair<std::__cxx11::basic_string<char, std::char_traits<char>, std::allocator<char> > const, int> > const&)
                0x08002880                std::_Hashtable<std::__cxx11::basic_string<char, std::char_traits<char>, std::allocator<char> >, std::pair<std::__cxx11::basic_string<char, std::char_traits<char>, std::allocator<char> > const, int>, std::allocator<std::pair<std::__cxx11::basic_string<char, std::char_traits<char>, std::allocator<char> > const, int> >, std::__detail::_Select1st, std::equal_to<std::__cxx11::basic_string<char, std::char_traits<char>, std::allocator<char> > >, std::hash<std::__cxx11::basic_string<char, std::char_traits<char>, std::allocator<char> > >, std::__detail::_Mod_range_hashing, std::__detail::_Default_ranged_hash, std::__detail::_Prime_rehash_policy, std::__detail::_Hashtable_traits<true, false, true> >::_Hashtable<std::pair<std::__cxx11::basic_string<char, std::char_traits<char>, std::allocator<char> > const, int> const*>(std::pair<std::__cxx11::basic_string<char, std::char_traits<char>, std::allocator<char> > const, int> const*, std::pair<std::__cxx11::basic_string<char, std::char_traits<char>, std::allocator<char> > const, int> const*, unsigned int, std::hash<std::__cxx11::basic_string<char, std::char_traits<char>, std::allocator<char> > > const&, std::__detail::_Mod_range_hashing const&, std::__detail::_Default_ranged_hash const&, std::equal_to<std::__cxx11::basic_string<char, std::char_traits<char>, std::allocator<char> > > const&, std::__detail::_Select1st const&, std::allocator<std::pair<std::__cxx11::basic_string<char, std::char_traits<char>, std::allocator<char> > const, int> > const&)
 .text._Z17note_name_to_midiRKNSt7__cxx1112basic_stringIcSt11char_traitsIcESaIcEEE
                0x08002af8      0x1f4 build/Brizachord.o
                0x08002af8                note_name_to_midi(std::__cxx11::basic_string<char, std::char_traits<char>, std::allocator<char> > const&)
 .text._Z13chord_to_midi5Chord
                0x08002cec      0x2d0 build/Brizachord.o
                0x08002cec                chord_to_midi(Chord)
 .text._ZN10BrizachordC2Ev
                0x08002fbc      0x578 build/Brizachord.o
                0x08002fbc                Brizachord::Brizachord()
                0x08002fbc                Brizachord::Brizachord()
 .text._ZN10Brizachord15poll_chord_rootEv
                0x08003534      0x388 build/Brizachord.o
                0x08003534                Brizachord::poll_chord_root()
 .text._ZN10Brizachord15poll_chord_qualEv
                0x080038bc      0x240 build/Brizachord.o
                0x080038bc                Brizachord::poll_chord_qual()
 .text._ZN10Brizachord14poll_chord_extEv
                0x08003afc      0x240 build/Brizachord.o
                0x08003afc                Brizachord::poll_chord_ext()
 .text._ZN10Brizachord9main_loopEv
                0x08003d3c      0x14c build/Brizachord.o
                0x08003d3c                Brizachord::main_loop()
 .text._ZN10BrizachordD2Ev
                0x08003e88       0x4c build/Brizachord.o
                0x08003e88                Brizachord::~Brizachord()
                0x08003e88                Brizachord::~Brizachord()
 .text._ZN5daisy9DaisySeed9ConfigureEv
                0x08003ed4        0x4 ../../libDaisy//build\libdaisy.a(daisy_seed.o)
                0x08003ed4                daisy::DaisySeed::Configure()
 .text._ZN5daisy9DaisySeed6GetPinEh
                0x08003ed8       0x2c ../../libDaisy//build\libdaisy.a(daisy_seed.o)
                0x08003ed8                daisy::DaisySeed::GetPin(unsigned char)
 .text._ZN5daisy9DaisySeed10StartAudioEPFvPKPKfPPfjE
                0x08003f04        0x8 ../../libDaisy//build\libdaisy.a(daisy_seed.o)
                0x08003f04                daisy::DaisySeed::StartAudio(void (*)(float const* const*, float**, unsigned int))
 .text._ZN5daisy9DaisySeed18SetAudioSampleRateENS_9SaiHandle6Config10SampleRateE
                0x08003f0c       0x38 ../../libDaisy//build\libdaisy.a(daisy_seed.o)
                0x08003f0c                daisy::DaisySeed::SetAudioSampleRate(daisy::SaiHandle::Config::SampleRate)
 .text._ZN5daisy9DaisySeed17SetAudioBlockSizeEj
                0x08003f44       0x38 ../../libDaisy//build\libdaisy.a(daisy_seed.o)
                0x08003f44                daisy::DaisySeed::SetAudioBlockSize(unsigned int)
 .text._ZN5daisy9DaisySeed6SetLedEb
                0x08003f7c        0x8 ../../libDaisy//build\libdaisy.a(daisy_seed.o)
                0x08003f7c                daisy::DaisySeed::SetLed(bool)
 .text._ZN5daisy9DaisySeed17CheckBoardVersionEv
                0x08003f84       0x6c ../../libDaisy//build\libdaisy.a(daisy_seed.o)
                0x08003f84                daisy::DaisySeed::CheckBoardVersion()
 .text._ZN5daisy9DaisySeed14ConfigureAudioEv
                0x08003ff0      0x110 ../../libDaisy//build\libdaisy.a(daisy_seed.o)
                0x08003ff0                daisy::DaisySeed::ConfigureAudio()
 .text._ZN5daisy9DaisySeed4InitEb
                0x08004100      0x104 ../../libDaisy//build\libdaisy.a(daisy_seed.o)
                0x08004100                daisy::DaisySeed::Init(bool)
 .text._ZN5daisy6Ak45564InitENS_3PinE
                0x08004204       0x44 ../../libDaisy//build\libdaisy.a(codec_ak4556.o)
                0x08004204                daisy::Ak4556::Init(daisy::Pin)
 .text._ZN5daisy6Wm873120WriteControlRegisterEht
                0x08004248       0x3c ../../libDaisy//build\libdaisy.a(codec_wm8731.o)
                0x08004248                daisy::Wm8731::WriteControlRegister(unsigned char, unsigned short)
 .text._ZN5daisy6Wm87314InitERKNS0_6ConfigENS_9I2CHandleE
                0x08004284      0x1bc ../../libDaisy//build\libdaisy.a(codec_wm8731.o)
                0x08004284                daisy::Wm8731::Init(daisy::Wm8731::Config const&, daisy::I2CHandle)
 .text._ZN11SdramHandle10DeviceInitEv
                0x08004440       0x98 ../../libDaisy//build\libdaisy.a(sdram.o)
                0x08004440                SdramHandle::DeviceInit()
 .text._ZN11SdramHandle4InitEv
                0x080044d8       0x7c ../../libDaisy//build\libdaisy.a(sdram.o)
                0x080044d8                SdramHandle::Init()
 .text.HAL_SDRAM_MspInit
                0x08004554      0x1a8 ../../libDaisy//build\libdaisy.a(sdram.o)
                0x08004554                HAL_SDRAM_MspInit
 .text._ZN5daisy11AudioHandle4Impl16InternalCallbackEPlS2_j
                0x080046fc      0xbbc ../../libDaisy//build\libdaisy.a(audio.o)
                0x080046fc                daisy::AudioHandle::Impl::InternalCallback(long*, long*, unsigned int)
 .text._ZN5daisy11AudioHandle4InitERKNS0_6ConfigENS_9SaiHandleE
                0x080052b8       0x70 ../../libDaisy//build\libdaisy.a(audio.o)
                0x080052b8                daisy::AudioHandle::Init(daisy::AudioHandle::Config const&, daisy::SaiHandle)
 .text._ZNK5daisy11AudioHandle9GetConfigEv
                0x08005328        0x8 ../../libDaisy//build\libdaisy.a(audio.o)
                0x08005328                daisy::AudioHandle::GetConfig() const
 .text._ZN5daisy11AudioHandle12SetBlockSizeEj
                0x08005330       0x1c ../../libDaisy//build\libdaisy.a(audio.o)
                0x08005330                daisy::AudioHandle::SetBlockSize(unsigned int)
 .text._ZN5daisy11AudioHandle13GetSampleRateEv
                0x0800534c        0x8 ../../libDaisy//build\libdaisy.a(audio.o)
                0x0800534c                daisy::AudioHandle::GetSampleRate()
 .text._ZN5daisy11AudioHandle13SetSampleRateENS_9SaiHandle6Config10SampleRateE
                0x08005354       0xa8 ../../libDaisy//build\libdaisy.a(audio.o)
                0x08005354                daisy::AudioHandle::SetSampleRate(daisy::SaiHandle::Config::SampleRate)
 .text._ZN5daisy11AudioHandle5StartEPFvPKPKfPPfjE
                0x080053fc       0x44 ../../libDaisy//build\libdaisy.a(audio.o)
                0x080053fc                daisy::AudioHandle::Start(void (*)(float const* const*, float**, unsigned int))
 .text.startup._GLOBAL__sub_I__ZN5daisy11AudioHandle4Impl4InitENS0_6ConfigENS_9SaiHandleE
                0x08005440       0x24 ../../libDaisy//build\libdaisy.a(audio.o)
 .text._ZN5daisy6Switch4InitENS_3PinEfNS0_4TypeENS0_8PolarityENS_4GPIO4PullE
                0x08005464       0x40 ../../libDaisy//build\libdaisy.a(switch.o)
                0x08005464                daisy::Switch::Init(daisy::Pin, float, daisy::Switch::Type, daisy::Switch::Polarity, daisy::GPIO::Pull)
 .text._ZN5daisy6Switch8DebounceEv
                0x080054a4       0x54 ../../libDaisy//build\libdaisy.a(switch.o)
                0x080054a4                daisy::Switch::Debounce()
 .text._ZN5daisy16AdcChannelConfig10InitSingleENS_3PinENS0_15ConversionSpeedE
                0x080054f8       0x20 ../../libDaisy//build\libdaisy.a(adc.o)
                0x080054f8                daisy::AdcChannelConfig::InitSingle(daisy::Pin, daisy::AdcChannelConfig::ConversionSpeed)
 .text._ZN5daisy9AdcHandle4InitEPNS_16AdcChannelConfigEjNS0_12OverSamplingE
                0x08005518      0x410 ../../libDaisy//build\libdaisy.a(adc.o)
                0x08005518                daisy::AdcHandle::Init(daisy::AdcChannelConfig*, unsigned int, daisy::AdcHandle::OverSampling)
 .text._ZN5daisy9AdcHandle5StartEv
                0x08005928       0x2c ../../libDaisy//build\libdaisy.a(adc.o)
                0x08005928                daisy::AdcHandle::Start()
 .text._ZNK5daisy9AdcHandle8GetFloatEh
                0x08005954       0x20 ../../libDaisy//build\libdaisy.a(adc.o)
                0x08005954                daisy::AdcHandle::GetFloat(unsigned char) const
 .text.HAL_ADC_MspInit
                0x08005974       0xa4 ../../libDaisy//build\libdaisy.a(adc.o)
                0x08005974                HAL_ADC_MspInit
 .text.DMA1_Stream2_IRQHandler
                0x08005a18        0xc ../../libDaisy//build\libdaisy.a(adc.o)
                0x08005a18                DMA1_Stream2_IRQHandler
 .text.HAL_ADC_ConvCpltCallback
                0x08005a24      0x15c ../../libDaisy//build\libdaisy.a(adc.o)
                0x08005a24                HAL_ADC_ConvCpltCallback
 .text.HAL_ADC_ErrorCallback
                0x08005b80        0x4 ../../libDaisy//build\libdaisy.a(adc.o)
                0x08005b80                HAL_ADC_ErrorCallback
 .text.startup._GLOBAL__sub_I__ZN5daisy16AdcChannelConfig10InitSingleENS_3PinENS0_15ConversionSpeedE
                0x08005b84       0x38 ../../libDaisy//build\libdaisy.a(adc.o)
 .text._ZN5daisy4GPIO4InitERKNS0_6ConfigE
                0x08005bbc      0x1cc ../../libDaisy//build\libdaisy.a(gpio.o)
                0x08005bbc                daisy::GPIO::Init(daisy::GPIO::Config const&)
 .text._ZN5daisy4GPIO4InitEv
                0x08005d88      0x1bc ../../libDaisy//build\libdaisy.a(gpio.o)
                0x08005d88                daisy::GPIO::Init()
 .text._ZN5daisy4GPIO4InitENS_3PinENS0_4ModeENS0_4PullENS0_5SpeedE
                0x08005f44      0x1cc ../../libDaisy//build\libdaisy.a(gpio.o)
                0x08005f44                daisy::GPIO::Init(daisy::Pin, daisy::GPIO::Mode, daisy::GPIO::Pull, daisy::GPIO::Speed)
 .text._ZN5daisy4GPIO4ReadEv
                0x08006110       0x18 ../../libDaisy//build\libdaisy.a(gpio.o)
                0x08006110                daisy::GPIO::Read()
 .text._ZN5daisy4GPIO5WriteEb
                0x08006128       0x14 ../../libDaisy//build\libdaisy.a(gpio.o)
                0x08006128                daisy::GPIO::Write(bool)
 .text._ZN5daisy9I2CHandle4Impl8InitPinsEv
                0x0800613c       0x70 ../../libDaisy//build\libdaisy.a(i2c.o)
                0x0800613c                daisy::I2CHandle::Impl::InitPins()
 .text.HAL_I2C_MspInit
                0x080061ac      0x1b4 ../../libDaisy//build\libdaisy.a(i2c.o)
                0x080061ac                HAL_I2C_MspInit
 .text.dsy_i2c_global_init
                0x08006360       0x78 ../../libDaisy//build\libdaisy.a(i2c.o)
                0x08006360                dsy_i2c_global_init
 .text.DMA1_Stream6_IRQHandler
                0x080063d8       0x34 ../../libDaisy//build\libdaisy.a(i2c.o)
                0x080063d8                DMA1_Stream6_IRQHandler
 .text.I2C1_EV_IRQHandler
                0x0800640c        0xc ../../libDaisy//build\libdaisy.a(i2c.o)
                0x0800640c                I2C1_EV_IRQHandler
 .text.I2C2_EV_IRQHandler
                0x08006418        0xc ../../libDaisy//build\libdaisy.a(i2c.o)
                0x08006418                I2C2_EV_IRQHandler
 .text.I2C3_EV_IRQHandler
                0x08006424        0xc ../../libDaisy//build\libdaisy.a(i2c.o)
                0x08006424                I2C3_EV_IRQHandler
 .text._ZN5daisy9I2CHandle4InitERKNS0_6ConfigE
                0x08006430      0x130 ../../libDaisy//build\libdaisy.a(i2c.o)
                0x08006430                daisy::I2CHandle::Init(daisy::I2CHandle::Config const&)
 .text._ZN5daisy9I2CHandle16TransmitBlockingEtPhtm
                0x08006560       0x50 ../../libDaisy//build\libdaisy.a(i2c.o)
                0x08006560                daisy::I2CHandle::TransmitBlocking(unsigned short, unsigned char*, unsigned short, unsigned long)
 .text._ZN5daisy9I2CHandle15ReceiveBlockingEtPhtm
                0x080065b0       0x50 ../../libDaisy//build\libdaisy.a(i2c.o)
                0x080065b0                daisy::I2CHandle::ReceiveBlocking(unsigned short, unsigned char*, unsigned short, unsigned long)
 .text.startup._GLOBAL__sub_I__ZN5daisy9I2CHandle4Impl10GlobalInitEv
                0x08006600       0x2c ../../libDaisy//build\libdaisy.a(i2c.o)
 .text._ZN5daisy10QSPIHandle4Impl11WriteEnableEv
                0x0800662c       0x8c ../../libDaisy//build\libdaisy.a(qspi.o)
                0x0800662c                daisy::QSPIHandle::Impl::WriteEnable()
 .text._ZN5daisy10QSPIHandle4Impl17DummyCyclesConfigENS0_6Config6DeviceE
                0x080066b8      0x118 ../../libDaisy//build\libdaisy.a(qspi.o)
                0x080066b8                daisy::QSPIHandle::Impl::DummyCyclesConfig(daisy::QSPIHandle::Config::Device)
 .text._ZN5daisy10QSPIHandle4Impl10QuadEnableEv
                0x080067d0      0x158 ../../libDaisy//build\libdaisy.a(qspi.o)
                0x080067d0                daisy::QSPIHandle::Impl::QuadEnable()
 .text._ZN5daisy10QSPIHandle4InitERKNS0_6ConfigE
                0x08006928      0x18c ../../libDaisy//build\libdaisy.a(qspi.o)
                0x08006928                daisy::QSPIHandle::Init(daisy::QSPIHandle::Config const&)
 .text.HAL_QSPI_MspInit
                0x08006ab4      0x114 ../../libDaisy//build\libdaisy.a(qspi.o)
                0x08006ab4                HAL_QSPI_MspInit
 .text.HAL_QSPI_MspDeInit
                0x08006bc8       0x60 ../../libDaisy//build\libdaisy.a(qspi.o)
                0x08006bc8                HAL_QSPI_MspDeInit
 .text.QUADSPI_IRQHandler
                0x08006c28        0xc ../../libDaisy//build\libdaisy.a(qspi.o)
                0x08006c28                QUADSPI_IRQHandler
 .text.startup._GLOBAL__sub_I__ZN5daisy10QSPIHandle4Impl4InitERKNS0_6ConfigE
                0x08006c34       0x34 ../../libDaisy//build\libdaisy.a(qspi.o)
 .text._ZN5daisy9SaiHandle4Impl7InitDmaENS1_15PeripheralBlockE
                0x08006c68       0xa0 ../../libDaisy//build\libdaisy.a(sai.o)
                0x08006c68                daisy::SaiHandle::Impl::InitDma(daisy::SaiHandle::Impl::PeripheralBlock)
 .text._ZN5daisy9SaiHandle4Impl8InitPinsEv
                0x08006d08       0xbc ../../libDaisy//build\libdaisy.a(sai.o)
                0x08006d08                daisy::SaiHandle::Impl::InitPins()
 .text.HAL_SAI_MspInit
                0x08006dc4      0x164 ../../libDaisy//build\libdaisy.a(sai.o)
                0x08006dc4                HAL_SAI_MspInit
 .text.DMA1_Stream0_IRQHandler
                0x08006f28        0xc ../../libDaisy//build\libdaisy.a(sai.o)
                0x08006f28                DMA1_Stream0_IRQHandler
 .text.DMA1_Stream1_IRQHandler
                0x08006f34        0xc ../../libDaisy//build\libdaisy.a(sai.o)
                0x08006f34                DMA1_Stream1_IRQHandler
 .text.DMA1_Stream3_IRQHandler
                0x08006f40        0xc ../../libDaisy//build\libdaisy.a(sai.o)
                0x08006f40                DMA1_Stream3_IRQHandler
 .text.DMA1_Stream4_IRQHandler
                0x08006f4c        0xc ../../libDaisy//build\libdaisy.a(sai.o)
                0x08006f4c                DMA1_Stream4_IRQHandler
 .text.HAL_SAI_RxHalfCpltCallback
                0x08006f58       0x78 ../../libDaisy//build\libdaisy.a(sai.o)
                0x08006f58                HAL_SAI_RxHalfCpltCallback
 .text.HAL_SAI_RxCpltCallback
                0x08006fd0       0x70 ../../libDaisy//build\libdaisy.a(sai.o)
                0x08006fd0                HAL_SAI_RxCpltCallback
 .text._ZN5daisy9SaiHandle4InitERKNS0_6ConfigE
                0x08007040      0x1f0 ../../libDaisy//build\libdaisy.a(sai.o)
                0x08007040                daisy::SaiHandle::Init(daisy::SaiHandle::Config const&)
 .text._ZNK5daisy9SaiHandle9GetConfigEv
                0x08007230        0x4 ../../libDaisy//build\libdaisy.a(sai.o)
                0x08007230                daisy::SaiHandle::GetConfig() const
 .text._ZN5daisy9SaiHandle8StartDmaEPlS1_jPFvS1_S1_jE
                0x08007234       0xbc ../../libDaisy//build\libdaisy.a(sai.o)
                0x08007234                daisy::SaiHandle::StartDma(long*, long*, unsigned int, void (*)(long*, long*, unsigned int))
 .text._ZN5daisy9SaiHandle13GetSampleRateEv
                0x080072f0       0x24 ../../libDaisy//build\libdaisy.a(sai.o)
                0x080072f0                daisy::SaiHandle::GetSampleRate()
 .text._ZNK5daisy9SaiHandle9GetOffsetEv
                0x08007314        0x8 ../../libDaisy//build\libdaisy.a(sai.o)
                0x08007314                daisy::SaiHandle::GetOffset() const
 .text.startup._GLOBAL__sub_I__ZN5daisy9SaiHandle4Impl4InitERKNS0_6ConfigE
                0x0800731c       0x20 ../../libDaisy//build\libdaisy.a(sai.o)
 .text._ZN5daisy11TimerHandleD2Ev
                0x0800733c        0x4 ../../libDaisy//build\libdaisy.a(system.o)
                0x0800733c                daisy::TimerHandle::~TimerHandle()
                0x0800733c                daisy::TimerHandle::~TimerHandle()
 .text.SysTick_Handler
                0x08007340       0x10 ../../libDaisy//build\libdaisy.a(system.o)
                0x08007340                SysTick_Handler
 .text.OTG_HS_EP1_OUT_IRQHandler
                0x08007350       0x24 ../../libDaisy//build\libdaisy.a(system.o)
                0x08007350                OTG_HS_EP1_OUT_IRQHandler
 .text.OTG_HS_EP1_IN_IRQHandler
                0x08007374       0x24 ../../libDaisy//build\libdaisy.a(system.o)
                0x08007374                OTG_HS_EP1_IN_IRQHandler
 .text.OTG_HS_IRQHandler
                0x08007398       0x24 ../../libDaisy//build\libdaisy.a(system.o)
                0x08007398                OTG_HS_IRQHandler
 .text.HardFault_Handler
                0x080073bc       0xe0 ../../libDaisy//build\libdaisy.a(system.o)
                0x080073bc                HardFault_Handler
 .text._ZN5daisy6System6GetNowEv
                0x0800749c        0x4 ../../libDaisy//build\libdaisy.a(system.o)
                0x0800749c                daisy::System::GetNow()
 .text._ZN5daisy6System5DelayEm
                0x080074a0        0x4 ../../libDaisy//build\libdaisy.a(system.o)
                0x080074a0                daisy::System::Delay(unsigned long)
 .text._ZN5daisy6System20GetBootloaderVersionEv
                0x080074a4       0x34 ../../libDaisy//build\libdaisy.a(system.o)
                0x080074a4                daisy::System::GetBootloaderVersion()
 .text._ZN5daisy6System15ConfigureClocksEv
                0x080074d8      0x1a4 ../../libDaisy//build\libdaisy.a(system.o)
                0x080074d8                daisy::System::ConfigureClocks()
 .text._ZN5daisy6System12ConfigureMpuEv
                0x0800767c       0x7c ../../libDaisy//build\libdaisy.a(system.o)
                0x0800767c                daisy::System::ConfigureMpu()
 .text._ZN5daisy6System4InitERKNS0_6ConfigE
                0x080076f8       0xf8 ../../libDaisy//build\libdaisy.a(system.o)
                0x080076f8                daisy::System::Init(daisy::System::Config const&)
 .text._ZN5daisy6System12GetPClk1FreqEv
                0x080077f0        0x4 ../../libDaisy//build\libdaisy.a(system.o)
                0x080077f0                daisy::System::GetPClk1Freq()
 .text._ZN5daisy6System22GetProgramMemoryRegionEv
                0x080077f4       0x78 ../../libDaisy//build\libdaisy.a(system.o)
                0x080077f4                daisy::System::GetProgramMemoryRegion()
 .text.startup._GLOBAL__sub_I__ZN5daisy9boot_infoE
                0x0800786c       0x1c ../../libDaisy//build\libdaisy.a(system.o)
 .text.SystemInit
                0x08007888       0x9c ../../libDaisy//build\libdaisy.a(system_stm32h7xx.o)
                0x08007888                SystemInit
 .text.HAL_PCD_SetupStageCallback
                0x08007924        0xc ../../libDaisy//build\libdaisy.a(usbd_conf.o)
                0x08007924                HAL_PCD_SetupStageCallback
 .text.HAL_PCD_DataOutStageCallback
                0x08007930       0x14 ../../libDaisy//build\libdaisy.a(usbd_conf.o)
                0x08007930                HAL_PCD_DataOutStageCallback
 .text.HAL_PCD_DataInStageCallback
                0x08007944       0x14 ../../libDaisy//build\libdaisy.a(usbd_conf.o)
                0x08007944                HAL_PCD_DataInStageCallback
 .text.HAL_PCD_SOFCallback
                0x08007958        0x8 ../../libDaisy//build\libdaisy.a(usbd_conf.o)
                0x08007958                HAL_PCD_SOFCallback
 .text.HAL_PCD_ResetCallback
                0x08007960       0x24 ../../libDaisy//build\libdaisy.a(usbd_conf.o)
                0x08007960                HAL_PCD_ResetCallback
 .text.HAL_PCD_SuspendCallback
                0x08007984       0x30 ../../libDaisy//build\libdaisy.a(usbd_conf.o)
                0x08007984                HAL_PCD_SuspendCallback
 .text.HAL_PCD_ResumeCallback
                0x080079b4        0x8 ../../libDaisy//build\libdaisy.a(usbd_conf.o)
                0x080079b4                HAL_PCD_ResumeCallback
 .text.HAL_PCD_ISOOUTIncompleteCallback
                0x080079bc        0x8 ../../libDaisy//build\libdaisy.a(usbd_conf.o)
                0x080079bc                HAL_PCD_ISOOUTIncompleteCallback
 .text.HAL_PCD_ISOINIncompleteCallback
                0x080079c4        0x8 ../../libDaisy//build\libdaisy.a(usbd_conf.o)
                0x080079c4                HAL_PCD_ISOINIncompleteCallback
 .text.HAL_PCD_ConnectCallback
                0x080079cc        0x8 ../../libDaisy//build\libdaisy.a(usbd_conf.o)
                0x080079cc                HAL_PCD_ConnectCallback
 .text.HAL_PCD_DisconnectCallback
                0x080079d4        0x8 ../../libDaisy//build\libdaisy.a(usbd_conf.o)
                0x080079d4                HAL_PCD_DisconnectCallback
 .text.USBD_LL_OpenEP
                0x080079dc       0x24 ../../libDaisy//build\libdaisy.a(usbd_conf.o)
                0x080079dc                USBD_LL_OpenEP
 .text.USBD_LL_StallEP
                0x08007a00       0x1c ../../libDaisy//build\libdaisy.a(usbd_conf.o)
                0x08007a00                USBD_LL_StallEP
 .text.USBD_LL_ClearStallEP
                0x08007a1c       0x1c ../../libDaisy//build\libdaisy.a(usbd_conf.o)
                0x08007a1c                USBD_LL_ClearStallEP
 .text.USBD_LL_IsStallEP
                0x08007a38       0x28 ../../libDaisy//build\libdaisy.a(usbd_conf.o)
                0x08007a38                USBD_LL_IsStallEP
 .text.USBD_LL_SetUSBAddress
                0x08007a60       0x1c ../../libDaisy//build\libdaisy.a(usbd_conf.o)
                0x08007a60                USBD_LL_SetUSBAddress
 .text.USBD_LL_Transmit
                0x08007a7c       0x1c ../../libDaisy//build\libdaisy.a(usbd_conf.o)
                0x08007a7c                USBD_LL_Transmit
 .text.USBD_LL_PrepareReceive
                0x08007a98       0x1c ../../libDaisy//build\libdaisy.a(usbd_conf.o)
                0x08007a98                USBD_LL_PrepareReceive
 .text.HAL_HCD_SOF_Callback
                0x08007ab4        0x8 ../../libDaisy//build\libdaisy.a(usbh_conf.o)
                0x08007ab4                HAL_HCD_SOF_Callback
 .text.HAL_HCD_Connect_Callback
                0x08007abc        0x8 ../../libDaisy//build\libdaisy.a(usbh_conf.o)
                0x08007abc                HAL_HCD_Connect_Callback
 .text.HAL_HCD_Disconnect_Callback
                0x08007ac4        0x8 ../../libDaisy//build\libdaisy.a(usbh_conf.o)
                0x08007ac4                HAL_HCD_Disconnect_Callback
 .text.HAL_HCD_HC_NotifyURBChange_Callback
                0x08007acc        0x4 ../../libDaisy//build\libdaisy.a(usbh_conf.o)
                0x08007acc                HAL_HCD_HC_NotifyURBChange_Callback
 .text.HAL_HCD_PortEnabled_Callback
                0x08007ad0        0x8 ../../libDaisy//build\libdaisy.a(usbh_conf.o)
                0x08007ad0                HAL_HCD_PortEnabled_Callback
 .text.HAL_HCD_PortDisabled_Callback
                0x08007ad8        0x8 ../../libDaisy//build\libdaisy.a(usbh_conf.o)
                0x08007ad8                HAL_HCD_PortDisabled_Callback
 .text.USBH_LL_Stop
                0x08007ae0       0x1c ../../libDaisy//build\libdaisy.a(usbh_conf.o)
                0x08007ae0                USBH_LL_Stop
 .text._ZN5TrillD2Ev
                0x08007afc       0x28 ../../libDaisy//build\libdaisy.a(Trill.o)
                0x08007afc                Trill::~Trill()
                0x08007afc                Trill::~Trill()
 .text._ZNSt6vectorI21trillRescaleFactors_tSaIS0_EED2Ev
                0x08007b24       0x14 ../../libDaisy//build\libdaisy.a(Trill.o)
                0x08007b24                std::vector<trillRescaleFactors_t, std::allocator<trillRescaleFactors_t> >::~vector()
                0x08007b24                std::vector<trillRescaleFactors_t, std::allocator<trillRescaleFactors_t> >::~vector()
 .text._ZNSt7__cxx1112basic_stringIcSt11char_traitsIcESaIcEE12_M_constructIPcEEvT_S7_St20forward_iterator_tag.isra.0
                0x08007b38       0x68 ../../libDaisy//build\libdaisy.a(Trill.o)
 .text.startup._ZNSt7__cxx1112basic_stringIcSt11char_traitsIcESaIcEEC2EOS4_.isra.0
                0x08007ba0       0x40 ../../libDaisy//build\libdaisy.a(Trill.o)
 .text.startup._ZNSt7__cxx1112basic_stringIcSt11char_traitsIcESaIcEEC2EPKcRKS3_.isra.0
                0x08007be0       0x64 ../../libDaisy//build\libdaisy.a(Trill.o)
 .text._ZN5TrillD0Ev
                0x08007c44       0x30 ../../libDaisy//build\libdaisy.a(Trill.o)
                0x08007c44                Trill::~Trill()
 .text._ZNSt8_Rb_treeIN5Trill6DeviceESt4pairIKS1_13TrillDefaultsESt10_Select1stIS5_ESt4lessIS1_ESaIS5_EE8_M_eraseEPSt13_Rb_tree_nodeIS5_E.isra.0
                0x08007c74      0x228 ../../libDaisy//build\libdaisy.a(Trill.o)
 .text._ZNSt3mapIN5Trill6DeviceE13TrillDefaultsSt4lessIS1_ESaISt4pairIKS1_S2_EEED2Ev
                0x08007e9c       0x40 ../../libDaisy//build\libdaisy.a(Trill.o)
                0x08007e9c                std::map<Trill::Device, TrillDefaults, std::less<Trill::Device>, std::allocator<std::pair<Trill::Device const, TrillDefaults> > >::~map()
                0x08007e9c                std::map<Trill::Device, TrillDefaults, std::less<Trill::Device>, std::allocator<std::pair<Trill::Device const, TrillDefaults> > >::~map()
 .text._ZNSt8_Rb_treeIN5Trill4ModeESt4pairIKS1_NSt7__cxx1112basic_stringIcSt11char_traitsIcESaIcEEEESt10_Select1stISA_ESt4lessIS1_ESaISA_EE8_M_eraseEPSt13_Rb_tree_nodeISA_E.isra.0
                0x08007edc      0x228 ../../libDaisy//build\libdaisy.a(Trill.o)
 .text._ZNSt3mapIN5Trill4ModeENSt7__cxx1112basic_stringIcSt11char_traitsIcESaIcEEESt4lessIS1_ESaISt4pairIKS1_S7_EEED2Ev
                0x08008104       0x40 ../../libDaisy//build\libdaisy.a(Trill.o)
                0x08008104                std::map<Trill::Mode, std::__cxx11::basic_string<char, std::char_traits<char>, std::allocator<char> >, std::less<Trill::Mode>, std::allocator<std::pair<Trill::Mode const, std::__cxx11::basic_string<char, std::char_traits<char>, std::allocator<char> > > > >::~map()
                0x08008104                std::map<Trill::Mode, std::__cxx11::basic_string<char, std::char_traits<char>, std::allocator<char> >, std::less<Trill::Mode>, std::allocator<std::pair<Trill::Mode const, std::__cxx11::basic_string<char, std::char_traits<char>, std::allocator<char> > > > >::~map()
 .text._ZN5TrillC2Ev
                0x08008144       0x4c ../../libDaisy//build\libdaisy.a(Trill.o)
                0x08008144                Trill::Trill()
                0x08008144                Trill::Trill()
 .text._ZN5Trill13readBytesFromEhPhjPKc
                0x08008190       0xc4 ../../libDaisy//build\libdaisy.a(Trill.o)
                0x08008190                Trill::readBytesFrom(unsigned char, unsigned char*, unsigned int, char const*)
 .text._ZN5Trill10waitForAckEhPKc
                0x08008254      0x1f8 ../../libDaisy//build\libdaisy.a(Trill.o)
                0x08008254                Trill::waitForAck(unsigned char, char const*)
 .text._ZN5Trill21writeCommandAndHandleEPKhjPKc.constprop.0
                0x0800844c       0xb8 ../../libDaisy//build\libdaisy.a(Trill.o)
 .text._ZN5Trill21writeCommandAndHandleEPKhjPKc.constprop.1
                0x08008504       0xd8 ../../libDaisy//build\libdaisy.a(Trill.o)
 .text._ZN5Trill21writeCommandAndHandleEPKhjPKc.constprop.2
                0x080085dc       0xc8 ../../libDaisy//build\libdaisy.a(Trill.o)
 .text._ZN5Trill8identifyEv
                0x080086a4       0x90 ../../libDaisy//build\libdaisy.a(Trill.o)
                0x080086a4                Trill::identify()
 .text._ZN5Trill14setChannelMaskEm
                0x08008734       0xb4 ../../libDaisy//build\libdaisy.a(Trill.o)
                0x08008734                Trill::setChannelMask(unsigned long)
 .text._ZN5Trill12parseNewDataEb
                0x080087e8      0x208 ../../libDaisy//build\libdaisy.a(Trill.o)
                0x080087e8                Trill::parseNewData(bool)
 .text._ZN5Trill13getNumTouchesEv
                0x080089f0       0x14 ../../libDaisy//build\libdaisy.a(Trill.o)
                0x080089f0                Trill::getNumTouches()
 .text._ZN5Trill13touchLocationEh
                0x08008a04       0x48 ../../libDaisy//build\libdaisy.a(Trill.o)
                0x08008a04                Trill::touchLocation(unsigned char)
 .text._ZNSt3mapIN5Trill6DeviceE13TrillDefaultsSt4lessIS1_ESaISt4pairIKS1_S2_EEEC2ESt16initializer_listIS7_ERKS4_RKS8_
                0x08008a4c      0x160 ../../libDaisy//build\libdaisy.a(Trill.o)
                0x08008a4c                std::map<Trill::Device, TrillDefaults, std::less<Trill::Device>, std::allocator<std::pair<Trill::Device const, TrillDefaults> > >::map(std::initializer_list<std::pair<Trill::Device const, TrillDefaults> >, std::less<Trill::Device> const&, std::allocator<std::pair<Trill::Device const, TrillDefaults> > const&)
                0x08008a4c                std::map<Trill::Device, TrillDefaults, std::less<Trill::Device>, std::allocator<std::pair<Trill::Device const, TrillDefaults> > >::map(std::initializer_list<std::pair<Trill::Device const, TrillDefaults> >, std::less<Trill::Device> const&, std::allocator<std::pair<Trill::Device const, TrillDefaults> > const&)
 .text._ZNSt3mapIN5Trill4ModeENSt7__cxx1112basic_stringIcSt11char_traitsIcESaIcEEESt4lessIS1_ESaISt4pairIKS1_S7_EEEC2ESt16initializer_listISC_ERKS9_RKSD_
                0x08008bac      0x14c ../../libDaisy//build\libdaisy.a(Trill.o)
                0x08008bac                std::map<Trill::Mode, std::__cxx11::basic_string<char, std::char_traits<char>, std::allocator<char> >, std::less<Trill::Mode>, std::allocator<std::pair<Trill::Mode const, std::__cxx11::basic_string<char, std::char_traits<char>, std::allocator<char> > > > >::map(std::initializer_list<std::pair<Trill::Mode const, std::__cxx11::basic_string<char, std::char_traits<char>, std::allocator<char> > > >, std::less<Trill::Mode> const&, std::allocator<std::pair<Trill::Mode const, std::__cxx11::basic_string<char, std::char_traits<char>, std::allocator<char> > > > const&)
                0x08008bac                std::map<Trill::Mode, std::__cxx11::basic_string<char, std::char_traits<char>, std::allocator<char> >, std::less<Trill::Mode>, std::allocator<std::pair<Trill::Mode const, std::__cxx11::basic_string<char, std::char_traits<char>, std::allocator<char> > > > >::map(std::initializer_list<std::pair<Trill::Mode const, std::__cxx11::basic_string<char, std::char_traits<char>, std::allocator<char> > > >, std::less<Trill::Mode> const&, std::allocator<std::pair<Trill::Mode const, std::__cxx11::basic_string<char, std::char_traits<char>, std::allocator<char> > > > const&)
 .text.startup._Z41__static_initialization_and_destruction_0ii.constprop.0
                0x08008cf8      0x4d4 ../../libDaisy//build\libdaisy.a(Trill.o)
 .text._ZNSt6vectorIfSaIfEE17_M_default_appendEj
                0x080091cc       0xd8 ../../libDaisy//build\libdaisy.a(Trill.o)
                0x080091cc                std::vector<float, std::allocator<float> >::_M_default_append(unsigned int)
 .text._ZN5Trill5setupEjNS_6DeviceEh
                0x080092a4      0x580 ../../libDaisy//build\libdaisy.a(Trill.o)
                0x080092a4                Trill::setup(unsigned int, Trill::Device, unsigned char)
 .text._ZNSt6vectorIhSaIhEE17_M_default_appendEj
                0x08009824       0xb4 ../../libDaisy//build\libdaisy.a(Trill.o)
                0x08009824                std::vector<unsigned char, std::allocator<unsigned char> >::_M_default_append(unsigned int)
 .text._ZN5Trill7readI2CEb
                0x080098d8      0x12c ../../libDaisy//build\libdaisy.a(Trill.o)
                0x080098d8                Trill::readI2C(bool)
 .text.startup._GLOBAL__sub_I__ZN5Trill11speedValuesE
                0x08009a04        0x4 ../../libDaisy//build\libdaisy.a(Trill.o)
 .text.HAL_MspInit
                0x08009a08        0x4 ../../libDaisy//build\libdaisy.a(stm32h7xx_hal.o)
                0x08009a08                HAL_MspInit
 .text.HAL_InitTick
                0x08009a0c       0x4c ../../libDaisy//build\libdaisy.a(stm32h7xx_hal.o)
                0x08009a0c                HAL_InitTick
 .text.HAL_Init
                0x08009a58       0x60 ../../libDaisy//build\libdaisy.a(stm32h7xx_hal.o)
                0x08009a58                HAL_Init
 .text.HAL_IncTick
                0x08009ab8       0x18 ../../libDaisy//build\libdaisy.a(stm32h7xx_hal.o)
                0x08009ab8                HAL_IncTick
 .text.HAL_GetTick
                0x08009ad0        0xc ../../libDaisy//build\libdaisy.a(stm32h7xx_hal.o)
                0x08009ad0                HAL_GetTick
 .text.HAL_Delay
                0x08009adc       0x24 ../../libDaisy//build\libdaisy.a(stm32h7xx_hal.o)
                0x08009adc                HAL_Delay
 .text.HAL_GetREVID
                0x08009b00        0xc ../../libDaisy//build\libdaisy.a(stm32h7xx_hal.o)
                0x08009b00                HAL_GetREVID
 .text.HAL_ADC_ConvHalfCpltCallback
                0x08009b0c        0x4 ../../libDaisy//build\libdaisy.a(stm32h7xx_hal_adc.o)
                0x08009b0c                HAL_ADC_ConvHalfCpltCallback
 .text.ADC_DMAHalfConvCplt
                0x08009b10        0xc ../../libDaisy//build\libdaisy.a(stm32h7xx_hal_adc.o)
                0x08009b10                ADC_DMAHalfConvCplt
 .text.ADC_DMAConvCplt
                0x08009b1c       0x6c ../../libDaisy//build\libdaisy.a(stm32h7xx_hal_adc.o)
                0x08009b1c                ADC_DMAConvCplt
 .text.ADC_DMAError
                0x08009b88       0x1c ../../libDaisy//build\libdaisy.a(stm32h7xx_hal_adc.o)
                0x08009b88                ADC_DMAError
 .text.HAL_ADC_ConfigChannel
                0x08009ba4      0x440 ../../libDaisy//build\libdaisy.a(stm32h7xx_hal_adc.o)
                0x08009ba4                HAL_ADC_ConfigChannel
 .text.ADC_Enable
                0x08009fe4       0xac ../../libDaisy//build\libdaisy.a(stm32h7xx_hal_adc.o)
                0x08009fe4                ADC_Enable
 .text.HAL_ADC_Start_DMA
                0x0800a090      0x124 ../../libDaisy//build\libdaisy.a(stm32h7xx_hal_adc.o)
                0x0800a090                HAL_ADC_Start_DMA
 .text.ADC_Disable
                0x0800a1b4       0x74 ../../libDaisy//build\libdaisy.a(stm32h7xx_hal_adc.o)
                0x0800a1b4                ADC_Disable
 .text.ADC_ConfigureBoostMode
                0x0800a228      0x17c ../../libDaisy//build\libdaisy.a(stm32h7xx_hal_adc.o)
                0x0800a228                ADC_ConfigureBoostMode
 .text.HAL_ADC_Init
                0x0800a3a4      0x21c ../../libDaisy//build\libdaisy.a(stm32h7xx_hal_adc.o)
                0x0800a3a4                HAL_ADC_Init
 .text.HAL_ADCEx_Calibration_Start
                0x0800a5c0       0xa4 ../../libDaisy//build\libdaisy.a(stm32h7xx_hal_adc_ex.o)
                0x0800a5c0                HAL_ADCEx_Calibration_Start
 .text.HAL_ADCEx_MultiModeConfigChannel
                0x0800a664       0xd0 ../../libDaisy//build\libdaisy.a(stm32h7xx_hal_adc_ex.o)
                0x0800a664                HAL_ADCEx_MultiModeConfigChannel
 .text.HAL_NVIC_SetPriorityGrouping
                0x0800a734       0x24 ../../libDaisy//build\libdaisy.a(stm32h7xx_hal_cortex.o)
                0x0800a734                HAL_NVIC_SetPriorityGrouping
 .text.HAL_NVIC_SetPriority
                0x0800a758       0x7c ../../libDaisy//build\libdaisy.a(stm32h7xx_hal_cortex.o)
                0x0800a758                HAL_NVIC_SetPriority
 .text.HAL_NVIC_EnableIRQ
                0x0800a7d4       0x1c ../../libDaisy//build\libdaisy.a(stm32h7xx_hal_cortex.o)
                0x0800a7d4                HAL_NVIC_EnableIRQ
 .text.HAL_NVIC_DisableIRQ
                0x0800a7f0       0x28 ../../libDaisy//build\libdaisy.a(stm32h7xx_hal_cortex.o)
                0x0800a7f0                HAL_NVIC_DisableIRQ
 .text.HAL_SYSTICK_Config
                0x0800a818       0x2c ../../libDaisy//build\libdaisy.a(stm32h7xx_hal_cortex.o)
                0x0800a818                HAL_SYSTICK_Config
 .text.HAL_MPU_Disable
                0x0800a844       0x1c ../../libDaisy//build\libdaisy.a(stm32h7xx_hal_cortex.o)
                0x0800a844                HAL_MPU_Disable
 .text.HAL_MPU_Enable
                0x0800a860       0x20 ../../libDaisy//build\libdaisy.a(stm32h7xx_hal_cortex.o)
                0x0800a860                HAL_MPU_Enable
 .text.HAL_MPU_ConfigRegion
                0x0800a880       0x64 ../../libDaisy//build\libdaisy.a(stm32h7xx_hal_cortex.o)
                0x0800a880                HAL_MPU_ConfigRegion
 .text.HAL_SYSTICK_Callback
                0x0800a8e4        0x4 ../../libDaisy//build\libdaisy.a(stm32h7xx_hal_cortex.o)
                0x0800a8e4                HAL_SYSTICK_Callback
 .text.HAL_SYSTICK_IRQHandler
                0x0800a8e8        0x8 ../../libDaisy//build\libdaisy.a(stm32h7xx_hal_cortex.o)
                0x0800a8e8                HAL_SYSTICK_IRQHandler
 .text.DMA_CalcBaseAndBitshift
                0x0800a8f0       0xf4 ../../libDaisy//build\libdaisy.a(stm32h7xx_hal_dma.o)
 .text.DMA_CalcDMAMUXChannelBaseAndMask
                0x0800a9e4       0xd8 ../../libDaisy//build\libdaisy.a(stm32h7xx_hal_dma.o)
 .text.HAL_DMA_Init
                0x0800aabc      0x4dc ../../libDaisy//build\libdaisy.a(stm32h7xx_hal_dma.o)
                0x0800aabc                HAL_DMA_Init
 .text.HAL_DMA_Start_IT
                0x0800af98      0x344 ../../libDaisy//build\libdaisy.a(stm32h7xx_hal_dma.o)
                0x0800af98                HAL_DMA_Start_IT
 .text.HAL_DMA_Abort
                0x0800b2dc      0x2f0 ../../libDaisy//build\libdaisy.a(stm32h7xx_hal_dma.o)
                0x0800b2dc                HAL_DMA_Abort
 .text.HAL_DMA_Abort_IT
                0x0800b5cc      0x194 ../../libDaisy//build\libdaisy.a(stm32h7xx_hal_dma.o)
                0x0800b5cc                HAL_DMA_Abort_IT
 .text.HAL_DMA_IRQHandler
                0x0800b760      0x6a0 ../../libDaisy//build\libdaisy.a(stm32h7xx_hal_dma.o)
                0x0800b760                HAL_DMA_IRQHandler
 .text.HAL_DMA_GetError
                0x0800be00        0x4 ../../libDaisy//build\libdaisy.a(stm32h7xx_hal_dma.o)
                0x0800be00                HAL_DMA_GetError
 .text.HAL_GPIO_Init
                0x0800be04      0x274 ../../libDaisy//build\libdaisy.a(stm32h7xx_hal_gpio.o)
                0x0800be04                HAL_GPIO_Init
 .text.HAL_GPIO_DeInit
                0x0800c078      0x190 ../../libDaisy//build\libdaisy.a(stm32h7xx_hal_gpio.o)
                0x0800c078                HAL_GPIO_DeInit
 .text.HAL_GPIO_ReadPin
                0x0800c208        0xc ../../libDaisy//build\libdaisy.a(stm32h7xx_hal_gpio.o)
                0x0800c208                HAL_GPIO_ReadPin
 .text.HAL_GPIO_WritePin
                0x0800c214        0x8 ../../libDaisy//build\libdaisy.a(stm32h7xx_hal_gpio.o)
                0x0800c214                HAL_GPIO_WritePin
 .text.HAL_HCD_IRQHandler
                0x0800c21c      0x8f4 ../../libDaisy//build\libdaisy.a(stm32h7xx_hal_hcd.o)
                0x0800c21c                HAL_HCD_IRQHandler
 .text.HAL_HCD_Stop
                0x0800cb10       0x28 ../../libDaisy//build\libdaisy.a(stm32h7xx_hal_hcd.o)
                0x0800cb10                HAL_HCD_Stop
 .text.I2C_WaitOnRXNEFlagUntilTimeout
                0x0800cb38      0x1b4 ../../libDaisy//build\libdaisy.a(stm32h7xx_hal_i2c.o)
 .text.I2C_WaitOnTXISFlagUntilTimeout
                0x0800ccec      0x16c ../../libDaisy//build\libdaisy.a(stm32h7xx_hal_i2c.o)
 .text.I2C_WaitOnSTOPFlagUntilTimeout
                0x0800ce58      0x168 ../../libDaisy//build\libdaisy.a(stm32h7xx_hal_i2c.o)
 .text.HAL_I2C_Init
                0x0800cfc0       0xac ../../libDaisy//build\libdaisy.a(stm32h7xx_hal_i2c.o)
                0x0800cfc0                HAL_I2C_Init
 .text.HAL_I2C_Master_Transmit
                0x0800d06c      0x37c ../../libDaisy//build\libdaisy.a(stm32h7xx_hal_i2c.o)
                0x0800d06c                HAL_I2C_Master_Transmit
 .text.HAL_I2C_Master_Receive
                0x0800d3e8      0x1cc ../../libDaisy//build\libdaisy.a(stm32h7xx_hal_i2c.o)
                0x0800d3e8                HAL_I2C_Master_Receive
 .text.HAL_I2C_Slave_Transmit
                0x0800d5b4      0x254 ../../libDaisy//build\libdaisy.a(stm32h7xx_hal_i2c.o)
                0x0800d5b4                HAL_I2C_Slave_Transmit
 .text.HAL_I2C_Slave_Receive
                0x0800d808      0x204 ../../libDaisy//build\libdaisy.a(stm32h7xx_hal_i2c.o)
                0x0800d808                HAL_I2C_Slave_Receive
 .text.HAL_I2C_EV_IRQHandler
                0x0800da0c       0x10 ../../libDaisy//build\libdaisy.a(stm32h7xx_hal_i2c.o)
                0x0800da0c                HAL_I2C_EV_IRQHandler
 .text.HAL_I2C_GetState
                0x0800da1c        0x8 ../../libDaisy//build\libdaisy.a(stm32h7xx_hal_i2c.o)
                0x0800da1c                HAL_I2C_GetState
 .text.HAL_I2CEx_ConfigAnalogFilter
                0x0800da24       0x54 ../../libDaisy//build\libdaisy.a(stm32h7xx_hal_i2c_ex.o)
                0x0800da24                HAL_I2CEx_ConfigAnalogFilter
 .text.HAL_I2CEx_ConfigDigitalFilter
                0x0800da78       0x58 ../../libDaisy//build\libdaisy.a(stm32h7xx_hal_i2c_ex.o)
                0x0800da78                HAL_I2CEx_ConfigDigitalFilter
 .text.HAL_PCD_IRQHandler
                0x0800dad0      0xb48 ../../libDaisy//build\libdaisy.a(stm32h7xx_hal_pcd.o)
                0x0800dad0                HAL_PCD_IRQHandler
 .text.HAL_PCD_SetAddress
                0x0800e618       0x2c ../../libDaisy//build\libdaisy.a(stm32h7xx_hal_pcd.o)
                0x0800e618                HAL_PCD_SetAddress
 .text.HAL_PCD_EP_Open
                0x0800e644       0x7c ../../libDaisy//build\libdaisy.a(stm32h7xx_hal_pcd.o)
                0x0800e644                HAL_PCD_EP_Open
 .text.HAL_PCD_EP_Receive
                0x0800e6c0       0x44 ../../libDaisy//build\libdaisy.a(stm32h7xx_hal_pcd.o)
                0x0800e6c0                HAL_PCD_EP_Receive
 .text.HAL_PCD_EP_Transmit
                0x0800e704       0x44 ../../libDaisy//build\libdaisy.a(stm32h7xx_hal_pcd.o)
                0x0800e704                HAL_PCD_EP_Transmit
 .text.HAL_PCD_EP_SetStall
                0x0800e748       0x88 ../../libDaisy//build\libdaisy.a(stm32h7xx_hal_pcd.o)
                0x0800e748                HAL_PCD_EP_SetStall
 .text.HAL_PCD_EP_ClrStall
                0x0800e7d0       0x78 ../../libDaisy//build\libdaisy.a(stm32h7xx_hal_pcd.o)
                0x0800e7d0                HAL_PCD_EP_ClrStall
 .text.HAL_PCDEx_LPM_Callback
                0x0800e848        0x4 ../../libDaisy//build\libdaisy.a(stm32h7xx_hal_pcd_ex.o)
                0x0800e848                HAL_PCDEx_LPM_Callback
 .text.HAL_PWREx_ConfigSupply
                0x0800e84c       0x48 ../../libDaisy//build\libdaisy.a(stm32h7xx_hal_pwr_ex.o)
                0x0800e84c                HAL_PWREx_ConfigSupply
 .text.HAL_PWREx_EnableUSBVoltageDetector
                0x0800e894       0x10 ../../libDaisy//build\libdaisy.a(stm32h7xx_hal_pwr_ex.o)
                0x0800e894                HAL_PWREx_EnableUSBVoltageDetector
 .text.QSPI_Config
                0x0800e8a4      0x174 ../../libDaisy//build\libdaisy.a(stm32h7xx_hal_qspi.o)
 .text.HAL_QSPI_Init
                0x0800ea18       0xb8 ../../libDaisy//build\libdaisy.a(stm32h7xx_hal_qspi.o)
                0x0800ea18                HAL_QSPI_Init
 .text.HAL_QSPI_DeInit
                0x0800ead0       0x24 ../../libDaisy//build\libdaisy.a(stm32h7xx_hal_qspi.o)
                0x0800ead0                HAL_QSPI_DeInit
 .text.HAL_QSPI_Command
                0x0800eaf4       0xd4 ../../libDaisy//build\libdaisy.a(stm32h7xx_hal_qspi.o)
                0x0800eaf4                HAL_QSPI_Command
 .text.HAL_QSPI_Transmit
                0x0800ebc8       0xfc ../../libDaisy//build\libdaisy.a(stm32h7xx_hal_qspi.o)
                0x0800ebc8                HAL_QSPI_Transmit
 .text.HAL_QSPI_Receive
                0x0800ecc4      0x108 ../../libDaisy//build\libdaisy.a(stm32h7xx_hal_qspi.o)
                0x0800ecc4                HAL_QSPI_Receive
 .text.HAL_QSPI_AutoPolling
                0x0800edcc       0xf0 ../../libDaisy//build\libdaisy.a(stm32h7xx_hal_qspi.o)
                0x0800edcc                HAL_QSPI_AutoPolling
 .text.HAL_QSPI_MemoryMapped
                0x0800eebc       0xc0 ../../libDaisy//build\libdaisy.a(stm32h7xx_hal_qspi.o)
                0x0800eebc                HAL_QSPI_MemoryMapped
 .text.HAL_QSPI_ErrorCallback
                0x0800ef7c        0x4 ../../libDaisy//build\libdaisy.a(stm32h7xx_hal_qspi.o)
                0x0800ef7c                HAL_QSPI_ErrorCallback
 .text.QSPI_DMAAbortCplt
                0x0800ef80       0x38 ../../libDaisy//build\libdaisy.a(stm32h7xx_hal_qspi.o)
 .text.HAL_QSPI_AbortCpltCallback
                0x0800efb8        0x4 ../../libDaisy//build\libdaisy.a(stm32h7xx_hal_qspi.o)
                0x0800efb8                HAL_QSPI_AbortCpltCallback
 .text.HAL_QSPI_CmdCpltCallback
                0x0800efbc        0x4 ../../libDaisy//build\libdaisy.a(stm32h7xx_hal_qspi.o)
                0x0800efbc                HAL_QSPI_CmdCpltCallback
 .text.HAL_QSPI_RxCpltCallback
                0x0800efc0        0x4 ../../libDaisy//build\libdaisy.a(stm32h7xx_hal_qspi.o)
                0x0800efc0                HAL_QSPI_RxCpltCallback
 .text.HAL_QSPI_TxCpltCallback
                0x0800efc4        0x4 ../../libDaisy//build\libdaisy.a(stm32h7xx_hal_qspi.o)
                0x0800efc4                HAL_QSPI_TxCpltCallback
 .text.HAL_QSPI_FifoThresholdCallback
                0x0800efc8        0x4 ../../libDaisy//build\libdaisy.a(stm32h7xx_hal_qspi.o)
                0x0800efc8                HAL_QSPI_FifoThresholdCallback
 .text.HAL_QSPI_StatusMatchCallback
                0x0800efcc        0x4 ../../libDaisy//build\libdaisy.a(stm32h7xx_hal_qspi.o)
                0x0800efcc                HAL_QSPI_StatusMatchCallback
 .text.HAL_QSPI_TimeOutCallback
                0x0800efd0        0x4 ../../libDaisy//build\libdaisy.a(stm32h7xx_hal_qspi.o)
                0x0800efd0                HAL_QSPI_TimeOutCallback
 .text.HAL_QSPI_IRQHandler
                0x0800efd4      0x210 ../../libDaisy//build\libdaisy.a(stm32h7xx_hal_qspi.o)
                0x0800efd4                HAL_QSPI_IRQHandler
 .text.HAL_RCC_GetSysClockFreq.part.0
                0x0800f1e4      0x130 ../../libDaisy//build\libdaisy.a(stm32h7xx_hal_rcc.o)
 .text.HAL_RCC_OscConfig
                0x0800f314      0x5f4 ../../libDaisy//build\libdaisy.a(stm32h7xx_hal_rcc.o)
                0x0800f314                HAL_RCC_OscConfig
 .text.HAL_RCC_GetSysClockFreq
                0x0800f908      0x140 ../../libDaisy//build\libdaisy.a(stm32h7xx_hal_rcc.o)
                0x0800f908                HAL_RCC_GetSysClockFreq
 .text.HAL_RCC_ClockConfig
                0x0800fa48      0x250 ../../libDaisy//build\libdaisy.a(stm32h7xx_hal_rcc.o)
                0x0800fa48                HAL_RCC_ClockConfig
 .text.HAL_RCC_GetHCLKFreq
                0x0800fc98       0x80 ../../libDaisy//build\libdaisy.a(stm32h7xx_hal_rcc.o)
                0x0800fc98                HAL_RCC_GetHCLKFreq
 .text.HAL_RCC_GetPCLK1Freq
                0x0800fd18       0x90 ../../libDaisy//build\libdaisy.a(stm32h7xx_hal_rcc.o)
                0x0800fd18                HAL_RCC_GetPCLK1Freq
 .text.HAL_RCC_GetPCLK2Freq
                0x0800fda8       0x90 ../../libDaisy//build\libdaisy.a(stm32h7xx_hal_rcc.o)
                0x0800fda8                HAL_RCC_GetPCLK2Freq
 .text.RCCEx_PLL2_Config
                0x0800fe38       0xf4 ../../libDaisy//build\libdaisy.a(stm32h7xx_hal_rcc_ex.o)
 .text.RCCEx_PLL3_Config
                0x0800ff2c       0xf4 ../../libDaisy//build\libdaisy.a(stm32h7xx_hal_rcc_ex.o)
 .text.HAL_RCCEx_PeriphCLKConfig
                0x08010020      0xbf8 ../../libDaisy//build\libdaisy.a(stm32h7xx_hal_rcc_ex.o)
                0x08010020                HAL_RCCEx_PeriphCLKConfig
 .text.HAL_RCCEx_GetD3PCLK1Freq
                0x08010c18       0x24 ../../libDaisy//build\libdaisy.a(stm32h7xx_hal_rcc_ex.o)
                0x08010c18                HAL_RCCEx_GetD3PCLK1Freq
 .text.HAL_RCCEx_GetPLL2ClockFreq
                0x08010c3c      0x17c ../../libDaisy//build\libdaisy.a(stm32h7xx_hal_rcc_ex.o)
                0x08010c3c                HAL_RCCEx_GetPLL2ClockFreq
 .text.HAL_RCCEx_GetPLL3ClockFreq
                0x08010db8      0x17c ../../libDaisy//build\libdaisy.a(stm32h7xx_hal_rcc_ex.o)
                0x08010db8                HAL_RCCEx_GetPLL3ClockFreq
 .text.HAL_RCCEx_GetPLL1ClockFreq
                0x08010f34      0x18c ../../libDaisy//build\libdaisy.a(stm32h7xx_hal_rcc_ex.o)
                0x08010f34                HAL_RCCEx_GetPLL1ClockFreq
 .text.HAL_RCCEx_GetPeriphCLKFreq
                0x080110c0      0x390 ../../libDaisy//build\libdaisy.a(stm32h7xx_hal_rcc_ex.o)
                0x080110c0                HAL_RCCEx_GetPeriphCLKFreq
 .text.HAL_SAI_Init.part.0
                0x08011450      0x390 ../../libDaisy//build\libdaisy.a(stm32h7xx_hal_sai.o)
 .text.HAL_SAI_InitProtocol
                0x080117e0      0x174 ../../libDaisy//build\libdaisy.a(stm32h7xx_hal_sai.o)
                0x080117e0                HAL_SAI_InitProtocol
 .text.HAL_SAI_Transmit_DMA
                0x08011954      0x124 ../../libDaisy//build\libdaisy.a(stm32h7xx_hal_sai.o)
                0x08011954                HAL_SAI_Transmit_DMA
 .text.HAL_SAI_Receive_DMA
                0x08011a78       0xd0 ../../libDaisy//build\libdaisy.a(stm32h7xx_hal_sai.o)
                0x08011a78                HAL_SAI_Receive_DMA
 .text.HAL_SAI_TxCpltCallback
                0x08011b48        0x4 ../../libDaisy//build\libdaisy.a(stm32h7xx_hal_sai.o)
                0x08011b48                HAL_SAI_TxCpltCallback
 .text.SAI_DMATxCplt
                0x08011b4c       0x64 ../../libDaisy//build\libdaisy.a(stm32h7xx_hal_sai.o)
 .text.HAL_SAI_TxHalfCpltCallback
                0x08011bb0        0x4 ../../libDaisy//build\libdaisy.a(stm32h7xx_hal_sai.o)
                0x08011bb0                HAL_SAI_TxHalfCpltCallback
 .text.SAI_DMATxHalfCplt
                0x08011bb4        0xc ../../libDaisy//build\libdaisy.a(stm32h7xx_hal_sai.o)
 .text.SAI_DMARxCplt
                0x08011bc0       0x64 ../../libDaisy//build\libdaisy.a(stm32h7xx_hal_sai.o)
 .text.SAI_DMARxHalfCplt
                0x08011c24        0xc ../../libDaisy//build\libdaisy.a(stm32h7xx_hal_sai.o)
 .text.HAL_SAI_ErrorCallback
                0x08011c30        0x4 ../../libDaisy//build\libdaisy.a(stm32h7xx_hal_sai.o)
                0x08011c30                HAL_SAI_ErrorCallback
 .text.SAI_DMAError
                0x08011c34       0x6c ../../libDaisy//build\libdaisy.a(stm32h7xx_hal_sai.o)
 .text.HAL_SDRAM_Init
                0x08011ca0       0x54 ../../libDaisy//build\libdaisy.a(stm32h7xx_hal_sdram.o)
                0x08011ca0                HAL_SDRAM_Init
 .text.HAL_SDRAM_SendCommand
                0x08011cf4       0x40 ../../libDaisy//build\libdaisy.a(stm32h7xx_hal_sdram.o)
                0x08011cf4                HAL_SDRAM_SendCommand
 .text.HAL_SDRAM_ProgramRefreshRate
                0x08011d34       0x30 ../../libDaisy//build\libdaisy.a(stm32h7xx_hal_sdram.o)
                0x08011d34                HAL_SDRAM_ProgramRefreshRate
 .text.FMC_SDRAM_Init
                0x08011d64       0x7c ../../libDaisy//build\libdaisy.a(stm32h7xx_ll_fmc.o)
                0x08011d64                FMC_SDRAM_Init
 .text.FMC_SDRAM_Timing_Init
                0x08011de0       0x98 ../../libDaisy//build\libdaisy.a(stm32h7xx_ll_fmc.o)
                0x08011de0                FMC_SDRAM_Timing_Init
 .text.FMC_SDRAM_SendCommand
                0x08011e78       0x30 ../../libDaisy//build\libdaisy.a(stm32h7xx_ll_fmc.o)
                0x08011e78                FMC_SDRAM_SendCommand
 .text.FMC_SDRAM_ProgramRefreshRate
                0x08011ea8       0x1c ../../libDaisy//build\libdaisy.a(stm32h7xx_ll_fmc.o)
                0x08011ea8                FMC_SDRAM_ProgramRefreshRate
 .text.USB_SetTurnaroundTime
                0x08011ec4       0xf4 ../../libDaisy//build\libdaisy.a(stm32h7xx_ll_usb.o)
                0x08011ec4                USB_SetTurnaroundTime
 .text.USB_FlushTxFifo
                0x08011fb8       0x54 ../../libDaisy//build\libdaisy.a(stm32h7xx_ll_usb.o)
                0x08011fb8                USB_FlushTxFifo
 .text.USB_FlushRxFifo
                0x0801200c       0x50 ../../libDaisy//build\libdaisy.a(stm32h7xx_ll_usb.o)
                0x0801200c                USB_FlushRxFifo
 .text.USB_GetDevSpeed
                0x0801205c       0x18 ../../libDaisy//build\libdaisy.a(stm32h7xx_ll_usb.o)
                0x0801205c                USB_GetDevSpeed
 .text.USB_ActivateEndpoint
                0x08012074       0x90 ../../libDaisy//build\libdaisy.a(stm32h7xx_ll_usb.o)
                0x08012074                USB_ActivateEndpoint
 .text.USB_EPStartXfer
                0x08012104      0x288 ../../libDaisy//build\libdaisy.a(stm32h7xx_ll_usb.o)
                0x08012104                USB_EPStartXfer
 .text.USB_EPStopXfer
                0x0801238c       0x88 ../../libDaisy//build\libdaisy.a(stm32h7xx_ll_usb.o)
                0x0801238c                USB_EPStopXfer
 .text.USB_WritePacket
                0x08012414       0x2c ../../libDaisy//build\libdaisy.a(stm32h7xx_ll_usb.o)
                0x08012414                USB_WritePacket
 .text.USB_ReadPacket
                0x08012440       0x4c ../../libDaisy//build\libdaisy.a(stm32h7xx_ll_usb.o)
                0x08012440                USB_ReadPacket
 .text.USB_EPSetStall
                0x0801248c       0x68 ../../libDaisy//build\libdaisy.a(stm32h7xx_ll_usb.o)
                0x0801248c                USB_EPSetStall
 .text.USB_EPClearStall
                0x080124f4       0x58 ../../libDaisy//build\libdaisy.a(stm32h7xx_ll_usb.o)
                0x080124f4                USB_EPClearStall
 .text.USB_SetDevAddress
                0x0801254c       0x24 ../../libDaisy//build\libdaisy.a(stm32h7xx_ll_usb.o)
                0x0801254c                USB_SetDevAddress
 .text.USB_ReadInterrupts
                0x08012570        0x8 ../../libDaisy//build\libdaisy.a(stm32h7xx_ll_usb.o)
                0x08012570                USB_ReadInterrupts
 .text.USB_ReadChInterrupts
                0x08012578       0x10 ../../libDaisy//build\libdaisy.a(stm32h7xx_ll_usb.o)
                0x08012578                USB_ReadChInterrupts
 .text.USB_ReadDevAllOutEpInterrupt
                0x08012588       0x10 ../../libDaisy//build\libdaisy.a(stm32h7xx_ll_usb.o)
                0x08012588                USB_ReadDevAllOutEpInterrupt
 .text.USB_ReadDevAllInEpInterrupt
                0x08012598       0x10 ../../libDaisy//build\libdaisy.a(stm32h7xx_ll_usb.o)
                0x08012598                USB_ReadDevAllInEpInterrupt
 .text.USB_ReadDevOutEPInterrupt
                0x080125a8       0x14 ../../libDaisy//build\libdaisy.a(stm32h7xx_ll_usb.o)
                0x080125a8                USB_ReadDevOutEPInterrupt
 .text.USB_ReadDevInEPInterrupt
                0x080125bc       0x20 ../../libDaisy//build\libdaisy.a(stm32h7xx_ll_usb.o)
                0x080125bc                USB_ReadDevInEPInterrupt
 .text.USB_GetMode
                0x080125dc        0x8 ../../libDaisy//build\libdaisy.a(stm32h7xx_ll_usb.o)
                0x080125dc                USB_GetMode
 .text.USB_ActivateSetup
                0x080125e4       0x2c ../../libDaisy//build\libdaisy.a(stm32h7xx_ll_usb.o)
                0x080125e4                USB_ActivateSetup
 .text.USB_EP0_OutStart
                0x08012610       0x58 ../../libDaisy//build\libdaisy.a(stm32h7xx_ll_usb.o)
                0x08012610                USB_EP0_OutStart
 .text.USB_InitFSLSPClkSel
                0x08012668       0x44 ../../libDaisy//build\libdaisy.a(stm32h7xx_ll_usb.o)
                0x08012668                USB_InitFSLSPClkSel
 .text.USB_HC_ReadInterrupt
                0x080126ac        0x8 ../../libDaisy//build\libdaisy.a(stm32h7xx_ll_usb.o)
                0x080126ac                USB_HC_ReadInterrupt
 .text.USB_HC_Halt
                0x080126b4       0xe4 ../../libDaisy//build\libdaisy.a(stm32h7xx_ll_usb.o)
                0x080126b4                USB_HC_Halt
 .text.USB_StopHost
                0x08012798      0x1e4 ../../libDaisy//build\libdaisy.a(stm32h7xx_ll_usb.o)
                0x08012798                USB_StopHost
 .text.USBD_SetClassConfig
                0x0801297c       0x10 ../../libDaisy//build\libdaisy.a(usbd_core.o)
                0x0801297c                USBD_SetClassConfig
 .text.USBD_ClrClassConfig
                0x0801298c       0x14 ../../libDaisy//build\libdaisy.a(usbd_core.o)
                0x0801298c                USBD_ClrClassConfig
 .text.USBD_LL_SetupStage
                0x080129a0       0x60 ../../libDaisy//build\libdaisy.a(usbd_core.o)
                0x080129a0                USBD_LL_SetupStage
 .text.USBD_LL_DataOutStage
                0x08012a00       0x74 ../../libDaisy//build\libdaisy.a(usbd_core.o)
                0x08012a00                USBD_LL_DataOutStage
 .text.USBD_LL_DataInStage
                0x08012a74       0xc0 ../../libDaisy//build\libdaisy.a(usbd_core.o)
                0x08012a74                USBD_LL_DataInStage
 .text.USBD_LL_Reset
                0x08012b34       0x5c ../../libDaisy//build\libdaisy.a(usbd_core.o)
                0x08012b34                USBD_LL_Reset
 .text.USBD_LL_SetSpeed
                0x08012b90        0x8 ../../libDaisy//build\libdaisy.a(usbd_core.o)
                0x08012b90                USBD_LL_SetSpeed
 .text.USBD_LL_Suspend
                0x08012b98       0x20 ../../libDaisy//build\libdaisy.a(usbd_core.o)
                0x08012b98                USBD_LL_Suspend
 .text.USBD_LL_Resume
                0x08012bb8       0x18 ../../libDaisy//build\libdaisy.a(usbd_core.o)
                0x08012bb8                USBD_LL_Resume
 .text.USBD_LL_SOF
                0x08012bd0       0x20 ../../libDaisy//build\libdaisy.a(usbd_core.o)
                0x08012bd0                USBD_LL_SOF
 .text.USBD_LL_IsoINIncomplete
                0x08012bf0       0x2c ../../libDaisy//build\libdaisy.a(usbd_core.o)
                0x08012bf0                USBD_LL_IsoINIncomplete
 .text.USBD_LL_IsoOUTIncomplete
                0x08012c1c       0x2c ../../libDaisy//build\libdaisy.a(usbd_core.o)
                0x08012c1c                USBD_LL_IsoOUTIncomplete
 .text.USBD_LL_DevConnected
                0x08012c48        0x4 ../../libDaisy//build\libdaisy.a(usbd_core.o)
                0x08012c48                USBD_LL_DevConnected
 .text.USBD_LL_DevDisconnected
                0x08012c4c       0x24 ../../libDaisy//build\libdaisy.a(usbd_core.o)
                0x08012c4c                USBD_LL_DevDisconnected
 .text.USBD_CoreFindIF
                0x08012c70        0x4 ../../libDaisy//build\libdaisy.a(usbd_core.o)
                0x08012c70                USBD_CoreFindIF
 .text.USBD_CoreFindEP
                0x08012c74        0x4 ../../libDaisy//build\libdaisy.a(usbd_core.o)
                0x08012c74                USBD_CoreFindEP
 .text.USBD_StdDevReq
                0x08012c78      0x360 ../../libDaisy//build\libdaisy.a(usbd_ctlreq.o)
                0x08012c78                USBD_StdDevReq
 .text.USBD_StdItfReq
                0x08012fd8       0x84 ../../libDaisy//build\libdaisy.a(usbd_ctlreq.o)
                0x08012fd8                USBD_StdItfReq
 .text.USBD_StdEPReq
                0x0801305c      0x160 ../../libDaisy//build\libdaisy.a(usbd_ctlreq.o)
                0x0801305c                USBD_StdEPReq
 .text.USBD_ParseSetupRequest
                0x080131bc       0x18 ../../libDaisy//build\libdaisy.a(usbd_ctlreq.o)
                0x080131bc                USBD_ParseSetupRequest
 .text.USBD_CtlSendData
                0x080131d4       0x1c ../../libDaisy//build\libdaisy.a(usbd_ioreq.o)
                0x080131d4                USBD_CtlSendData
 .text.USBD_CtlContinueSendData
                0x080131f0       0x14 ../../libDaisy//build\libdaisy.a(usbd_ioreq.o)
                0x080131f0                USBD_CtlContinueSendData
 .text.USBD_CtlContinueRx
                0x08013204       0x14 ../../libDaisy//build\libdaisy.a(usbd_ioreq.o)
                0x08013204                USBD_CtlContinueRx
 .text.USBD_CtlSendStatus
                0x08013218       0x18 ../../libDaisy//build\libdaisy.a(usbd_ioreq.o)
                0x08013218                USBD_CtlSendStatus
 .text.USBD_CtlReceiveStatus
                0x08013230       0x18 ../../libDaisy//build\libdaisy.a(usbd_ioreq.o)
                0x08013230                USBD_CtlReceiveStatus
 .text.USBH_LL_IncTimer
                0x08013248       0x20 ../../libDaisy//build\libdaisy.a(usbh_core.o)
                0x08013248                USBH_LL_IncTimer
 .text.USBH_LL_PortEnabled
                0x08013268        0x8 ../../libDaisy//build\libdaisy.a(usbh_core.o)
                0x08013268                USBH_LL_PortEnabled
 .text.USBH_LL_PortDisabled
                0x08013270        0x8 ../../libDaisy//build\libdaisy.a(usbh_core.o)
                0x08013270                USBH_LL_PortDisabled
 .text.USBH_LL_Connect
                0x08013278       0x18 ../../libDaisy//build\libdaisy.a(usbh_core.o)
                0x08013278                USBH_LL_Connect
 .text.USBH_LL_Disconnect
                0x08013290       0x2c ../../libDaisy//build\libdaisy.a(usbh_core.o)
                0x08013290                USBH_LL_Disconnect
 .text.USBH_FreePipe
                0x080132bc       0x18 ../../libDaisy//build\libdaisy.a(usbh_pipes.o)
                0x080132bc                USBH_FreePipe
 .text._ZN5daisy6Random4InitEv
                0x080132d4       0x3c ../../libDaisy//build\libdaisy.a(rng.o)
                0x080132d4                daisy::Random::Init()
 .text._ZN5daisy9SpiHandle4Impl7InitDmaEv
                0x08013310       0xec ../../libDaisy//build\libdaisy.a(spi.o)
                0x08013310                daisy::SpiHandle::Impl::InitDma()
 .text._ZN5daisy9SpiHandle4Impl10StartDmaTxEPhjPFvPvEPFvS3_NS0_6ResultEES3_
                0x080133fc       0xc8 ../../libDaisy//build\libdaisy.a(spi.o)
                0x080133fc                daisy::SpiHandle::Impl::StartDmaTx(unsigned char*, unsigned int, void (*)(void*), void (*)(void*, daisy::SpiHandle::Result), void*)
 .text._ZN5daisy9SpiHandle4Impl10StartDmaRxEPhjPFvPvEPFvS3_NS0_6ResultEES3_
                0x080134c4       0xc8 ../../libDaisy//build\libdaisy.a(spi.o)
                0x080134c4                daisy::SpiHandle::Impl::StartDmaRx(unsigned char*, unsigned int, void (*)(void*), void (*)(void*, daisy::SpiHandle::Result), void*)
 .text._ZN5daisy9SpiHandle4Impl12StartDmaRxTxEPhS2_jPFvPvEPFvS3_NS0_6ResultEES3_
                0x0801358c       0xcc ../../libDaisy//build\libdaisy.a(spi.o)
                0x0801358c                daisy::SpiHandle::Impl::StartDmaRxTx(unsigned char*, unsigned char*, unsigned int, void (*)(void*), void (*)(void*, daisy::SpiHandle::Result), void*)
 .text._ZN5daisy9SpiHandle4Impl8InitPinsEv
                0x08013658      0x25c ../../libDaisy//build\libdaisy.a(spi.o)
                0x08013658                daisy::SpiHandle::Impl::InitPins()
 .text.HAL_SPI_MspInit
                0x080138b4      0x6e8 ../../libDaisy//build\libdaisy.a(spi.o)
                0x080138b4                HAL_SPI_MspInit
 .text.dsy_spi_global_init
                0x08013f9c       0x80 ../../libDaisy//build\libdaisy.a(spi.o)
                0x08013f9c                dsy_spi_global_init
 .text.SPI1_IRQHandler
                0x0801401c        0xc ../../libDaisy//build\libdaisy.a(spi.o)
                0x0801401c                SPI1_IRQHandler
 .text.SPI2_IRQHandler
                0x08014028        0xc ../../libDaisy//build\libdaisy.a(spi.o)
                0x08014028                SPI2_IRQHandler
 .text.SPI3_IRQHandler
                0x08014034        0xc ../../libDaisy//build\libdaisy.a(spi.o)
                0x08014034                SPI3_IRQHandler
 .text.SPI4_IRQHandler
                0x08014040        0xc ../../libDaisy//build\libdaisy.a(spi.o)
                0x08014040                SPI4_IRQHandler
 .text.SPI5_IRQHandler
                0x0801404c        0xc ../../libDaisy//build\libdaisy.a(spi.o)
                0x0801404c                SPI5_IRQHandler
 .text.DMA2_Stream2_IRQHandler
                0x08014058       0x34 ../../libDaisy//build\libdaisy.a(spi.o)
                0x08014058                DMA2_Stream2_IRQHandler
 .text.DMA2_Stream3_IRQHandler
                0x0801408c       0x38 ../../libDaisy//build\libdaisy.a(spi.o)
                0x0801408c                DMA2_Stream3_IRQHandler
 .text.HAL_SPI_TxCpltCallback
                0x080140c4       0xc4 ../../libDaisy//build\libdaisy.a(spi.o)
                0x080140c4                HAL_SPI_TxCpltCallback
 .text.HAL_SPI_RxCpltCallback
                0x08014188       0xc4 ../../libDaisy//build\libdaisy.a(spi.o)
                0x08014188                HAL_SPI_RxCpltCallback
 .text.HAL_SPI_TxRxCpltCallback
                0x0801424c       0xc4 ../../libDaisy//build\libdaisy.a(spi.o)
                0x0801424c                HAL_SPI_TxRxCpltCallback
 .text.HAL_SPI_ErrorCallback
                0x08014310       0xc8 ../../libDaisy//build\libdaisy.a(spi.o)
                0x08014310                HAL_SPI_ErrorCallback
 .text.startup._GLOBAL__sub_I__Z19MapInstanceToHandleP11SPI_TypeDef
                0x080143d8      0x1d8 ../../libDaisy//build\libdaisy.a(spi.o)
 .text.HAL_TIM_Base_MspInit
                0x080145b0      0x1e0 ../../libDaisy//build\libdaisy.a(tim.o)
                0x080145b0                HAL_TIM_Base_MspInit
 .text.HAL_TIM_PeriodElapsedCallback
                0x08014790       0x44 ../../libDaisy//build\libdaisy.a(tim.o)
                0x08014790                HAL_TIM_PeriodElapsedCallback
 .text.TIM2_IRQHandler
                0x080147d4        0xc ../../libDaisy//build\libdaisy.a(tim.o)
                0x080147d4                TIM2_IRQHandler
 .text.TIM3_IRQHandler
                0x080147e0        0xc ../../libDaisy//build\libdaisy.a(tim.o)
                0x080147e0                TIM3_IRQHandler
 .text.TIM4_IRQHandler
                0x080147ec        0xc ../../libDaisy//build\libdaisy.a(tim.o)
                0x080147ec                TIM4_IRQHandler
 .text.TIM5_IRQHandler
                0x080147f8        0xc ../../libDaisy//build\libdaisy.a(tim.o)
                0x080147f8                TIM5_IRQHandler
 .text._ZN5daisy11TimerHandle4InitERKNS0_6ConfigE
                0x08014804       0xd0 ../../libDaisy//build\libdaisy.a(tim.o)
                0x08014804                daisy::TimerHandle::Init(daisy::TimerHandle::Config const&)
 .text._ZN5daisy11TimerHandle5StartEv
                0x080148d4       0x24 ../../libDaisy//build\libdaisy.a(tim.o)
                0x080148d4                daisy::TimerHandle::Start()
 .text.startup._GLOBAL__sub_I__ZN5daisy11TimerHandle4Impl4InitERKNS0_6ConfigE
                0x080148f8       0x38 ../../libDaisy//build\libdaisy.a(tim.o)
 .text._ZL20UART_CheckRxListenerPN5daisy11UartHandler4ImplE
                0x08014930       0x84 ../../libDaisy//build\libdaisy.a(uart.o)
 .text._ZN5daisy11UartHandler4Impl10StartDmaTxEPhjPFvPvEPFvS3_NS0_6ResultEES3_
                0x080149b4      0x184 ../../libDaisy//build\libdaisy.a(uart.o)