Archive member included to satisfy reference by file (symbol)

../../libDaisy//build\libdaisy.a(daisy_seed.o)
                              build/Brizachord.o (daisy::DaisySeed::Configure())
../../libDaisy//build\libdaisy.a(codec_ak4556.o)
                              ../../libDaisy//build\libdaisy.a(daisy_seed.o) (daisy::Ak4556::Init(daisy::Pin))
../../libDaisy//build\libdaisy.a(codec_wm8731.o)
                              ../../libDaisy//build\libdaisy.a(daisy_seed.o) (daisy::Wm8731::Init(daisy::Wm8731::Config const&, daisy::I2CHandle))
../../libDaisy//build\libdaisy.a(sdram.o)
                              ../../libDaisy//build\libdaisy.a(daisy_seed.o) (SdramHandle::Init())
../../libDaisy//build\libdaisy.a(audio.o)
                              ../../libDaisy//build\libdaisy.a(daisy_seed.o) (daisy::AudioHandle::Init(daisy::AudioHandle::Config const&, daisy::SaiHandle))
../../libDaisy//build\libdaisy.a(switch.o)
                              build/Brizachord.o (daisy::Switch::Init(daisy::Pin, float, daisy::Switch::Type, daisy::Switch::Polarity, daisy::GPIO::Pull))
../../libDaisy//build\libdaisy.a(adc.o)
                              build/Brizachord.o (daisy::AdcChannelConfig::InitSingle(daisy::Pin, daisy::AdcChannelConfig::ConversionSpeed))
../../libDaisy//build\libdaisy.a(gpio.o)
                              ../../libDaisy//build\libdaisy.a(daisy_seed.o) (daisy::GPIO::Init(daisy::GPIO::Config const&))
../../libDaisy//build\libdaisy.a(i2c.o)
                              ../../libDaisy//build\libdaisy.a(daisy_seed.o) (daisy::I2CHandle::Init(daisy::I2CHandle::Config const&))
../../libDaisy//build\libdaisy.a(qspi.o)
                              ../../libDaisy//build\libdaisy.a(daisy_seed.o) (daisy::QSPIHandle::Init(daisy::QSPIHandle::Config const&))
../../libDaisy//build\libdaisy.a(sai.o)
                              ../../libDaisy//build\libdaisy.a(daisy_seed.o) (daisy::SaiHandle::Init(daisy::SaiHandle::Config const&))
../../libDaisy//build\libdaisy.a(system.o)
                              ../../libDaisy//build\libdaisy.a(daisy_seed.o) (daisy::System::DeInit())
../../libDaisy//build\libdaisy.a(system_stm32h7xx.o)
                              build/startup_stm32h750xx.o (SystemInit)
../../libDaisy//build\libdaisy.a(usbd_conf.o)
                              ../../libDaisy//build\libdaisy.a(system.o) (hpcd_USB_OTG_HS)
../../libDaisy//build\libdaisy.a(usbh_conf.o)
                              ../../libDaisy//build\libdaisy.a(system.o) (hhcd_USB_OTG_HS)
../../libDaisy//build\libdaisy.a(Trill.o)
                              build/Brizachord.o (Trill::~Trill())
../../libDaisy//build\libdaisy.a(stm32h7xx_hal.o)
                              ../../libDaisy//build\libdaisy.a(system.o) (HAL_Init)
../../libDaisy//build\libdaisy.a(stm32h7xx_hal_adc.o)
                              ../../libDaisy//build\libdaisy.a(adc.o) (HAL_ADC_ConfigChannel)
../../libDaisy//build\libdaisy.a(stm32h7xx_hal_adc_ex.o)
                              ../../libDaisy//build\libdaisy.a(adc.o) (HAL_ADCEx_Calibration_Start)
../../libDaisy//build\libdaisy.a(stm32h7xx_hal_cortex.o)
                              ../../libDaisy//build\libdaisy.a(stm32h7xx_hal.o) (HAL_NVIC_SetPriorityGrouping)
../../libDaisy//build\libdaisy.a(stm32h7xx_hal_dma.o)
                              ../../libDaisy//build\libdaisy.a(adc.o) (HAL_DMA_Init)
../../libDaisy//build\libdaisy.a(stm32h7xx_hal_gpio.o)
                              ../../libDaisy//build\libdaisy.a(sdram.o) (HAL_GPIO_Init)
../../libDaisy//build\libdaisy.a(stm32h7xx_hal_hcd.o)
                              ../../libDaisy//build\libdaisy.a(usbh_conf.o) (HAL_HCD_HC_Init)
../../libDaisy//build\libdaisy.a(stm32h7xx_hal_i2c.o)
                              ../../libDaisy//build\libdaisy.a(i2c.o) (HAL_I2C_Init)
../../libDaisy//build\libdaisy.a(stm32h7xx_hal_i2c_ex.o)
                              ../../libDaisy//build\libdaisy.a(i2c.o) (HAL_I2CEx_ConfigAnalogFilter)
../../libDaisy//build\libdaisy.a(stm32h7xx_hal_pcd.o)
                              ../../libDaisy//build\libdaisy.a(usbd_conf.o) (HAL_PCD_Init)
../../libDaisy//build\libdaisy.a(stm32h7xx_hal_pcd_ex.o)
                              ../../libDaisy//build\libdaisy.a(usbd_conf.o) (HAL_PCDEx_SetTxFiFo)
../../libDaisy//build\libdaisy.a(stm32h7xx_hal_pwr_ex.o)
                              ../../libDaisy//build\libdaisy.a(system.o) (HAL_PWREx_ConfigSupply)
../../libDaisy//build\libdaisy.a(stm32h7xx_hal_qspi.o)
                              ../../libDaisy//build\libdaisy.a(qspi.o) (HAL_QSPI_Init)
../../libDaisy//build\libdaisy.a(stm32h7xx_hal_rcc.o)
                              ../../libDaisy//build\libdaisy.a(system.o) (HAL_RCC_OscConfig)
../../libDaisy//build\libdaisy.a(stm32h7xx_hal_rcc_ex.o)
                              ../../libDaisy//build\libdaisy.a(system.o) (HAL_RCCEx_PeriphCLKConfig)
../../libDaisy//build\libdaisy.a(stm32h7xx_hal_sai.o)
                              ../../libDaisy//build\libdaisy.a(sai.o) (HAL_SAI_InitProtocol)
[...]
Memory Configuration

Name             Origin             Length             Attributes
FLASH            0x08000000         0x00020000         xr
DTCMRAM          0x20000000         0x00020000         xrw
SRAM             0x24000000         0x00080000         xrw
RAM_D2           0x30000000         0x00048000         xrw
RAM_D3           0x38000000         0x00010000         xrw
BACKUP_SRAM      0x38800000         0x00001000         xrw
ITCMRAM          0x00000000         0x00010000         xrw
SDRAM            0xc0000000         0x04000000         xrw
QSPIFLASH        0x90000000         0x00800000         xr
*default*        0x00000000         0xffffffff

Linker script and memory map

LOAD c:/program files/daisytoolchain/bin/../lib/gcc/arm-none-eabi/10.2.1/thumb/v7e-m+dp/hard/crti.o
LOAD c:/program files/daisytoolchain/bin/../lib/gcc/arm-none-eabi/10.2.1/thumb/v7e-m+dp/hard/crtbegin.o
LOAD c:/program files/daisytoolchain/bin/../lib/gcc/arm-none-eabi/10.2.1/../../../../arm-none-eabi/lib/thumb/v7e-m+dp/hard/crt0.o
LOAD build/startup_stm32h750xx.o
LOAD build/main.o
LOAD build/DrumSynth.o
LOAD build/Sequencer.o
LOAD build/ChordSynth.o
LOAD build/StrumSynth.o
LOAD build/Brizachord.o
LOAD ../../libDaisy//build\libdaisy.a
LOAD c:/program files/daisytoolchain/bin/../lib/gcc/arm-none-eabi/10.2.1/../../../../arm-none-eabi/lib/thumb/v7e-m+dp/hard\libnosys.a
LOAD ../../DaisySP//build\libdaisysp.a
LOAD c:/program files/daisytoolchain/bin/../lib/gcc/arm-none-eabi/10.2.1/../../../../arm-none-eabi/lib/thumb/v7e-m+dp/hard\libstdc++_nano.a
LOAD c:/program files/daisytoolchain/bin/../lib/gcc/arm-none-eabi/10.2.1/../../../../arm-none-eabi/lib/thumb/v7e-m+dp/hard\libm.a
LOAD c:/program files/daisytoolchain/bin/../lib/gcc/arm-none-eabi/10.2.1/../../../../arm-none-eabi/lib/thumb/v7e-m+dp/hard\libc_nano.a
START GROUP
LOAD c:/program files/daisytoolchain/bin/../lib/gcc/arm-none-eabi/10.2.1/thumb/v7e-m+dp/hard\libgcc.a
LOAD c:/program files/daisytoolchain/bin/../lib/gcc/arm-none-eabi/10.2.1/../../../../arm-none-eabi/lib/thumb/v7e-m+dp/hard\libc_nano.a
END GROUP
START GROUP
LOAD c:/program files/daisytoolchain/bin/../lib/gcc/arm-none-eabi/10.2.1/thumb/v7e-m+dp/hard\libgcc.a
LOAD c:/program files/daisytoolchain/bin/../lib/gcc/arm-none-eabi/10.2.1/../../../../arm-none-eabi/lib/thumb/v7e-m+dp/hard\libc_nano.a
LOAD c:/program files/daisytoolchain/bin/../lib/gcc/arm-none-eabi/10.2.1/../../../../arm-none-eabi/lib/thumb/v7e-m+dp/hard\libnosys.a
END GROUP
START GROUP
LOAD c:/program files/daisytoolchain/bin/../lib/gcc/arm-none-eabi/10.2.1/thumb/v7e-m+dp/hard\libgcc.a
LOAD c:/program files/daisytoolchain/bin/../lib/gcc/arm-none-eabi/10.2.1/../../../../arm-none-eabi/lib/thumb/v7e-m+dp/hard\libc_nano.a
LOAD c:/program files/daisytoolchain/bin/../lib/gcc/arm-none-eabi/10.2.1/../../../../arm-none-eabi/lib/thumb/v7e-m+dp/hard\libnosys.a
END GROUP
LOAD c:/program files/daisytoolchain/bin/../lib/gcc/arm-none-eabi/10.2.1/thumb/v7e-m+dp/hard/crtend.o
LOAD c:/program files/daisytoolchain/bin/../lib/gcc/arm-none-eabi/10.2.1/thumb/v7e-m+dp/hard/crtn.o
                0x20020000                _estack = 0x20020000

.isr_vector     0x08000000      0x298
                0x08000000                . = ALIGN (0x4)
 *(.isr_vector)
 .isr_vector    0x08000000      0x298 build/startup_stm32h750xx.o
                0x08000000                g_pfnVectors
                0x08000298                . = ALIGN (0x4)

.text           0x080002a0    0x1c9f8
                0x080002a0                . = ALIGN (0x4)
                0x080002a0                _stext = .
 *(.text)
 .text          0x080002a0       0x40 c:/program files/daisytoolchain/bin/../lib/gcc/arm-none-eabi/10.2.1/thumb/v7e-m+dp/hard/crtbegin.o
 .text          0x080002e0       0xa0 c:/program files/daisytoolchain/bin/../lib/gcc/arm-none-eabi/10.2.1/../../../../arm-none-eabi/lib/thumb/v7e-m+dp/hard\libc_nano.a(lib_a-memchr.o)
                0x080002e0                memchr
 .text          0x08000380       0x10 c:/program files/daisytoolchain/bin/../lib/gcc/arm-none-eabi/10.2.1/../../../../arm-none-eabi/lib/thumb/v7e-m+dp/hard\libc_nano.a(lib_a-strlen.o)
                0x08000380                strlen
 .text          0x08000390      0x378 c:/program files/daisytoolchain/bin/../lib/gcc/arm-none-eabi/10.2.1/thumb/v7e-m+dp/hard\libgcc.a(_arm_addsubdf3.o)
                0x08000390                __aeabi_drsub
                0x08000398                __aeabi_dsub
                0x08000398                __subdf3
                0x0800039c                __aeabi_dadd
                0x0800039c                __adddf3
                0x08000614                __floatunsidf
                0x08000614                __aeabi_ui2d
                0x08000634                __floatsidf
                0x08000634                __aeabi_i2d
                0x08000658                __aeabi_f2d
                0x08000658                __extendsfdf2
                0x0800069c                __floatundidf
                0x0800069c                __aeabi_ul2d
                0x080006ac                __floatdidf
                0x080006ac                __aeabi_l2d
 .text          0x08000708       0x30 c:/program files/daisytoolchain/bin/../lib/gcc/arm-none-eabi/10.2.1/thumb/v7e-m+dp/hard\libgcc.a(_aeabi_uldivmod.o)
                0x08000708                __aeabi_uldivmod
 .text          0x08000738       0x28 c:/program files/daisytoolchain/bin/../lib/gcc/arm-none-eabi/10.2.1/thumb/v7e-m+dp/hard\libgcc.a(_popcountsi2.o)
                0x08000738                __popcountsi2
 .text          0x08000760      0x2d0 c:/program files/daisytoolchain/bin/../lib/gcc/arm-none-eabi/10.2.1/thumb/v7e-m+dp/hard\libgcc.a(_udivmoddi4.o)
                0x08000760                __udivmoddi4
 .text          0x08000a30        0x4 c:/program files/daisytoolchain/bin/../lib/gcc/arm-none-eabi/10.2.1/thumb/v7e-m+dp/hard\libgcc.a(_dvmd_tls.o)
                0x08000a30                __aeabi_idiv0
                0x08000a30                __aeabi_ldiv0
 *(.text*)
 .text.Default_Handler
                0x08000a34        0xc build/startup_stm32h750xx.o
                0x08000a34                RTC_Alarm_IRQHandler
                0x08000a34                HASH_RNG_IRQHandler
                0x08000a34                EXTI2_IRQHandler
                0x08000a34                TIM8_CC_IRQHandler
                0x08000a34                HRTIM1_Master_IRQHandler
                0x08000a34                DebugMon_Handler
                0x08000a34                TIM1_CC_IRQHandler
                0x08000a34                BDMA_Channel6_IRQHandler
                0x08000a34                DMA2_Stream5_IRQHandler
                0x08000a34                HRTIM1_FLT_IRQHandler
                0x08000a34                JPEG_IRQHandler
                0x08000a34                BDMA_Channel1_IRQHandler
                0x08000a34                HRTIM1_TIMD_IRQHandler
                0x08000a34                TAMP_STAMP_IRQHandler
                0x08000a34                PendSV_Handler
                0x08000a34                NMI_Handler
                0x08000a34                EXTI3_IRQHandler
                0x08000a34                LPTIM4_IRQHandler
                0x08000a34                TIM8_TRG_COM_TIM14_IRQHandler
                0x08000a34                LPTIM2_IRQHandler
                0x08000a34                DFSDM1_FLT1_IRQHandler
                0x08000a34                DMAMUX2_OVR_IRQHandler
                0x08000a34                TIM8_UP_TIM13_IRQHandler
                0x08000a34                I2C3_ER_IRQHandler
                0x08000a34                DFSDM1_FLT2_IRQHandler
                0x08000a34                MDMA_IRQHandler
                0x08000a34                LPTIM3_IRQHandler
                0x08000a34                HSEM1_IRQHandler
                0x08000a34                EXTI0_IRQHandler
                0x08000a34                FPU_IRQHandler
                0x08000a34                OTG_HS_WKUP_IRQHandler
                0x08000a34                FDCAN1_IT1_IRQHandler
                0x08000a34                UsageFault_Handler
                0x08000a34                LTDC_ER_IRQHandler
                0x08000a34                HRTIM1_TIME_IRQHandler
                0x08000a34                TIM6_DAC_IRQHandler
                0x08000a34                DCMI_IRQHandler
                0x08000a34                HRTIM1_TIMC_IRQHandler
                0x08000a34                SAI2_IRQHandler
                0x08000a34                DFSDM1_FLT3_IRQHandler
                0x08000a34                TIM17_IRQHandler
                0x08000a34                CRYP_IRQHandler
                0x08000a34                BDMA_Channel7_IRQHandler
                0x08000a34                LPTIM5_IRQHandler
                0x08000a34                ADC3_IRQHandler
                0x08000a34                DMA2_Stream0_IRQHandler
                0x08000a34                BDMA_Channel2_IRQHandler
                0x08000a34                DMAMUX1_OVR_IRQHandler
                0x08000a34                TIM16_IRQHandler
                0x08000a34                BDMA_Channel5_IRQHandler
                0x08000a34                RCC_IRQHandler
                0x08000a34                TIM8_BRK_TIM12_IRQHandler
                0x08000a34                TIM1_TRG_COM_IRQHandler
                0x08000a34                Default_Handler
                0x08000a34                ECC_IRQHandler
                0x08000a34                CEC_IRQHandler
                0x08000a34                EXTI15_10_IRQHandler
                0x08000a34                BDMA_Channel0_IRQHandler
                0x08000a34                ADC_IRQHandler
                0x08000a34                DMA1_Stream7_IRQHandler
                0x08000a34                HRTIM1_TIMA_IRQHandler
                0x08000a34                TIM7_IRQHandler
                0x08000a34                SDMMC1_IRQHandler
                0x08000a34                DMA2_Stream7_IRQHandler
                0x08000a34                TIM15_IRQHandler
                0x08000a34                PVD_AVD_IRQHandler
                0x08000a34                EXTI9_5_IRQHandler
                0x08000a34                RTC_WKUP_IRQHandler
                0x08000a34                LTDC_IRQHandler
                0x08000a34                SAI3_IRQHandler
                0x08000a34                ETH_WKUP_IRQHandler
                0x08000a34                SPDIF_RX_IRQHandler
                0x08000a34                MemManage_Handler
                0x08000a34                SVC_Handler
                0x08000a34                CRS_IRQHandler
                0x08000a34                EXTI4_IRQHandler
                0x08000a34                HRTIM1_TIMB_IRQHandler
                0x08000a34                FDCAN2_IT1_IRQHandler
                0x08000a34                ETH_IRQHandler
                0x08000a34                TIM1_UP_IRQHandler
                0x08000a34                BDMA_Channel4_IRQHandler
                0x08000a34                WWDG_IRQHandler
                0x08000a34                SPI6_IRQHandler
                0x08000a34                I2C4_EV_IRQHandler
                0x08000a34                MDIOS_IRQHandler
                0x08000a34                FDCAN2_IT0_IRQHandler
                0x08000a34                FDCAN1_IT0_IRQHandler
                0x08000a34                OTG_FS_WKUP_IRQHandler
                0x08000a34                DMA2D_IRQHandler
                0x08000a34                TIM1_BRK_IRQHandler
                0x08000a34                EXTI1_IRQHandler
                0x08000a34                SDMMC2_IRQHandler
                0x08000a34                OTG_FS_EP1_OUT_IRQHandler
                0x08000a34                BDMA_Channel3_IRQHandler
                0x08000a34                MDIOS_WKUP_IRQHandler
                0x08000a34                DFSDM1_FLT0_IRQHandler
                0x08000a34                SAI4_IRQHandler
                0x08000a34                I2C2_ER_IRQHandler
                0x08000a34                DMA2_Stream1_IRQHandler
                0x08000a34                FLASH_IRQHandler
                0x08000a34                BusFault_Handler
                0x08000a34                OTG_FS_IRQHandler
                0x08000a34                WAKEUP_PIN_IRQHandler
                0x08000a34                OTG_FS_EP1_IN_IRQHandler
                0x08000a34                I2C1_ER_IRQHandler
                0x08000a34                FMC_IRQHandler
                0x08000a34                FDCAN_CAL_IRQHandler
                0x08000a34                SWPMI1_IRQHandler
                0x08000a34                COMP1_IRQHandler
                0x08000a34                LPTIM1_IRQHandler
                0x08000a34                I2C4_ER_IRQHandler
                0x08000a34                DMA2_Stream6_IRQHandler
                0x08000a34                SAI1_IRQHandler
 .text.Reset_Handler
                0x08000a40       0x44 build/startup_stm32h750xx.o
                0x08000a40                Reset_Handler
 .text.startup.main
                0x08000a84       0x24 build/main.o
                0x08000a84                main
 .text._ZN9DrumSynthC2Ef
                0x08000aa8      0x1b0 build/DrumSynth.o
                0x08000aa8                DrumSynth::DrumSynth(float)
                0x08000aa8                DrumSynth::DrumSynth(float)
 .text._ZN9DrumSynth12trigger_kickEv
                0x08000c58       0x1c build/DrumSynth.o
                0x08000c58                DrumSynth::trigger_kick()
 .text._ZN9DrumSynth13trigger_snareEv
                0x08000c74       0x1c build/DrumSynth.o
                0x08000c74                DrumSynth::trigger_snare()
 .text._ZN9DrumSynth13process_snareEv
                0x08000c90       0x9c build/DrumSynth.o
                0x08000c90                DrumSynth::process_snare()
 .text._ZN9DrumSynth11trigger_hatEv
                0x08000d2c       0x1c build/DrumSynth.o
                0x08000d2c                DrumSynth::trigger_hat()
 .text._ZN9DrumSynth11process_hatEv
                0x08000d48       0x78 build/DrumSynth.o
                0x08000d48                DrumSynth::process_hat()
 .text._ZN9DrumSynth7processEv
                0x08000dc0       0x88 build/DrumSynth.o
                0x08000dc0                DrumSynth::process()
 .text._ZNSt6vectorIbSaIbEE15_M_copy_alignedESt19_Bit_const_iteratorS2_St13_Bit_iterator.isra.0
                0x08000e48       0x60 build/Sequencer.o
 .text._ZNSt6vectorIbSaIbEE13_M_assign_auxIPKbEEvT_S5_St20forward_iterator_tag.isra.0
                0x08000ea8      0x2c0 build/Sequencer.o
 .text._ZNSt6vectorIbSaIbEEaSERKS1_.isra.0
                0x08001168       0xe0 build/Sequencer.o
 .text._ZN9Sequencer4tickEv
                0x08001248      0x100 build/Sequencer.o
                0x08001248                Sequencer::tick()
 .text._ZN9Sequencer14scroll_patternEb
                0x08001348       0x58 build/Sequencer.o
                0x08001348                Sequencer::scroll_pattern(bool)
 .text._ZNSt6vectorIN9Sequencer8SequenceESaIS1_EE17_M_realloc_insertIJRKS1_EEEvN9__gnu_cxx17__normal_iteratorIPS1_S3_EEDpOT_
                0x080013a0      0x470 build/Sequencer.o
                0x080013a0                void std::vector<Sequencer::Sequence, std::allocator<Sequencer::Sequence> >::_M_realloc_insert<Sequencer::Sequence const&>(__gnu_cxx::__normal_iterator<Sequencer::Sequence*, std::vector<Sequencer::Sequence, std::allocator<Sequencer::Sequence> > >, Sequencer::Sequence const&)
 .text._ZN9Sequencer14init_sequencesEv
                0x08001810      0x508 build/Sequencer.o
                0x08001810                Sequencer::init_sequences()
 .text._ZN9SequencerC2EfR9DrumSynthR10ChordSynth
                0x08001d18       0x28 build/Sequencer.o
                0x08001d18                Sequencer::Sequencer(float, DrumSynth&, ChordSynth&)
                0x08001d18                Sequencer::Sequencer(float, DrumSynth&, ChordSynth&)
 .text._ZN10ChordSynth7processEv
                0x08001d40       0x68 build/ChordSynth.o
                0x08001d40                ChordSynth::process()
 .text._ZNSt6vectorIN7daisysp10OscillatorESaIS1_EE17_M_realloc_insertIJRKS1_EEEvN9__gnu_cxx17__normal_iteratorIPS1_S3_EEDpOT_
                0x08001da8      0x130 build/ChordSynth.o
                0x08001da8                void std::vector<daisysp::Oscillator, std::allocator<daisysp::Oscillator> >::_M_realloc_insert<daisysp::Oscillator const&>(__gnu_cxx::__normal_iterator<daisysp::Oscillator*, std::vector<daisysp::Oscillator, std::allocator<daisysp::Oscillator> > >, daisysp::Oscillator const&)
 .text._ZN10ChordSynth9set_chordESt6vectorIiSaIiEE
                0x08001ed8      0x218 build/ChordSynth.o
                0x08001ed8                ChordSynth::set_chord(std::vector<int, std::allocator<int> >)
 .text._ZN10StrumSynth7processEv
                0x080020f0      0x11c build/StrumSynth.o
                0x080020f0                StrumSynth::process()
 .text._ZN10StrumSynth12trigger_noteEi
                0x0800220c       0x28 build/StrumSynth.o
                0x0800220c                StrumSynth::trigger_note(int)
 .text._ZNSt6vectorIN10StrumSynth10StrumVoiceESaIS1_EE17_M_realloc_insertIJRKS1_EEEvN9__gnu_cxx17__normal_iteratorIPS1_S3_EEDpOT_
                0x08002234      0x114 build/StrumSynth.o
                0x08002234                void std::vector<StrumSynth::StrumVoice, std::allocator<StrumSynth::StrumVoice> >::_M_realloc_insert<StrumSynth::StrumVoice const&>(__gnu_cxx::__normal_iterator<StrumSynth::StrumVoice*, std::vector<StrumSynth::StrumVoice, std::allocator<StrumSynth::StrumVoice> > >, StrumSynth::StrumVoice const&)
 .text._ZN10StrumSynthC2EfRK15InstrumentState
                0x08002348      0x1dc build/StrumSynth.o
                0x08002348                StrumSynth::StrumSynth(float, InstrumentState const&)
                0x08002348                StrumSynth::StrumSynth(float, InstrumentState const&)
 .text._ZNSt6vectorIiSaIiEE17_M_realloc_insertIJRKiEEEvN9__gnu_cxx17__normal_iteratorIPiS1_EEDpOT_
                0x08002524       0xd4 build/StrumSynth.o
                0x08002524                void std::vector<int, std::allocator<int> >::_M_realloc_insert<int const&>(__gnu_cxx::__normal_iterator<int*, std::vector<int, std::allocator<int> > >, int const&)
 .text._ZNSt6vectorIiSaIiEE17_M_realloc_insertIJiEEEvN9__gnu_cxx17__normal_iteratorIPiS1_EEDpOT_
                0x080025f8       0xd4 build/StrumSynth.o
                0x080025f8                void std::vector<int, std::allocator<int> >::_M_realloc_insert<int>(__gnu_cxx::__normal_iterator<int*, std::vector<int, std::allocator<int> > >, int&&)
 .text._ZN10StrumSynth12set_arpeggioESt6vectorIiSaIiEE
                0x080026cc      0x164 build/StrumSynth.o
                0x080026cc                StrumSynth::set_arpeggio(std::vector<int, std::allocator<int> >)
 .text._ZN10StrumSynthD2Ev
                0x08002830       0x14 build/Brizachord.o
                0x08002830                StrumSynth::~StrumSynth()
                0x08002830                StrumSynth::~StrumSynth()
 .text._ZN10Brizachord14audio_callbackEPKPKfPPfj
                0x08002844       0xac build/Brizachord.o
                0x08002844                Brizachord::audio_callback(float const* const*, float**, unsigned int)
 .text._ZN9SequencerD2Ev
                0x080028f0       0x50 build/Brizachord.o
                0x080028f0                Sequencer::~Sequencer()
                0x080028f0                Sequencer::~Sequencer()
 .text._ZNSt13unordered_mapINSt7__cxx1112basic_stringIcSt11char_traitsIcESaIcEEEiSt4hashIS5_ESt8equal_toIS5_ESaISt4pairIKS5_iEEED2Ev
                0x08002940       0x54 build/Brizachord.o
                0x08002940                std::unordered_map<std::__cxx11::basic_string<char, std::char_traits<char>, std::allocator<char> >, int, std::hash<std::__cxx11::basic_string<char, std::char_traits<char>, std::allocator<char> > >, std::equal_to<std::__cxx11::basic_string<char, std::char_traits<char>, std::allocator<char> > >, std::allocator<std::pair<std::__cxx11::basic_string<char, std::char_traits<char>, std::allocator<char> > const, int> > >::~unordered_map()
                0x08002940                std::unordered_map<std::__cxx11::basic_string<char, std::char_traits<char>, std::allocator<char> >, int, std::hash<std::__cxx11::basic_string<char, std::char_traits<char>, std::allocator<char> > >, std::equal_to<std::__cxx11::basic_string<char, std::char_traits<char>, std::allocator<char> > >, std::allocator<std::pair<std::__cxx11::basic_string<char, std::char_traits<char>, std::allocator<char> > const, int> > >::~unordered_map()
 .text._ZN9GPIOState4initEv
                0x08002994      0x27c build/Brizachord.o
                0x08002994                GPIOState::init()
 .text._ZN10Brizachord21poll_pattern_controlsEv
                0x08002c10       0x5c build/Brizachord.o
                0x08002c10                Brizachord::poll_pattern_controls()
 .text._ZN10Brizachord14poll_trill_barEv
                0x08002c6c       0x88 build/Brizachord.o
                0x08002c6c                Brizachord::poll_trill_bar()
 .text._ZN10Brizachord9poll_potsEv
                0x08002cf4      0x184 build/Brizachord.o
                0x08002cf4                Brizachord::poll_pots()
 .text._ZNKSt10_HashtableINSt7__cxx1112basic_stringIcSt11char_traitsIcESaIcEEESt4pairIKS5_iESaIS8_ENSt8__detail10_Select1stESt8equal_toIS5_ESt4hashIS5_ENSA_18_Mod_range_hashingENSA_20_Default_ranged_hashENSA_20_Prime_rehash_policyENSA_17_Hashtable_traitsILb1ELb0ELb1EEEE19_M_find_before_nodeEjRS7_j
                0x08002e78       0x68 build/Brizachord.o
                0x08002e78                std::_Hashtable<std::__cxx11::basic_string<char, std::char_traits<char>, std::allocator<char> >, std::pair<std::__cxx11::basic_string<char, std::char_traits<char>, std::allocator<char> > const, int>, std::allocator<std::pair<std::__cxx11::basic_string<char, std::char_traits<char>, std::allocator<char> > const, int> >, std::__detail::_Select1st, std::equal_to<std::__cxx11::basic_string<char, std::char_traits<char>, std::allocator<char> > >, std::hash<std::__cxx11::basic_string<char, std::char_traits<char>, std::allocator<char> > >, std::__detail::_Mod_range_hashing, std::__detail::_Default_ranged_hash, std::__detail::_Prime_rehash_policy, std::__detail::_Hashtable_traits<true, false, true> >::_M_find_before_node(unsigned int, std::__cxx11::basic_string<char, std::char_traits<char>, std::allocator<char> > const&, unsigned int) const
 .text._ZNSt10_HashtableINSt7__cxx1112basic_stringIcSt11char_traitsIcESaIcEEESt4pairIKS5_iESaIS8_ENSt8__detail10_Select1stESt8equal_toIS5_ESt4hashIS5_ENSA_18_Mod_range_hashingENSA_20_Default_ranged_hashENSA_20_Prime_rehash_policyENSA_17_Hashtable_traitsILb1ELb0ELb1EEEEC2IPKS8_EET_SP_jRKSF_RKSG_RKSH_RKSD_RKSB_RKS9_
                0x08002ee0      0x278 build/Brizachord.o
                0x08002ee0                std::_Hashtable<std::__cxx11::basic_string<char, std::char_traits<char>, std::allocator<char> >, std::pair<std::__cxx11::basic_string<char, std::char_traits<char>, std::allocator<char> > const, int>, std::allocator<std::pair<std::__cxx11::basic_string<char, std::char_traits<char>, std::allocator<char> > const, int> >, std::__detail::_Select1st, std::equal_to<std::__cxx11::basic_string<char, std::char_traits<char>, std::allocator<char> > >, std::hash<std::__cxx11::basic_string<char, std::char_traits<char>, std::allocator<char> > >, std::__detail::_Mod_range_hashing, std::__detail::_Default_ranged_hash, std::__detail::_Prime_rehash_policy, std::__detail::_Hashtable_traits<true, false, true> >::_Hashtable<std::pair<std::__cxx11::basic_string<char, std::char_traits<char>, std::allocator<char> > const, int> const*>(std::pair<std::__cxx11::basic_string<char, std::char_traits<char>, std::allocator<char> > const, int> const*, std::pair<std::__cxx11::basic_string<char, std::char_traits<char>, std::allocator<char> > const, int> const*, unsigned int, std::hash<std::__cxx11::basic_string<char, std::char_traits<char>, std::allocator<char> > > const&, std::__detail::_Mod_range_hashing const&, std::__detail::_Default_ranged_hash const&, std::equal_to<std::__cxx11::basic_string<char, std::char_traits<char>, std::allocator<char> > > const&, std::__detail::_Select1st const&, std::allocator<std::pair<std::__cxx11::basic_string<char, std::char_traits<char>, std::allocator<char> > const, int> > const&)
                0x08002ee0                std::_Hashtable<std::__cxx11::basic_string<char, std::char_traits<char>, std::allocator<char> >, std::pair<std::__cxx11::basic_string<char, std::char_traits<char>, std::allocator<char> > const, int>, std::allocator<std::pair<std::__cxx11::basic_string<char, std::char_traits<char>, std::allocator<char> > const, int> >, std::__detail::_Select1st, std::equal_to<std::__cxx11::basic_string<char, std::char_traits<char>, std::allocator<char> > >, std::hash<std::__cxx11::basic_string<char, std::char_traits<char>, std::allocator<char> > >, std::__detail::_Mod_range_hashing, std::__detail::_Default_ranged_hash, std::__detail::_Prime_rehash_policy, std::__detail::_Hashtable_traits<true, false, true> >::_Hashtable<std::pair<std::__cxx11::basic_string<char, std::char_traits<char>, std::allocator<char> > const, int> const*>(std::pair<std::__cxx11::basic_string<char, std::char_traits<char>, std::allocator<char> > const, int> const*, std::pair<std::__cxx11::basic_string<char, std::char_traits<char>, std::allocator<char> > const, int> const*, unsigned int, std::hash<std::__cxx11::basic_string<char, std::char_traits<char>, std::allocator<char> > > const&, std::__detail::_Mod_range_hashing const&, std::__detail::_Default_ranged_hash const&, std::equal_to<std::__cxx11::basic_string<char, std::char_traits<char>, std::allocator<char> > > const&, std::__detail::_Select1st const&, std::allocator<std::pair<std::__cxx11::basic_string<char, std::char_traits<char>, std::allocator<char> > const, int> > const&)
 .text._Z17note_name_to_midiRKNSt7__cxx1112basic_stringIcSt11char_traitsIcESaIcEEE
                0x08003158      0x1f4 build/Brizachord.o
                0x08003158                note_name_to_midi(std::__cxx11::basic_string<char, std::char_traits<char>, std::allocator<char> > const&)
 .text._Z13chord_to_midi5Chord
                0x0800334c      0x2d0 build/Brizachord.o
                0x0800334c                chord_to_midi(Chord)
 .text._ZN10BrizachordC2Ev
                0x0800361c      0x578 build/Brizachord.o
                0x0800361c                Brizachord::Brizachord()
                0x0800361c                Brizachord::Brizachord()
 .text._ZN10Brizachord15poll_chord_rootEv
                0x08003b94      0x388 build/Brizachord.o
                0x08003b94                Brizachord::poll_chord_root()
 .text._ZN10Brizachord15poll_chord_qualEv
                0x08003f1c      0x240 build/Brizachord.o
                0x08003f1c                Brizachord::poll_chord_qual()
 .text._ZN10Brizachord14poll_chord_extEv
                0x0800415c      0x240 build/Brizachord.o
                0x0800415c                Brizachord::poll_chord_ext()
 .text._ZN10Brizachord9main_loopEv
                0x0800439c      0x18c build/Brizachord.o
                0x0800439c                Brizachord::main_loop()
 .text._ZN10BrizachordD2Ev
                0x08004528       0x4c build/Brizachord.o
                0x08004528                Brizachord::~Brizachord()
                0x08004528                Brizachord::~Brizachord()
 .text._ZN5daisy9DaisySeed9ConfigureEv
                0x08004574        0x4 ../../libDaisy//build\libdaisy.a(daisy_seed.o)
                0x08004574                daisy::DaisySeed::Configure()
 .text._ZN5daisy9DaisySeed6GetPinEh
                0x08004578       0x2c ../../libDaisy//build\libdaisy.a(daisy_seed.o)
                0x08004578                daisy::DaisySeed::GetPin(unsigned char)
 .text._ZN5daisy9DaisySeed10StartAudioEPFvPKPKfPPfjE
                0x080045a4        0x8 ../../libDaisy//build\libdaisy.a(daisy_seed.o)
                0x080045a4                daisy::DaisySeed::StartAudio(void (*)(float const* const*, float**, unsigned int))
 .text._ZN5daisy9DaisySeed18SetAudioSampleRateENS_9SaiHandle6Config10SampleRateE
                0x080045ac       0x38 ../../libDaisy//build\libdaisy.a(daisy_seed.o)
                0x080045ac                daisy::DaisySeed::SetAudioSampleRate(daisy::SaiHandle::Config::SampleRate)
 .text._ZN5daisy9DaisySeed17SetAudioBlockSizeEj
                0x080045e4       0x38 ../../libDaisy//build\libdaisy.a(daisy_seed.o)
                0x080045e4                daisy::DaisySeed::SetAudioBlockSize(unsigned int)
 .text._ZN5daisy9DaisySeed6SetLedEb
                0x0800461c        0x8 ../../libDaisy//build\libdaisy.a(daisy_seed.o)
                0x0800461c                daisy::DaisySeed::SetLed(bool)
 .text._ZN5daisy9DaisySeed17CheckBoardVersionEv
                0x08004624       0x6c ../../libDaisy//build\libdaisy.a(daisy_seed.o)
                0x08004624                daisy::DaisySeed::CheckBoardVersion()
 .text._ZN5daisy9DaisySeed14ConfigureAudioEv
                0x08004690      0x110 ../../libDaisy//build\libdaisy.a(daisy_seed.o)
                0x08004690                daisy::DaisySeed::ConfigureAudio()
 .text._ZN5daisy9DaisySeed4InitEb
                0x080047a0      0x104 ../../libDaisy//build\libdaisy.a(daisy_seed.o)
                0x080047a0                daisy::DaisySeed::Init(bool)
 .text._ZN5daisy6Ak45564InitENS_3PinE
                0x080048a4       0x44 ../../libDaisy//build\libdaisy.a(codec_ak4556.o)
                0x080048a4                daisy::Ak4556::Init(daisy::Pin)
 .text._ZN5daisy6Wm873120WriteControlRegisterEht
                0x080048e8       0x3c ../../libDaisy//build\libdaisy.a(codec_wm8731.o)
                0x080048e8                daisy::Wm8731::WriteControlRegister(unsigned char, unsigned short)
 .text._ZN5daisy6Wm87314InitERKNS0_6ConfigENS_9I2CHandleE
                0x08004924      0x1bc ../../libDaisy//build\libdaisy.a(codec_wm8731.o)
                0x08004924                daisy::Wm8731::Init(daisy::Wm8731::Config const&, daisy::I2CHandle)
 .text._ZN11SdramHandle10DeviceInitEv
                0x08004ae0       0x98 ../../libDaisy//build\libdaisy.a(sdram.o)
                0x08004ae0                SdramHandle::DeviceInit()
 .text._ZN11SdramHandle4InitEv
                0x08004b78       0x7c ../../libDaisy//build\libdaisy.a(sdram.o)
                0x08004b78                SdramHandle::Init()
 .text.HAL_SDRAM_MspInit
                0x08004bf4      0x1a8 ../../libDaisy//build\libdaisy.a(sdram.o)
                0x08004bf4                HAL_SDRAM_MspInit
 .text._ZN5daisy11AudioHandle4Impl16InternalCallbackEPlS2_j
                0x08004d9c      0xbbc ../../libDaisy//build\libdaisy.a(audio.o)
                0x08004d9c                daisy::AudioHandle::Impl::InternalCallback(long*, long*, unsigned int)
 .text._ZN5daisy11AudioHandle4InitERKNS0_6ConfigENS_9SaiHandleE
                0x08005958       0x70 ../../libDaisy//build\libdaisy.a(audio.o)
                0x08005958                daisy::AudioHandle::Init(daisy::AudioHandle::Config const&, daisy::SaiHandle)
 .text._ZNK5daisy11AudioHandle9GetConfigEv
                0x080059c8        0x8 ../../libDaisy//build\libdaisy.a(audio.o)
                0x080059c8                daisy::AudioHandle::GetConfig() const
 .text._ZN5daisy11AudioHandle12SetBlockSizeEj
                0x080059d0       0x1c ../../libDaisy//build\libdaisy.a(audio.o)
                0x080059d0                daisy::AudioHandle::SetBlockSize(unsigned int)
 .text._ZN5daisy11AudioHandle13GetSampleRateEv
                0x080059ec        0x8 ../../libDaisy//build\libdaisy.a(audio.o)
                0x080059ec                daisy::AudioHandle::GetSampleRate()
 .text._ZN5daisy11AudioHandle13SetSampleRateENS_9SaiHandle6Config10SampleRateE
                0x080059f4       0xa8 ../../libDaisy//build\libdaisy.a(audio.o)
                0x080059f4                daisy::AudioHandle::SetSampleRate(daisy::SaiHandle::Config::SampleRate)
 .text._ZN5daisy11AudioHandle5StartEPFvPKPKfPPfjE
                0x08005a9c       0x44 ../../libDaisy//build\libdaisy.a(audio.o)
                0x08005a9c                daisy::AudioHandle::Start(void (*)(float const* const*, float**, unsigned int))
 .text.startup._GLOBAL__sub_I__ZN5daisy11AudioHandle4Impl4InitENS0_6ConfigENS_9SaiHandleE
                0x08005ae0       0x24 ../../libDaisy//build\libdaisy.a(audio.o)
 .text._ZN5daisy6Switch4InitENS_3PinEfNS0_4TypeENS0_8PolarityENS_4GPIO4PullE
                0x08005b04       0x40 ../../libDaisy//build\libdaisy.a(switch.o)
                0x08005b04                daisy::Switch::Init(daisy::Pin, float, daisy::Switch::Type, daisy::Switch::Polarity, daisy::GPIO::Pull)
 .text._ZN5daisy6Switch8DebounceEv
                0x08005b44       0x54 ../../libDaisy//build\libdaisy.a(switch.o)
                0x08005b44                daisy::Switch::Debounce()
 .text._ZN5daisy16AdcChannelConfig10InitSingleENS_3PinENS0_15ConversionSpeedE
                0x08005b98       0x20 ../../libDaisy//build\libdaisy.a(adc.o)
                0x08005b98                daisy::AdcChannelConfig::InitSingle(daisy::Pin, daisy::AdcChannelConfig::ConversionSpeed)
 .text._ZN5daisy9AdcHandle4InitEPNS_16AdcChannelConfigEjNS0_12OverSamplingE
                0x08005bb8      0x410 ../../libDaisy//build\libdaisy.a(adc.o)
                0x08005bb8                daisy::AdcHandle::Init(daisy::AdcChannelConfig*, unsigned int, daisy::AdcHandle::OverSampling)
 .text._ZN5daisy9AdcHandle5StartEv
                0x08005fc8       0x2c ../../libDaisy//build\libdaisy.a(adc.o)
                0x08005fc8                daisy::AdcHandle::Start()
 .text._ZNK5daisy9AdcHandle8GetFloatEh
                0x08005ff4       0x20 ../../libDaisy//build\libdaisy.a(adc.o)
                0x08005ff4                daisy::AdcHandle::GetFloat(unsigned char) const
 .text.HAL_ADC_MspInit
                0x08006014       0xa4 ../../libDaisy//build\libdaisy.a(adc.o)
                0x08006014                HAL_ADC_MspInit
 .text.DMA1_Stream2_IRQHandler
                0x080060b8        0xc ../../libDaisy//build\libdaisy.a(adc.o)
                0x080060b8                DMA1_Stream2_IRQHandler
 .text.HAL_ADC_ConvCpltCallback
                0x080060c4      0x15c ../../libDaisy//build\libdaisy.a(adc.o)
                0x080060c4                HAL_ADC_ConvCpltCallback
 .text.HAL_ADC_ErrorCallback
                0x08006220        0x4 ../../libDaisy//build\libdaisy.a(adc.o)
                0x08006220                HAL_ADC_ErrorCallback
 .text.startup._GLOBAL__sub_I__ZN5daisy16AdcChannelConfig10InitSingleENS_3PinENS0_15ConversionSpeedE
                0x08006224       0x38 ../../libDaisy//build\libdaisy.a(adc.o)
 .text._ZN5daisy4GPIO4InitERKNS0_6ConfigE
                0x0800625c      0x1cc ../../libDaisy//build\libdaisy.a(gpio.o)
                0x0800625c                daisy::GPIO::Init(daisy::GPIO::Config const&)
 .text._ZN5daisy4GPIO4InitEv
                0x08006428      0x1bc ../../libDaisy//build\libdaisy.a(gpio.o)
                0x08006428                daisy::GPIO::Init()
 .text._ZN5daisy4GPIO4InitENS_3PinENS0_4ModeENS0_4PullENS0_5SpeedE
                0x080065e4      0x1cc ../../libDaisy//build\libdaisy.a(gpio.o)
                0x080065e4                daisy::GPIO::Init(daisy::Pin, daisy::GPIO::Mode, daisy::GPIO::Pull, daisy::GPIO::Speed)
 .text._ZN5daisy4GPIO4ReadEv
                0x080067b0       0x18 ../../libDaisy//build\libdaisy.a(gpio.o)
                0x080067b0                daisy::GPIO::Read()
 .text._ZN5daisy4GPIO5WriteEb
                0x080067c8       0x14 ../../libDaisy//build\libdaisy.a(gpio.o)
                0x080067c8                daisy::GPIO::Write(bool)
 .text._ZN5daisy9I2CHandle4Impl8InitPinsEv
                0x080067dc       0x70 ../../libDaisy//build\libdaisy.a(i2c.o)
                0x080067dc                daisy::I2CHandle::Impl::InitPins()
 .text.HAL_I2C_MspInit
                0x0800684c      0x1b4 ../../libDaisy//build\libdaisy.a(i2c.o)
                0x0800684c                HAL_I2C_MspInit
 .text.dsy_i2c_global_init
                0x08006a00       0x78 ../../libDaisy//build\libdaisy.a(i2c.o)
                0x08006a00                dsy_i2c_global_init
 .text.DMA1_Stream6_IRQHandler
                0x08006a78       0x34 ../../libDaisy//build\libdaisy.a(i2c.o)
                0x08006a78                DMA1_Stream6_IRQHandler
 .text.I2C1_EV_IRQHandler
                0x08006aac        0xc ../../libDaisy//build\libdaisy.a(i2c.o)
                0x08006aac                I2C1_EV_IRQHandler
 .text.I2C2_EV_IRQHandler
                0x08006ab8        0xc ../../libDaisy//build\libdaisy.a(i2c.o)
                0x08006ab8                I2C2_EV_IRQHandler
 .text.I2C3_EV_IRQHandler
                0x08006ac4        0xc ../../libDaisy//build\libdaisy.a(i2c.o)
                0x08006ac4                I2C3_EV_IRQHandler
 .text._ZN5daisy9I2CHandle4InitERKNS0_6ConfigE
                0x08006ad0      0x130 ../../libDaisy//build\libdaisy.a(i2c.o)
                0x08006ad0                daisy::I2CHandle::Init(daisy::I2CHandle::Config const&)
 .text._ZN5daisy9I2CHandle16TransmitBlockingEtPhtm
                0x08006c00       0x50 ../../libDaisy//build\libdaisy.a(i2c.o)
                0x08006c00                daisy::I2CHandle::TransmitBlocking(unsigned short, unsigned char*, unsigned short, unsigned long)
 .text._ZN5daisy9I2CHandle15ReceiveBlockingEtPhtm
                0x08006c50       0x50 ../../libDaisy//build\libdaisy.a(i2c.o)
                0x08006c50                daisy::I2CHandle::ReceiveBlocking(unsigned short, unsigned char*, unsigned short, unsigned long)
 .text.startup._GLOBAL__sub_I__ZN5daisy9I2CHandle4Impl10GlobalInitEv
                0x08006ca0       0x2c ../../libDaisy//build\libdaisy.a(i2c.o)
 .text._ZN5daisy10QSPIHandle4Impl11WriteEnableEv
                0x08006ccc       0x8c ../../libDaisy//build\libdaisy.a(qspi.o)
                0x08006ccc                daisy::QSPIHandle::Impl::WriteEnable()
 .text._ZN5daisy10QSPIHandle4Impl17DummyCyclesConfigENS0_6Config6DeviceE
                0x08006d58      0x118 ../../libDaisy//build\libdaisy.a(qspi.o)
                0x08006d58                daisy::QSPIHandle::Impl::DummyCyclesConfig(daisy::QSPIHandle::Config::Device)
 .text._ZN5daisy10QSPIHandle4Impl10QuadEnableEv
                0x08006e70      0x158 ../../libDaisy//build\libdaisy.a(qspi.o)
                0x08006e70                daisy::QSPIHandle::Impl::QuadEnable()
 .text._ZN5daisy10QSPIHandle4InitERKNS0_6ConfigE
                0x08006fc8      0x18c ../../libDaisy//build\libdaisy.a(qspi.o)
                0x08006fc8                daisy::QSPIHandle::Init(daisy::QSPIHandle::Config const&)
 .text.HAL_QSPI_MspInit
                0x08007154      0x114 ../../libDaisy//build\libdaisy.a(qspi.o)
                0x08007154                HAL_QSPI_MspInit
 .text.HAL_QSPI_MspDeInit
                0x08007268       0x60 ../../libDaisy//build\libdaisy.a(qspi.o)
                0x08007268                HAL_QSPI_MspDeInit
 .text.QUADSPI_IRQHandler
                0x080072c8        0xc ../../libDaisy//build\libdaisy.a(qspi.o)
                0x080072c8                QUADSPI_IRQHandler
 .text.startup._GLOBAL__sub_I__ZN5daisy10QSPIHandle4Impl4InitERKNS0_6ConfigE
                0x080072d4       0x34 ../../libDaisy//build\libdaisy.a(qspi.o)
 .text._ZN5daisy9SaiHandle4Impl7InitDmaENS1_15PeripheralBlockE
                0x08007308       0xa0 ../../libDaisy//build\libdaisy.a(sai.o)
                0x08007308                daisy::SaiHandle::Impl::InitDma(daisy::SaiHandle::Impl::PeripheralBlock)
 .text._ZN5daisy9SaiHandle4Impl8InitPinsEv
                0x080073a8       0xbc ../../libDaisy//build\libdaisy.a(sai.o)
                0x080073a8                daisy::SaiHandle::Impl::InitPins()
 .text.HAL_SAI_MspInit
                0x08007464      0x164 ../../libDaisy//build\libdaisy.a(sai.o)
                0x08007464                HAL_SAI_MspInit
 .text.DMA1_Stream0_IRQHandler
                0x080075c8        0xc ../../libDaisy//build\libdaisy.a(sai.o)
                0x080075c8                DMA1_Stream0_IRQHandler
 .text.DMA1_Stream1_IRQHandler
                0x080075d4        0xc ../../libDaisy//build\libdaisy.a(sai.o)
                0x080075d4                DMA1_Stream1_IRQHandler
 .text.DMA1_Stream3_IRQHandler
                0x080075e0        0xc ../../libDaisy//build\libdaisy.a(sai.o)
                0x080075e0                DMA1_Stream3_IRQHandler
 .text.DMA1_Stream4_IRQHandler
                0x080075ec        0xc ../../libDaisy//build\libdaisy.a(sai.o)
                0x080075ec                DMA1_Stream4_IRQHandler
 .text.HAL_SAI_RxHalfCpltCallback
                0x080075f8       0x78 ../../libDaisy//build\libdaisy.a(sai.o)
                0x080075f8                HAL_SAI_RxHalfCpltCallback
 .text.HAL_SAI_RxCpltCallback
                0x08007670       0x70 ../../libDaisy//build\libdaisy.a(sai.o)
                0x08007670                HAL_SAI_RxCpltCallback
 .text._ZN5daisy9SaiHandle4InitERKNS0_6ConfigE
                0x080076e0      0x1f0 ../../libDaisy//build\libdaisy.a(sai.o)
                0x080076e0                daisy::SaiHandle::Init(daisy::SaiHandle::Config const&)
 .text._ZNK5daisy9SaiHandle9GetConfigEv
                0x080078d0        0x4 ../../libDaisy//build\libdaisy.a(sai.o)
                0x080078d0                daisy::SaiHandle::GetConfig() const
 .text._ZN5daisy9SaiHandle8StartDmaEPlS1_jPFvS1_S1_jE
                0x080078d4       0xbc ../../libDaisy//build\libdaisy.a(sai.o)
                0x080078d4                daisy::SaiHandle::StartDma(long*, long*, unsigned int, void (*)(long*, long*, unsigned int))
 .text._ZN5daisy9SaiHandle13GetSampleRateEv
                0x08007990       0x24 ../../libDaisy//build\libdaisy.a(sai.o)
                0x08007990                daisy::SaiHandle::GetSampleRate()
 .text._ZNK5daisy9SaiHandle9GetOffsetEv
                0x080079b4        0x8 ../../libDaisy//build\libdaisy.a(sai.o)
                0x080079b4                daisy::SaiHandle::GetOffset() const
 .text.startup._GLOBAL__sub_I__ZN5daisy9SaiHandle4Impl4InitERKNS0_6ConfigE
                0x080079bc       0x20 ../../libDaisy//build\libdaisy.a(sai.o)
 .text._ZN5daisy11TimerHandleD2Ev
                0x080079dc        0x4 ../../libDaisy//build\libdaisy.a(system.o)
                0x080079dc                daisy::TimerHandle::~TimerHandle()
                0x080079dc                daisy::TimerHandle::~TimerHandle()
 .text.SysTick_Handler
                0x080079e0       0x10 ../../libDaisy//build\libdaisy.a(system.o)
                0x080079e0                SysTick_Handler
 .text.OTG_HS_EP1_OUT_IRQHandler
                0x080079f0       0x24 ../../libDaisy//build\libdaisy.a(system.o)
                0x080079f0                OTG_HS_EP1_OUT_IRQHandler
 .text.OTG_HS_EP1_IN_IRQHandler
                0x08007a14       0x24 ../../libDaisy//build\libdaisy.a(system.o)
                0x08007a14                OTG_HS_EP1_IN_IRQHandler
 .text.OTG_HS_IRQHandler
                0x08007a38       0x24 ../../libDaisy//build\libdaisy.a(system.o)
                0x08007a38                OTG_HS_IRQHandler
 .text.HardFault_Handler
                0x08007a5c       0xe0 ../../libDaisy//build\libdaisy.a(system.o)
                0x08007a5c                HardFault_Handler
 .text._ZN5daisy6System6GetNowEv
                0x08007b3c        0x4 ../../libDaisy//build\libdaisy.a(system.o)
                0x08007b3c                daisy::System::GetNow()
 .text._ZN5daisy6System5DelayEm
                0x08007b40        0x4 ../../libDaisy//build\libdaisy.a(system.o)
                0x08007b40                daisy::System::Delay(unsigned long)
 .text._ZN5daisy6System20GetBootloaderVersionEv
                0x08007b44       0x34 ../../libDaisy//build\libdaisy.a(system.o)
                0x08007b44                daisy::System::GetBootloaderVersion()
 .text._ZN5daisy6System15ConfigureClocksEv
                0x08007b78      0x1a4 ../../libDaisy//build\libdaisy.a(system.o)
                0x08007b78                daisy::System::ConfigureClocks()
 .text._ZN5daisy6System12ConfigureMpuEv
                0x08007d1c       0x7c ../../libDaisy//build\libdaisy.a(system.o)
                0x08007d1c                daisy::System::ConfigureMpu()
 .text._ZN5daisy6System4InitERKNS0_6ConfigE
                0x08007d98       0xf8 ../../libDaisy//build\libdaisy.a(system.o)
                0x08007d98                daisy::System::Init(daisy::System::Config const&)
 .text._ZN5daisy6System12GetPClk1FreqEv
                0x08007e90        0x4 ../../libDaisy//build\libdaisy.a(system.o)
                0x08007e90                daisy::System::GetPClk1Freq()
 .text._ZN5daisy6System22GetProgramMemoryRegionEv
                0x08007e94       0x78 ../../libDaisy//build\libdaisy.a(system.o)
                0x08007e94                daisy::System::GetProgramMemoryRegion()
 .text.startup._GLOBAL__sub_I__ZN5daisy9boot_infoE
                0x08007f0c       0x1c ../../libDaisy//build\libdaisy.a(system.o)
 .text.SystemInit
                0x08007f28       0x9c ../../libDaisy//build\libdaisy.a(system_stm32h7xx.o)
                0x08007f28                SystemInit
 .text.HAL_PCD_SetupStageCallback
                0x08007fc4        0xc ../../libDaisy//build\libdaisy.a(usbd_conf.o)
                0x08007fc4                HAL_PCD_SetupStageCallback
 .text.HAL_PCD_DataOutStageCallback
                0x08007fd0       0x14 ../../libDaisy//build\libdaisy.a(usbd_conf.o)
                0x08007fd0                HAL_PCD_DataOutStageCallback
 .text.HAL_PCD_DataInStageCallback
                0x08007fe4       0x14 ../../libDaisy//build\libdaisy.a(usbd_conf.o)
                0x08007fe4                HAL_PCD_DataInStageCallback
 .text.HAL_PCD_SOFCallback
                0x08007ff8        0x8 ../../libDaisy//build\libdaisy.a(usbd_conf.o)
                0x08007ff8                HAL_PCD_SOFCallback
 .text.HAL_PCD_ResetCallback
                0x08008000       0x24 ../../libDaisy//build\libdaisy.a(usbd_conf.o)
                0x08008000                HAL_PCD_ResetCallback
 .text.HAL_PCD_SuspendCallback
                0x08008024       0x30 ../../libDaisy//build\libdaisy.a(usbd_conf.o)
                0x08008024                HAL_PCD_SuspendCallback
 .text.HAL_PCD_ResumeCallback
                0x08008054        0x8 ../../libDaisy//build\libdaisy.a(usbd_conf.o)
                0x08008054                HAL_PCD_ResumeCallback
 .text.HAL_PCD_ISOOUTIncompleteCallback
                0x0800805c        0x8 ../../libDaisy//build\libdaisy.a(usbd_conf.o)
                0x0800805c                HAL_PCD_ISOOUTIncompleteCallback
 .text.HAL_PCD_ISOINIncompleteCallback
                0x08008064        0x8 ../../libDaisy//build\libdaisy.a(usbd_conf.o)
                0x08008064                HAL_PCD_ISOINIncompleteCallback
 .text.HAL_PCD_ConnectCallback
                0x0800806c        0x8 ../../libDaisy//build\libdaisy.a(usbd_conf.o)
                0x0800806c                HAL_PCD_ConnectCallback
 .text.HAL_PCD_DisconnectCallback
                0x08008074        0x8 ../../libDaisy//build\libdaisy.a(usbd_conf.o)
                0x08008074                HAL_PCD_DisconnectCallback
 .text.USBD_LL_OpenEP
                0x0800807c       0x24 ../../libDaisy//build\libdaisy.a(usbd_conf.o)
                0x0800807c                USBD_LL_OpenEP
 .text.USBD_LL_StallEP
                0x080080a0       0x1c ../../libDaisy//build\libdaisy.a(usbd_conf.o)
                0x080080a0                USBD_LL_StallEP
 .text.USBD_LL_ClearStallEP
                0x080080bc       0x1c ../../libDaisy//build\libdaisy.a(usbd_conf.o)
                0x080080bc                USBD_LL_ClearStallEP
 .text.USBD_LL_IsStallEP
                0x080080d8       0x28 ../../libDaisy//build\libdaisy.a(usbd_conf.o)
                0x080080d8                USBD_LL_IsStallEP
 .text.USBD_LL_SetUSBAddress
                0x08008100       0x1c ../../libDaisy//build\libdaisy.a(usbd_conf.o)
                0x08008100                USBD_LL_SetUSBAddress
 .text.USBD_LL_Transmit
                0x0800811c       0x1c ../../libDaisy//build\libdaisy.a(usbd_conf.o)
                0x0800811c                USBD_LL_Transmit
 .text.USBD_LL_PrepareReceive
                0x08008138       0x1c ../../libDaisy//build\libdaisy.a(usbd_conf.o)
                0x08008138                USBD_LL_PrepareReceive
 .text.HAL_HCD_SOF_Callback
                0x08008154        0x8 ../../libDaisy//build\libdaisy.a(usbh_conf.o)
                0x08008154                HAL_HCD_SOF_Callback
 .text.HAL_HCD_Connect_Callback
                0x0800815c        0x8 ../../libDaisy//build\libdaisy.a(usbh_conf.o)
                0x0800815c                HAL_HCD_Connect_Callback
 .text.HAL_HCD_Disconnect_Callback
                0x08008164        0x8 ../../libDaisy//build\libdaisy.a(usbh_conf.o)
                0x08008164                HAL_HCD_Disconnect_Callback
 .text.HAL_HCD_HC_NotifyURBChange_Callback
                0x0800816c        0x4 ../../libDaisy//build\libdaisy.a(usbh_conf.o)
                0x0800816c                HAL_HCD_HC_NotifyURBChange_Callback
 .text.HAL_HCD_PortEnabled_Callback
                0x08008170        0x8 ../../libDaisy//build\libdaisy.a(usbh_conf.o)
                0x08008170                HAL_HCD_PortEnabled_Callback
 .text.HAL_HCD_PortDisabled_Callback
                0x08008178        0x8 ../../libDaisy//build\libdaisy.a(usbh_conf.o)
                0x08008178                HAL_HCD_PortDisabled_Callback
 .text.USBH_LL_Stop
                0x08008180       0x1c ../../libDaisy//build\libdaisy.a(usbh_conf.o)
                0x08008180                USBH_LL_Stop
 .text._ZN5TrillD2Ev
                0x0800819c       0x28 ../../libDaisy//build\libdaisy.a(Trill.o)
                0x0800819c                Trill::~Trill()
                0x0800819c                Trill::~Trill()
 .text._ZNSt6vectorI21trillRescaleFactors_tSaIS0_EED2Ev
                0x080081c4       0x14 ../../libDaisy//build\libdaisy.a(Trill.o)
                0x080081c4                std::vector<trillRescaleFactors_t, std::allocator<trillRescaleFactors_t> >::~vector()
                0x080081c4                std::vector<trillRescaleFactors_t, std::allocator<trillRescaleFactors_t> >::~vector()
 .text._ZNSt7__cxx1112basic_stringIcSt11char_traitsIcESaIcEE12_M_constructIPcEEvT_S7_St20forward_iterator_tag.isra.0
                0x080081d8       0x68 ../../libDaisy//build\libdaisy.a(Trill.o)
 .text.startup._ZNSt7__cxx1112basic_stringIcSt11char_traitsIcESaIcEEC2EOS4_.isra.0
                0x08008240       0x40 ../../libDaisy//build\libdaisy.a(Trill.o)
 .text.startup._ZNSt7__cxx1112basic_stringIcSt11char_traitsIcESaIcEEC2EPKcRKS3_.isra.0
                0x08008280       0x64 ../../libDaisy//build\libdaisy.a(Trill.o)
 .text._ZN5TrillD0Ev
                0x080082e4       0x30 ../../libDaisy//build\libdaisy.a(Trill.o)
                0x080082e4                Trill::~Trill()
 .text._ZNSt8_Rb_treeIN5Trill6DeviceESt4pairIKS1_13TrillDefaultsESt10_Select1stIS5_ESt4lessIS1_ESaIS5_EE8_M_eraseEPSt13_Rb_tree_nodeIS5_E.isra.0
                0x08008314      0x228 ../../libDaisy//build\libdaisy.a(Trill.o)
 .text._ZNSt3mapIN5Trill6DeviceE13TrillDefaultsSt4lessIS1_ESaISt4pairIKS1_S2_EEED2Ev
                0x0800853c       0x40 ../../libDaisy//build\libdaisy.a(Trill.o)
                0x0800853c                std::map<Trill::Device, TrillDefaults, std::less<Trill::Device>, std::allocator<std::pair<Trill::Device const, TrillDefaults> > >::~map()
                0x0800853c                std::map<Trill::Device, TrillDefaults, std::less<Trill::Device>, std::allocator<std::pair<Trill::Device const, TrillDefaults> > >::~map()
 .text._ZNSt8_Rb_treeIN5Trill4ModeESt4pairIKS1_NSt7__cxx1112basic_stringIcSt11char_traitsIcESaIcEEEESt10_Select1stISA_ESt4lessIS1_ESaISA_EE8_M_eraseEPSt13_Rb_tree_nodeISA_E.isra.0
                0x0800857c      0x228 ../../libDaisy//build\libdaisy.a(Trill.o)
 .text._ZNSt3mapIN5Trill4ModeENSt7__cxx1112basic_stringIcSt11char_traitsIcESaIcEEESt4lessIS1_ESaISt4pairIKS1_S7_EEED2Ev
                0x080087a4       0x40 ../../libDaisy//build\libdaisy.a(Trill.o)
                0x080087a4                std::map<Trill::Mode, std::__cxx11::basic_string<char, std::char_traits<char>, std::allocator<char> >, std::less<Trill::Mode>, std::allocator<std::pair<Trill::Mode const, std::__cxx11::basic_string<char, std::char_traits<char>, std::allocator<char> > > > >::~map()
                0x080087a4                std::map<Trill::Mode, std::__cxx11::basic_string<char, std::char_traits<char>, std::allocator<char> >, std::less<Trill::Mode>, std::allocator<std::pair<Trill::Mode const, std::__cxx11::basic_string<char, std::char_traits<char>, std::allocator<char> > > > >::~map()
 .text._ZN5TrillC2Ev
                0x080087e4       0x4c ../../libDaisy//build\libdaisy.a(Trill.o)
                0x080087e4                Trill::Trill()
                0x080087e4                Trill::Trill()
 .text._ZN5Trill13readBytesFromEhPhjPKc
                0x08008830       0xc4 ../../libDaisy//build\libdaisy.a(Trill.o)
                0x08008830                Trill::readBytesFrom(unsigned char, unsigned char*, unsigned int, char const*)
 .text._ZN5Trill10waitForAckEhPKc
                0x080088f4      0x1f8 ../../libDaisy//build\libdaisy.a(Trill.o)
                0x080088f4                Trill::waitForAck(unsigned char, char const*)
 .text._ZN5Trill21writeCommandAndHandleEPKhjPKc.constprop.0
                0x08008aec       0xb8 ../../libDaisy//build\libdaisy.a(Trill.o)
 .text._ZN5Trill21writeCommandAndHandleEPKhjPKc.constprop.1
                0x08008ba4       0xd8 ../../libDaisy//build\libdaisy.a(Trill.o)
 .text._ZN5Trill21writeCommandAndHandleEPKhjPKc.constprop.2
                0x08008c7c       0xc8 ../../libDaisy//build\libdaisy.a(Trill.o)
 .text._ZN5Trill8identifyEv
                0x08008d44       0x90 ../../libDaisy//build\libdaisy.a(Trill.o)
                0x08008d44                Trill::identify()
 .text._ZN5Trill14setChannelMaskEm
                0x08008dd4       0xb4 ../../libDaisy//build\libdaisy.a(Trill.o)
                0x08008dd4                Trill::setChannelMask(unsigned long)
 .text._ZN5Trill12parseNewDataEb
                0x08008e88      0x208 ../../libDaisy//build\libdaisy.a(Trill.o)
                0x08008e88                Trill::parseNewData(bool)
 .text._ZN5Trill13getNumTouchesEv
                0x08009090       0x14 ../../libDaisy//build\libdaisy.a(Trill.o)
                0x08009090                Trill::getNumTouches()
 .text._ZN5Trill13touchLocationEh
                0x080090a4       0x48 ../../libDaisy//build\libdaisy.a(Trill.o)
                0x080090a4                Trill::touchLocation(unsigned char)
 .text._ZNSt3mapIN5Trill6DeviceE13TrillDefaultsSt4lessIS1_ESaISt4pairIKS1_S2_EEEC2ESt16initializer_listIS7_ERKS4_RKS8_
                0x080090ec      0x160 ../../libDaisy//build\libdaisy.a(Trill.o)
                0x080090ec                std::map<Trill::Device, TrillDefaults, std::less<Trill::Device>, std::allocator<std::pair<Trill::Device const, TrillDefaults> > >::map(std::initializer_list<std::pair<Trill::Device const, TrillDefaults> >, std::less<Trill::Device> const&, std::allocator<std::pair<Trill::Device const, TrillDefaults> > const&)
                0x080090ec                std::map<Trill::Device, TrillDefaults, std::less<Trill::Device>, std::allocator<std::pair<Trill::Device const, TrillDefaults> > >::map(std::initializer_list<std::pair<Trill::Device const, TrillDefaults> >, std::less<Trill::Device> const&, std::allocator<std::pair<Trill::Device const, TrillDefaults> > const&)
 .text._ZNSt3mapIN5Trill4ModeENSt7__cxx1112basic_stringIcSt11char_traitsIcESaIcEEESt4lessIS1_ESaISt4pairIKS1_S7_EEEC2ESt16initializer_listISC_ERKS9_RKSD_
                0x0800924c      0x14c ../../libDaisy//build\libdaisy.a(Trill.o)
                0x0800924c                std::map<Trill::Mode, std::__cxx11::basic_string<char, std::char_traits<char>, std::allocator<char> >, std::less<Trill::Mode>, std::allocator<std::pair<Trill::Mode const, std::__cxx11::basic_string<char, std::char_traits<char>, std::allocator<char> > > > >::map(std::initializer_list<std::pair<Trill::Mode const, std::__cxx11::basic_string<char, std::char_traits<char>, std::allocator<char> > > >, std::less<Trill::Mode> const&, std::allocator<std::pair<Trill::Mode const, std::__cxx11::basic_string<char, std::char_traits<char>, std::allocator<char> > > > const&)
                0x0800924c                std::map<Trill::Mode, std::__cxx11::basic_string<char, std::char_traits<char>, std::allocator<char> >, std::less<Trill::Mode>, std::allocator<std::pair<Trill::Mode const, std::__cxx11::basic_string<char, std::char_traits<char>, std::allocator<char> > > > >::map(std::initializer_list<std::pair<Trill::Mode const, std::__cxx11::basic_string<char, std::char_traits<char>, std::allocator<char> > > >, std::less<Trill::Mode> const&, std::allocator<std::pair<Trill::Mode const, std::__cxx11::basic_string<char, std::char_traits<char>, std::allocator<char> > > > const&)
 .text.startup._Z41__static_initialization_and_destruction_0ii.constprop.0
                0x08009398      0x4d4 ../../libDaisy//build\libdaisy.a(Trill.o)
 .text._ZNSt6vectorIfSaIfEE17_M_default_appendEj
                0x0800986c       0xd8 ../../libDaisy//build\libdaisy.a(Trill.o)
                0x0800986c                std::vector<float, std::allocator<float> >::_M_default_append(unsigned int)
 .text._ZN5Trill5setupEjNS_6DeviceEh
                0x08009944      0x580 ../../libDaisy//build\libdaisy.a(Trill.o)
                0x08009944                Trill::setup(unsigned int, Trill::Device, unsigned char)
 .text._ZNSt6vectorIhSaIhEE17_M_default_appendEj
                0x08009ec4       0xb4 ../../libDaisy//build\libdaisy.a(Trill.o)
                0x08009ec4                std::vector<unsigned char, std::allocator<unsigned char> >::_M_default_append(unsigned int)
 .text._ZN5Trill7readI2CEb
                0x08009f78      0x12c ../../libDaisy//build\libdaisy.a(Trill.o)
                0x08009f78                Trill::readI2C(bool)
 .text.startup._GLOBAL__sub_I__ZN5Trill11speedValuesE
                0x0800a0a4        0x4 ../../libDaisy//build\libdaisy.a(Trill.o)
 .text.HAL_MspInit
                0x0800a0a8        0x4 ../../libDaisy//build\libdaisy.a(stm32h7xx_hal.o)
                0x0800a0a8                HAL_MspInit
 .text.HAL_InitTick
                0x0800a0ac       0x4c ../../libDaisy//build\libdaisy.a(stm32h7xx_hal.o)
                0x0800a0ac                HAL_InitTick
 .text.HAL_Init
                0x0800a0f8       0x60 ../../libDaisy//build\libdaisy.a(stm32h7xx_hal.o)
                0x0800a0f8                HAL_Init
 .text.HAL_IncTick
                0x0800a158       0x18 ../../libDaisy//build\libdaisy.a(stm32h7xx_hal.o)
                0x0800a158                HAL_IncTick
 .text.HAL_GetTick
                0x0800a170        0xc ../../libDaisy//build\libdaisy.a(stm32h7xx_hal.o)
                0x0800a170                HAL_GetTick
 .text.HAL_Delay
                0x0800a17c       0x24 ../../libDaisy//build\libdaisy.a(stm32h7xx_hal.o)
                0x0800a17c                HAL_Delay
 .text.HAL_GetREVID
                0x0800a1a0        0xc ../../libDaisy//build\libdaisy.a(stm32h7xx_hal.o)
                0x0800a1a0                HAL_GetREVID
 .text.HAL_ADC_ConvHalfCpltCallback
                0x0800a1ac        0x4 ../../libDaisy//build\libdaisy.a(stm32h7xx_hal_adc.o)
                0x0800a1ac                HAL_ADC_ConvHalfCpltCallback
 .text.ADC_DMAHalfConvCplt
                0x0800a1b0        0xc ../../libDaisy//build\libdaisy.a(stm32h7xx_hal_adc.o)
                0x0800a1b0                ADC_DMAHalfConvCplt
 .text.ADC_DMAConvCplt
                0x0800a1bc       0x6c ../../libDaisy//build\libdaisy.a(stm32h7xx_hal_adc.o)
                0x0800a1bc                ADC_DMAConvCplt
 .text.ADC_DMAError
                0x0800a228       0x1c ../../libDaisy//build\libdaisy.a(stm32h7xx_hal_adc.o)
                0x0800a228                ADC_DMAError
 .text.HAL_ADC_ConfigChannel
                0x0800a244      0x440 ../../libDaisy//build\libdaisy.a(stm32h7xx_hal_adc.o)
                0x0800a244                HAL_ADC_ConfigChannel
 .text.ADC_Enable
                0x0800a684       0xac ../../libDaisy//build\libdaisy.a(stm32h7xx_hal_adc.o)
                0x0800a684                ADC_Enable
 .text.HAL_ADC_Start_DMA
                0x0800a730      0x124 ../../libDaisy//build\libdaisy.a(stm32h7xx_hal_adc.o)
                0x0800a730                HAL_ADC_Start_DMA
 .text.ADC_Disable
                0x0800a854       0x74 ../../libDaisy//build\libdaisy.a(stm32h7xx_hal_adc.o)
                0x0800a854                ADC_Disable
 .text.ADC_ConfigureBoostMode
                0x0800a8c8      0x17c ../../libDaisy//build\libdaisy.a(stm32h7xx_hal_adc.o)
                0x0800a8c8                ADC_ConfigureBoostMode
 .text.HAL_ADC_Init
                0x0800aa44      0x21c ../../libDaisy//build\libdaisy.a(stm32h7xx_hal_adc.o)
                0x0800aa44                HAL_ADC_Init
 .text.HAL_ADCEx_Calibration_Start
                0x0800ac60       0xa4 ../../libDaisy//build\libdaisy.a(stm32h7xx_hal_adc_ex.o)
                0x0800ac60                HAL_ADCEx_Calibration_Start
 .text.HAL_ADCEx_MultiModeConfigChannel
                0x0800ad04       0xd0 ../../libDaisy//build\libdaisy.a(stm32h7xx_hal_adc_ex.o)
                0x0800ad04                HAL_ADCEx_MultiModeConfigChannel
 .text.HAL_NVIC_SetPriorityGrouping
                0x0800add4       0x24 ../../libDaisy//build\libdaisy.a(stm32h7xx_hal_cortex.o)
                0x0800add4                HAL_NVIC_SetPriorityGrouping
 .text.HAL_NVIC_SetPriority
                0x0800adf8       0x7c ../../libDaisy//build\libdaisy.a(stm32h7xx_hal_cortex.o)
                0x0800adf8                HAL_NVIC_SetPriority
 .text.HAL_NVIC_EnableIRQ
                0x0800ae74       0x1c ../../libDaisy//build\libdaisy.a(stm32h7xx_hal_cortex.o)
                0x0800ae74                HAL_NVIC_EnableIRQ
 .text.HAL_NVIC_DisableIRQ
                0x0800ae90       0x28 ../../libDaisy//build\libdaisy.a(stm32h7xx_hal_cortex.o)
                0x0800ae90                HAL_NVIC_DisableIRQ
 .text.HAL_SYSTICK_Config
                0x0800aeb8       0x2c ../../libDaisy//build\libdaisy.a(stm32h7xx_hal_cortex.o)
                0x0800aeb8                HAL_SYSTICK_Config
 .text.HAL_MPU_Disable
                0x0800aee4       0x1c ../../libDaisy//build\libdaisy.a(stm32h7xx_hal_cortex.o)
                0x0800aee4                HAL_MPU_Disable
 .text.HAL_MPU_Enable
                0x0800af00       0x20 ../../libDaisy//build\libdaisy.a(stm32h7xx_hal_cortex.o)
                0x0800af00                HAL_MPU_Enable
 .text.HAL_MPU_ConfigRegion
                0x0800af20       0x64 ../../libDaisy//build\libdaisy.a(stm32h7xx_hal_cortex.o)
                0x0800af20                HAL_MPU_ConfigRegion
 .text.HAL_SYSTICK_Callback
                0x0800af84        0x4 ../../libDaisy//build\libdaisy.a(stm32h7xx_hal_cortex.o)
                0x0800af84                HAL_SYSTICK_Callback
 .text.HAL_SYSTICK_IRQHandler
                0x0800af88        0x8 ../../libDaisy//build\libdaisy.a(stm32h7xx_hal_cortex.o)
                0x0800af88                HAL_SYSTICK_IRQHandler
 .text.DMA_CalcBaseAndBitshift
                0x0800af90       0xf4 ../../libDaisy//build\libdaisy.a(stm32h7xx_hal_dma.o)
 .text.DMA_CalcDMAMUXChannelBaseAndMask
                0x0800b084       0xd8 ../../libDaisy//build\libdaisy.a(stm32h7xx_hal_dma.o)
 .text.HAL_DMA_Init
                0x0800b15c      0x4dc ../../libDaisy//build\libdaisy.a(stm32h7xx_hal_dma.o)
                0x0800b15c                HAL_DMA_Init
 .text.HAL_DMA_Start_IT
                0x0800b638      0x344 ../../libDaisy//build\libdaisy.a(stm32h7xx_hal_dma.o)
                0x0800b638                HAL_DMA_Start_IT
 .text.HAL_DMA_Abort
                0x0800b97c      0x2f0 ../../libDaisy//build\libdaisy.a(stm32h7xx_hal_dma.o)
                0x0800b97c                HAL_DMA_Abort
 .text.HAL_DMA_Abort_IT
                0x0800bc6c      0x194 ../../libDaisy//build\libdaisy.a(stm32h7xx_hal_dma.o)
                0x0800bc6c                HAL_DMA_Abort_IT
 .text.HAL_DMA_IRQHandler
                0x0800be00      0x6a0 ../../libDaisy//build\libdaisy.a(stm32h7xx_hal_dma.o)
                0x0800be00                HAL_DMA_IRQHandler
 .text.HAL_DMA_GetError
                0x0800c4a0        0x4 ../../libDaisy//build\libdaisy.a(stm32h7xx_hal_dma.o)
                0x0800c4a0                HAL_DMA_GetError
 .text.HAL_GPIO_Init
                0x0800c4a4      0x274 ../../libDaisy//build\libdaisy.a(stm32h7xx_hal_gpio.o)
                0x0800c4a4                HAL_GPIO_Init
 .text.HAL_GPIO_DeInit
                0x0800c718      0x190 ../../libDaisy//build\libdaisy.a(stm32h7xx_hal_gpio.o)
                0x0800c718                HAL_GPIO_DeInit
 .text.HAL_GPIO_ReadPin
                0x0800c8a8        0xc ../../libDaisy//build\libdaisy.a(stm32h7xx_hal_gpio.o)
                0x0800c8a8                HAL_GPIO_ReadPin
 .text.HAL_GPIO_WritePin
                0x0800c8b4        0x8 ../../libDaisy//build\libdaisy.a(stm32h7xx_hal_gpio.o)
                0x0800c8b4                HAL_GPIO_WritePin
 .text.HAL_HCD_IRQHandler
                0x0800c8bc      0x8f4 ../../libDaisy//build\libdaisy.a(stm32h7xx_hal_hcd.o)
                0x0800c8bc                HAL_HCD_IRQHandler
 .text.HAL_HCD_Stop
                0x0800d1b0       0x28 ../../libDaisy//build\libdaisy.a(stm32h7xx_hal_hcd.o)
                0x0800d1b0                HAL_HCD_Stop
 .text.I2C_WaitOnRXNEFlagUntilTimeout
                0x0800d1d8      0x1b4 ../../libDaisy//build\libdaisy.a(stm32h7xx_hal_i2c.o)
 .text.I2C_WaitOnTXISFlagUntilTimeout
                0x0800d38c      0x16c ../../libDaisy//build\libdaisy.a(stm32h7xx_hal_i2c.o)
 .text.I2C_WaitOnSTOPFlagUntilTimeout
                0x0800d4f8      0x168 ../../libDaisy//build\libdaisy.a(stm32h7xx_hal_i2c.o)
 .text.HAL_I2C_Init
                0x0800d660       0xac ../../libDaisy//build\libdaisy.a(stm32h7xx_hal_i2c.o)
                0x0800d660                HAL_I2C_Init
 .text.HAL_I2C_Master_Transmit
                0x0800d70c      0x37c ../../libDaisy//build\libdaisy.a(stm32h7xx_hal_i2c.o)
                0x0800d70c                HAL_I2C_Master_Transmit
 .text.HAL_I2C_Master_Receive
                0x0800da88      0x1cc ../../libDaisy//build\libdaisy.a(stm32h7xx_hal_i2c.o)
                0x0800da88                HAL_I2C_Master_Receive
 .text.HAL_I2C_Slave_Transmit
                0x0800dc54      0x254 ../../libDaisy//build\libdaisy.a(stm32h7xx_hal_i2c.o)
                0x0800dc54                HAL_I2C_Slave_Transmit
 .text.HAL_I2C_Slave_Receive
                0x0800dea8      0x204 ../../libDaisy//build\libdaisy.a(stm32h7xx_hal_i2c.o)
                0x0800dea8                HAL_I2C_Slave_Receive
 .text.HAL_I2C_EV_IRQHandler
                0x0800e0ac       0x10 ../../libDaisy//build\libdaisy.a(stm32h7xx_hal_i2c.o)
                0x0800e0ac                HAL_I2C_EV_IRQHandler
 .text.HAL_I2C_GetState
                0x0800e0bc        0x8 ../../libDaisy//build\libdaisy.a(stm32h7xx_hal_i2c.o)
                0x0800e0bc                HAL_I2C_GetState
 .text.HAL_I2CEx_ConfigAnalogFilter
                0x0800e0c4       0x54 ../../libDaisy//build\libdaisy.a(stm32h7xx_hal_i2c_ex.o)
                0x0800e0c4                HAL_I2CEx_ConfigAnalogFilter
 .text.HAL_I2CEx_ConfigDigitalFilter
                0x0800e118       0x58 ../../libDaisy//build\libdaisy.a(stm32h7xx_hal_i2c_ex.o)
                0x0800e118                HAL_I2CEx_ConfigDigitalFilter
 .text.HAL_PCD_IRQHandler
                0x0800e170      0xb48 ../../libDaisy//build\libdaisy.a(stm32h7xx_hal_pcd.o)
                0x0800e170                HAL_PCD_IRQHandler
 .text.HAL_PCD_SetAddress
                0x0800ecb8       0x2c ../../libDaisy//build\libdaisy.a(stm32h7xx_hal_pcd.o)
                0x0800ecb8                HAL_PCD_SetAddress
 .text.HAL_PCD_EP_Open
                0x0800ece4       0x7c ../../libDaisy//build\libdaisy.a(stm32h7xx_hal_pcd.o)
                0x0800ece4                HAL_PCD_EP_Open
 .text.HAL_PCD_EP_Receive
                0x0800ed60       0x44 ../../libDaisy//build\libdaisy.a(stm32h7xx_hal_pcd.o)
                0x0800ed60                HAL_PCD_EP_Receive
 .text.HAL_PCD_EP_Transmit
                0x0800eda4       0x44 ../../libDaisy//build\libdaisy.a(stm32h7xx_hal_pcd.o)
                0x0800eda4                HAL_PCD_EP_Transmit
 .text.HAL_PCD_EP_SetStall
                0x0800ede8       0x88 ../../libDaisy//build\libdaisy.a(stm32h7xx_hal_pcd.o)
                0x0800ede8                HAL_PCD_EP_SetStall
 .text.HAL_PCD_EP_ClrStall
                0x0800ee70       0x78 ../../libDaisy//build\libdaisy.a(stm32h7xx_hal_pcd.o)
                0x0800ee70                HAL_PCD_EP_ClrStall
 .text.HAL_PCDEx_LPM_Callback
                0x0800eee8        0x4 ../../libDaisy//build\libdaisy.a(stm32h7xx_hal_pcd_ex.o)
                0x0800eee8                HAL_PCDEx_LPM_Callback
 .text.HAL_PWREx_ConfigSupply
                0x0800eeec       0x48 ../../libDaisy//build\libdaisy.a(stm32h7xx_hal_pwr_ex.o)
                0x0800eeec                HAL_PWREx_ConfigSupply
 .text.HAL_PWREx_EnableUSBVoltageDetector
                0x0800ef34       0x10 ../../libDaisy//build\libdaisy.a(stm32h7xx_hal_pwr_ex.o)
                0x0800ef34                HAL_PWREx_EnableUSBVoltageDetector
 .text.QSPI_Config
                0x0800ef44      0x174 ../../libDaisy//build\libdaisy.a(stm32h7xx_hal_qspi.o)
 .text.HAL_QSPI_Init
                0x0800f0b8       0xb8 ../../libDaisy//build\libdaisy.a(stm32h7xx_hal_qspi.o)
                0x0800f0b8                HAL_QSPI_Init
 .text.HAL_QSPI_DeInit
                0x0800f170       0x24 ../../libDaisy//build\libdaisy.a(stm32h7xx_hal_qspi.o)
                0x0800f170                HAL_QSPI_DeInit
 .text.HAL_QSPI_Command
                0x0800f194       0xd4 ../../libDaisy//build\libdaisy.a(stm32h7xx_hal_qspi.o)
                0x0800f194                HAL_QSPI_Command
 .text.HAL_QSPI_Transmit
                0x0800f268       0xfc ../../libDaisy//build\libdaisy.a(stm32h7xx_hal_qspi.o)
                0x0800f268                HAL_QSPI_Transmit
 .text.HAL_QSPI_Receive
                0x0800f364      0x108 ../../libDaisy//build\libdaisy.a(stm32h7xx_hal_qspi.o)
                0x0800f364                HAL_QSPI_Receive
 .text.HAL_QSPI_AutoPolling
                0x0800f46c       0xf0 ../../libDaisy//build\libdaisy.a(stm32h7xx_hal_qspi.o)
                0x0800f46c                HAL_QSPI_AutoPolling
 .text.HAL_QSPI_MemoryMapped
                0x0800f55c       0xc0 ../../libDaisy//build\libdaisy.a(stm32h7xx_hal_qspi.o)
                0x0800f55c                HAL_QSPI_MemoryMapped
 .text.HAL_QSPI_ErrorCallback
                0x0800f61c        0x4 ../../libDaisy//build\libdaisy.a(stm32h7xx_hal_qspi.o)
                0x0800f61c                HAL_QSPI_ErrorCallback
 .text.QSPI_DMAAbortCplt
                0x0800f620       0x38 ../../libDaisy//build\libdaisy.a(stm32h7xx_hal_qspi.o)
 .text.HAL_QSPI_AbortCpltCallback
                0x0800f658        0x4 ../../libDaisy//build\libdaisy.a(stm32h7xx_hal_qspi.o)
                0x0800f658                HAL_QSPI_AbortCpltCallback
 .text.HAL_QSPI_CmdCpltCallback
                0x0800f65c        0x4 ../../libDaisy//build\libdaisy.a(stm32h7xx_hal_qspi.o)
                0x0800f65c                HAL_QSPI_CmdCpltCallback
 .text.HAL_QSPI_RxCpltCallback
                0x0800f660        0x4 ../../libDaisy//build\libdaisy.a(stm32h7xx_hal_qspi.o)
                0x0800f660                HAL_QSPI_RxCpltCallback
 .text.HAL_QSPI_TxCpltCallback
                0x0800f664        0x4 ../../libDaisy//build\libdaisy.a(stm32h7xx_hal_qspi.o)
                0x0800f664                HAL_QSPI_TxCpltCallback
 .text.HAL_QSPI_FifoThresholdCallback
                0x0800f668        0x4 ../../libDaisy//build\libdaisy.a(stm32h7xx_hal_qspi.o)
                0x0800f668                HAL_QSPI_FifoThresholdCallback
 .text.HAL_QSPI_StatusMatchCallback
                0x0800f66c        0x4 ../../libDaisy//build\libdaisy.a(stm32h7xx_hal_qspi.o)
                0x0800f66c                HAL_QSPI_StatusMatchCallback
 .text.HAL_QSPI_TimeOutCallback
                0x0800f670        0x4 ../../libDaisy//build\libdaisy.a(stm32h7xx_hal_qspi.o)
                0x0800f670                HAL_QSPI_TimeOutCallback
 .text.HAL_QSPI_IRQHandler
                0x0800f674      0x210 ../../libDaisy//build\libdaisy.a(stm32h7xx_hal_qspi.o)
                0x0800f674                HAL_QSPI_IRQHandler
 .text.HAL_RCC_GetSysClockFreq.part.0
                0x0800f884      0x130 ../../libDaisy//build\libdaisy.a(stm32h7xx_hal_rcc.o)
 .text.HAL_RCC_OscConfig
                0x0800f9b4      0x5f4 ../../libDaisy//build\libdaisy.a(stm32h7xx_hal_rcc.o)
                0x0800f9b4                HAL_RCC_OscConfig
 .text.HAL_RCC_GetSysClockFreq
                0x0800ffa8      0x140 ../../libDaisy//build\libdaisy.a(stm32h7xx_hal_rcc.o)
                0x0800ffa8                HAL_RCC_GetSysClockFreq
 .text.HAL_RCC_ClockConfig
                0x080100e8      0x250 ../../libDaisy//build\libdaisy.a(stm32h7xx_hal_rcc.o)
                0x080100e8                HAL_RCC_ClockConfig
 .text.HAL_RCC_GetHCLKFreq
                0x08010338       0x80 ../../libDaisy//build\libdaisy.a(stm32h7xx_hal_rcc.o)
                0x08010338                HAL_RCC_GetHCLKFreq
 .text.HAL_RCC_GetPCLK1Freq
                0x080103b8       0x90 ../../libDaisy//build\libdaisy.a(stm32h7xx_hal_rcc.o)
                0x080103b8                HAL_RCC_GetPCLK1Freq
 .text.HAL_RCC_GetPCLK2Freq
                0x08010448       0x90 ../../libDaisy//build\libdaisy.a(stm32h7xx_hal_rcc.o)
                0x08010448                HAL_RCC_GetPCLK2Freq
 .text.RCCEx_PLL2_Config
                0x080104d8       0xf4 ../../libDaisy//build\libdaisy.a(stm32h7xx_hal_rcc_ex.o)
 .text.RCCEx_PLL3_Config
                0x080105cc       0xf4 ../../libDaisy//build\libdaisy.a(stm32h7xx_hal_rcc_ex.o)
 .text.HAL_RCCEx_PeriphCLKConfig
                0x080106c0      0xbf8 ../../libDaisy//build\libdaisy.a(stm32h7xx_hal_rcc_ex.o)
                0x080106c0                HAL_RCCEx_PeriphCLKConfig
 .text.HAL_RCCEx_GetD3PCLK1Freq
                0x080112b8       0x24 ../../libDaisy//build\libdaisy.a(stm32h7xx_hal_rcc_ex.o)
                0x080112b8                HAL_RCCEx_GetD3PCLK1Freq
 .text.HAL_RCCEx_GetPLL2ClockFreq
                0x080112dc      0x17c ../../libDaisy//build\libdaisy.a(stm32h7xx_hal_rcc_ex.o)
                0x080112dc                HAL_RCCEx_GetPLL2ClockFreq
 .text.HAL_RCCEx_GetPLL3ClockFreq
                0x08011458      0x17c ../../libDaisy//build\libdaisy.a(stm32h7xx_hal_rcc_ex.o)
                0x08011458                HAL_RCCEx_GetPLL3ClockFreq
 .text.HAL_RCCEx_GetPLL1ClockFreq
                0x080115d4      0x18c ../../libDaisy//build\libdaisy.a(stm32h7xx_hal_rcc_ex.o)
                0x080115d4                HAL_RCCEx_GetPLL1ClockFreq
 .text.HAL_RCCEx_GetPeriphCLKFreq
                0x08011760      0x390 ../../libDaisy//build\libdaisy.a(stm32h7xx_hal_rcc_ex.o)
                0x08011760                HAL_RCCEx_GetPeriphCLKFreq
 .text.HAL_SAI_Init.part.0
                0x08011af0      0x390 ../../libDaisy//build\libdaisy.a(stm32h7xx_hal_sai.o)
 .text.HAL_SAI_InitProtocol
                0x08011e80      0x174 ../../libDaisy//build\libdaisy.a(stm32h7xx_hal_sai.o)
                0x08011e80                HAL_SAI_InitProtocol
 .text.HAL_SAI_Transmit_DMA
                0x08011ff4      0x124 ../../libDaisy//build\libdaisy.a(stm32h7xx_hal_sai.o)
                0x08011ff4                HAL_SAI_Transmit_DMA
 .text.HAL_SAI_Receive_DMA
                0x08012118       0xd0 ../../libDaisy//build\libdaisy.a(stm32h7xx_hal_sai.o)
                0x08012118                HAL_SAI_Receive_DMA
 .text.HAL_SAI_TxCpltCallback
                0x080121e8        0x4 ../../libDaisy//build\libdaisy.a(stm32h7xx_hal_sai.o)
                0x080121e8                HAL_SAI_TxCpltCallback
 .text.SAI_DMATxCplt
                0x080121ec       0x64 ../../libDaisy//build\libdaisy.a(stm32h7xx_hal_sai.o)
 .text.HAL_SAI_TxHalfCpltCallback
                0x08012250        0x4 ../../libDaisy//build\libdaisy.a(stm32h7xx_hal_sai.o)
                0x08012250                HAL_SAI_TxHalfCpltCallback
 .text.SAI_DMATxHalfCplt
                0x08012254        0xc ../../libDaisy//build\libdaisy.a(stm32h7xx_hal_sai.o)
 .text.SAI_DMARxCplt
                0x08012260       0x64 ../../libDaisy//build\libdaisy.a(stm32h7xx_hal_sai.o)
 .text.SAI_DMARxHalfCplt
                0x080122c4        0xc ../../libDaisy//build\libdaisy.a(stm32h7xx_hal_sai.o)
 .text.HAL_SAI_ErrorCallback
                0x080122d0        0x4 ../../libDaisy//build\libdaisy.a(stm32h7xx_hal_sai.o)
                0x080122d0                HAL_SAI_ErrorCallback
 .text.SAI_DMAError
                0x080122d4       0x6c ../../libDaisy//build\libdaisy.a(stm32h7xx_hal_sai.o)
 .text.HAL_SDRAM_Init
                0x08012340       0x54 ../../libDaisy//build\libdaisy.a(stm32h7xx_hal_sdram.o)
                0x08012340                HAL_SDRAM_Init
 .text.HAL_SDRAM_SendCommand
                0x08012394       0x40 ../../libDaisy//build\libdaisy.a(stm32h7xx_hal_sdram.o)
                0x08012394                HAL_SDRAM_SendCommand
 .text.HAL_SDRAM_ProgramRefreshRate
                0x080123d4       0x30 ../../libDaisy//build\libdaisy.a(stm32h7xx_hal_sdram.o)
                0x080123d4                HAL_SDRAM_ProgramRefreshRate
 .text.FMC_SDRAM_Init
                0x08012404       0x7c ../../libDaisy//build\libdaisy.a(stm32h7xx_ll_fmc.o)
                0x08012404                FMC_SDRAM_Init
 .text.FMC_SDRAM_Timing_Init
                0x08012480       0x98 ../../libDaisy//build\libdaisy.a(stm32h7xx_ll_fmc.o)
                0x08012480                FMC_SDRAM_Timing_Init
 .text.FMC_SDRAM_SendCommand
                0x08012518       0x30 ../../libDaisy//build\libdaisy.a(stm32h7xx_ll_fmc.o)
                0x08012518                FMC_SDRAM_SendCommand
 .text.FMC_SDRAM_ProgramRefreshRate
                0x08012548       0x1c ../../libDaisy//build\libdaisy.a(stm32h7xx_ll_fmc.o)
                0x08012548                FMC_SDRAM_ProgramRefreshRate
 .text.USB_SetTurnaroundTime
                0x08012564       0xf4 ../../libDaisy//build\libdaisy.a(stm32h7xx_ll_usb.o)
                0x08012564                USB_SetTurnaroundTime
 .text.USB_FlushTxFifo
                0x08012658       0x54 ../../libDaisy//build\libdaisy.a(stm32h7xx_ll_usb.o)
                0x08012658                USB_FlushTxFifo
 .text.USB_FlushRxFifo
                0x080126ac       0x50 ../../libDaisy//build\libdaisy.a(stm32h7xx_ll_usb.o)
                0x080126ac                USB_FlushRxFifo
 .text.USB_GetDevSpeed
                0x080126fc       0x18 ../../libDaisy//build\libdaisy.a(stm32h7xx_ll_usb.o)
                0x080126fc                USB_GetDevSpeed
 .text.USB_ActivateEndpoint
                0x08012714       0x90 ../../libDaisy//build\libdaisy.a(stm32h7xx_ll_usb.o)
                0x08012714                USB_ActivateEndpoint
 .text.USB_EPStartXfer
                0x080127a4      0x288 ../../libDaisy//build\libdaisy.a(stm32h7xx_ll_usb.o)
                0x080127a4                USB_EPStartXfer
 .text.USB_EPStopXfer
                0x08012a2c       0x88 ../../libDaisy//build\libdaisy.a(stm32h7xx_ll_usb.o)
                0x08012a2c                USB_EPStopXfer
 .text.USB_WritePacket
                0x08012ab4       0x2c ../../libDaisy//build\libdaisy.a(stm32h7xx_ll_usb.o)
                0x08012ab4                USB_WritePacket
 .text.USB_ReadPacket
                0x08012ae0       0x4c ../../libDaisy//build\libdaisy.a(stm32h7xx_ll_usb.o)
                0x08012ae0                USB_ReadPacket
 .text.USB_EPSetStall
                0x08012b2c       0x68 ../../libDaisy//build\libdaisy.a(stm32h7xx_ll_usb.o)
                0x08012b2c                USB_EPSetStall
 .text.USB_EPClearStall
                0x08012b94       0x58 ../../libDaisy//build\libdaisy.a(stm32h7xx_ll_usb.o)
                0x08012b94                USB_EPClearStall
 .text.USB_SetDevAddress
                0x08012bec       0x24 ../../libDaisy//build\libdaisy.a(stm32h7xx_ll_usb.o)
                0x08012bec                USB_SetDevAddress
 .text.USB_ReadInterrupts
                0x08012c10        0x8 ../../libDaisy//build\libdaisy.a(stm32h7xx_ll_usb.o)
                0x08012c10                USB_ReadInterrupts
 .text.USB_ReadChInterrupts
                0x08012c18       0x10 ../../libDaisy//build\libdaisy.a(stm32h7xx_ll_usb.o)
                0x08012c18                USB_ReadChInterrupts
 .text.USB_ReadDevAllOutEpInterrupt
                0x08012c28       0x10 ../../libDaisy//build\libdaisy.a(stm32h7xx_ll_usb.o)
                0x08012c28                USB_ReadDevAllOutEpInterrupt
 .text.USB_ReadDevAllInEpInterrupt
                0x08012c38       0x10 ../../libDaisy//build\libdaisy.a(stm32h7xx_ll_usb.o)
                0x08012c38                USB_ReadDevAllInEpInterrupt
 .text.USB_ReadDevOutEPInterrupt
                0x08012c48       0x14 ../../libDaisy//build\libdaisy.a(stm32h7xx_ll_usb.o)
                0x08012c48                USB_ReadDevOutEPInterrupt
 .text.USB_ReadDevInEPInterrupt
                0x08012c5c       0x20 ../../libDaisy//build\libdaisy.a(stm32h7xx_ll_usb.o)
                0x08012c5c                USB_ReadDevInEPInterrupt
 .text.USB_GetMode
                0x08012c7c        0x8 ../../libDaisy//build\libdaisy.a(stm32h7xx_ll_usb.o)
                0x08012c7c                USB_GetMode
 .text.USB_ActivateSetup
                0x08012c84       0x2c ../../libDaisy//build\libdaisy.a(stm32h7xx_ll_usb.o)
                0x08012c84                USB_ActivateSetup
 .text.USB_EP0_OutStart
                0x08012cb0       0x58 ../../libDaisy//build\libdaisy.a(stm32h7xx_ll_usb.o)
                0x08012cb0                USB_EP0_OutStart
 .text.USB_InitFSLSPClkSel
                0x08012d08       0x44 ../../libDaisy//build\libdaisy.a(stm32h7xx_ll_usb.o)
                0x08012d08                USB_InitFSLSPClkSel
 .text.USB_HC_ReadInterrupt
                0x08012d4c        0x8 ../../libDaisy//build\libdaisy.a(stm32h7xx_ll_usb.o)
                0x08012d4c                USB_HC_ReadInterrupt
 .text.USB_HC_Halt
                0x08012d54       0xe4 ../../libDaisy//build\libdaisy.a(stm32h7xx_ll_usb.o)
                0x08012d54                USB_HC_Halt
 .text.USB_StopHost
                0x08012e38      0x1e4 ../../libDaisy//build\libdaisy.a(stm32h7xx_ll_usb.o)
                0x08012e38                USB_StopHost
 .text.USBD_SetClassConfig
                0x0801301c       0x10 ../../libDaisy//build\libdaisy.a(usbd_core.o)
                0x0801301c                USBD_SetClassConfig
 .text.USBD_ClrClassConfig
                0x0801302c       0x14 ../../libDaisy//build\libdaisy.a(usbd_core.o)
                0x0801302c                USBD_ClrClassConfig
 .text.USBD_LL_SetupStage
                0x08013040       0x60 ../../libDaisy//build\libdaisy.a(usbd_core.o)
                0x08013040                USBD_LL_SetupStage
 .text.USBD_LL_DataOutStage
                0x080130a0       0x74 ../../libDaisy//build\libdaisy.a(usbd_core.o)
                0x080130a0                USBD_LL_DataOutStage
 .text.USBD_LL_DataInStage
                0x08013114       0xc0 ../../libDaisy//build\libdaisy.a(usbd_core.o)
                0x08013114                USBD_LL_DataInStage
 .text.USBD_LL_Reset
                0x080131d4       0x5c ../../libDaisy//build\libdaisy.a(usbd_core.o)
                0x080131d4                USBD_LL_Reset
 .text.USBD_LL_SetSpeed
                0x08013230        0x8 ../../libDaisy//build\libdaisy.a(usbd_core.o)
                0x08013230                USBD_LL_SetSpeed
 .text.USBD_LL_Suspend
                0x08013238       0x20 ../../libDaisy//build\libdaisy.a(usbd_core.o)
                0x08013238                USBD_LL_Suspend
 .text.USBD_LL_Resume
                0x08013258       0x18 ../../libDaisy//build\libdaisy.a(usbd_core.o)
                0x08013258                USBD_LL_Resume
 .text.USBD_LL_SOF
                0x08013270       0x20 ../../libDaisy//build\libdaisy.a(usbd_core.o)
                0x08013270                USBD_LL_SOF
 .text.USBD_LL_IsoINIncomplete
                0x08013290       0x2c ../../libDaisy//build\libdaisy.a(usbd_core.o)
                0x08013290                USBD_LL_IsoINIncomplete
 .text.USBD_LL_IsoOUTIncomplete
                0x080132bc       0x2c ../../libDaisy//build\libdaisy.a(usbd_core.o)
                0x080132bc                USBD_LL_IsoOUTIncomplete
 .text.USBD_LL_DevConnected
                0x080132e8        0x4 ../../libDaisy//build\libdaisy.a(usbd_core.o)
                0x080132e8                USBD_LL_DevConnected
 .text.USBD_LL_DevDisconnected
                0x080132ec       0x24 ../../libDaisy//build\libdaisy.a(usbd_core.o)
                0x080132ec                USBD_LL_DevDisconnected
 .text.USBD_CoreFindIF
                0x08013310        0x4 ../../libDaisy//build\libdaisy.a(usbd_core.o)
                0x08013310                USBD_CoreFindIF
 .text.USBD_CoreFindEP
                0x08013314        0x4 ../../libDaisy//build\libdaisy.a(usbd_core.o)
                0x08013314                USBD_CoreFindEP
 .text.USBD_StdDevReq
                0x08013318      0x360 ../../libDaisy//build\libdaisy.a(usbd_ctlreq.o)
                0x08013318                USBD_StdDevReq
 .text.USBD_StdItfReq
                0x08013678       0x84 ../../libDaisy//build\libdaisy.a(usbd_ctlreq.o)
                0x08013678                USBD_StdItfReq
 .text.USBD_StdEPReq
                0x080136fc      0x160 ../../libDaisy//build\libdaisy.a(usbd_ctlreq.o)
                0x080136fc                USBD_StdEPReq
 .text.USBD_ParseSetupRequest
                0x0801385c       0x18 ../../libDaisy//build\libdaisy.a(usbd_ctlreq.o)
                0x0801385c                USBD_ParseSetupRequest
 .text.USBD_CtlSendData
                0x08013874       0x1c ../../libDaisy//build\libdaisy.a(usbd_ioreq.o)
                0x08013874                USBD_CtlSendData
 .text.USBD_CtlContinueSendData
                0x08013890       0x14 ../../libDaisy//build\libdaisy.a(usbd_ioreq.o)
                0x08013890                USBD_CtlContinueSendData
 .text.USBD_CtlContinueRx
                0x080138a4       0x14 ../../libDaisy//build\libdaisy.a(usbd_ioreq.o)
                0x080138a4                USBD_CtlContinueRx
 .text.USBD_CtlSendStatus
                0x080138b8       0x18 ../../libDaisy//build\libdaisy.a(usbd_ioreq.o)
                0x080138b8                USBD_CtlSendStatus
 .text.USBD_CtlReceiveStatus
                0x080138d0       0x18 ../../libDaisy//build\libdaisy.a(usbd_ioreq.o)
                0x080138d0                USBD_CtlReceiveStatus
 .text.USBH_LL_IncTimer
                0x080138e8       0x20 ../../libDaisy//build\libdaisy.a(usbh_core.o)
                0x080138e8                USBH_LL_IncTimer
 .text.USBH_LL_PortEnabled
                0x08013908        0x8 ../../libDaisy//build\libdaisy.a(usbh_core.o)
                0x08013908                USBH_LL_PortEnabled
 .text.USBH_LL_PortDisabled
                0x08013910        0x8 ../../libDaisy//build\libdaisy.a(usbh_core.o)
                0x08013910                USBH_LL_PortDisabled
 .text.USBH_LL_Connect
                0x08013918       0x18 ../../libDaisy//build\libdaisy.a(usbh_core.o)
                0x08013918                USBH_LL_Connect
 .text.USBH_LL_Disconnect
                0x08013930       0x2c ../../libDaisy//build\libdaisy.a(usbh_core.o)
                0x08013930                USBH_LL_Disconnect
 .text.USBH_FreePipe
                0x0801395c       0x18 ../../libDaisy//build\libdaisy.a(usbh_pipes.o)
                0x0801395c                USBH_FreePipe
 .text._ZN5daisy6Random4InitEv
                0x08013974       0x3c ../../libDaisy//build\libdaisy.a(rng.o)
                0x08013974                daisy::Random::Init()
 .text._ZN5daisy9SpiHandle4Impl7InitDmaEv
                0x080139b0       0xec ../../libDaisy//build\libdaisy.a(spi.o)
                0x080139b0                daisy::SpiHandle::Impl::InitDma()
 .text._ZN5daisy9SpiHandle4Impl10StartDmaTxEPhjPFvPvEPFvS3_NS0_6ResultEES3_
                0x08013a9c       0xc8 ../../libDaisy//build\libdaisy.a(spi.o)
                0x08013a9c                daisy::SpiHandle::Impl::StartDmaTx(unsigned char*, unsigned int, void (*)(void*), void (*)(void*, daisy::SpiHandle::Result), void*)
 .text._ZN5daisy9SpiHandle4Impl10StartDmaRxEPhjPFvPvEPFvS3_NS0_6ResultEES3_
                0x08013b64       0xc8 ../../libDaisy//build\libdaisy.a(spi.o)
                0x08013b64                daisy::SpiHandle::Impl::StartDmaRx(unsigned char*, unsigned int, void (*)(void*), void (*)(void*, daisy::SpiHandle::Result), void*)
 .text._ZN5daisy9SpiHandle4Impl12StartDmaRxTxEPhS2_jPFvPvEPFvS3_NS0_6ResultEES3_
                0x08013c2c       0xcc ../../libDaisy//build\libdaisy.a(spi.o)
                0x08013c2c                daisy::SpiHandle::Impl::StartDmaRxTx(unsigned char*, unsigned char*, unsigned int, void (*)(void*), void (*)(void*, daisy::SpiHandle::Result), void*)
 .text._ZN5daisy9SpiHandle4Impl8InitPinsEv
                0x08013cf8      0x25c ../../libDaisy//build\libdaisy.a(spi.o)
                0x08013cf8                daisy::SpiHandle::Impl::InitPins()
 .text.HAL_SPI_MspInit
                0x08013f54      0x6e8 ../../libDaisy//build\libdaisy.a(spi.o)
                0x08013f54                HAL_SPI_MspInit
 .text.dsy_spi_global_init
                0x0801463c       0x80 ../../libDaisy//build\libdaisy.a(spi.o)
                0x0801463c                dsy_spi_global_init
 .text.SPI1_IRQHandler
                0x080146bc        0xc ../../libDaisy//build\libdaisy.a(spi.o)
                0x080146bc                SPI1_IRQHandler
 .text.SPI2_IRQHandler
                0x080146c8        0xc ../../libDaisy//build\libdaisy.a(spi.o)
                0x080146c8                SPI2_IRQHandler
 .text.SPI3_IRQHandler
                0x080146d4        0xc ../../libDaisy//build\libdaisy.a(spi.o)
                0x080146d4                SPI3_IRQHandler
 .text.SPI4_IRQHandler
                0x080146e0        0xc ../../libDaisy//build\libdaisy.a(spi.o)
                0x080146e0                SPI4_IRQHandler
 .text.SPI5_IRQHandler
                0x080146ec        0xc ../../libDaisy//build\libdaisy.a(spi.o)
                0x080146ec                SPI5_IRQHandler
 .text.DMA2_Stream2_IRQHandler
                0x080146f8       0x34 ../../libDaisy//build\libdaisy.a(spi.o)
                0x080146f8                DMA2_Stream2_IRQHandler
 .text.DMA2_Stream3_IRQHandler
                0x0801472c       0x38 ../../libDaisy//build\libdaisy.a(spi.o)
                0x0801472c                DMA2_Stream3_IRQHandler
 .text.HAL_SPI_TxCpltCallback
                0x08014764       0xc4 ../../libDaisy//build\libdaisy.a(spi.o)
                0x08014764                HAL_SPI_TxCpltCallback
 .text.HAL_SPI_RxCpltCallback
                0x08014828       0xc4 ../../libDaisy//build\libdaisy.a(spi.o)
                0x08014828                HAL_SPI_RxCpltCallback
 .text.HAL_SPI_TxRxCpltCallback
                0x080148ec       0xc4 ../../libDaisy//build\libdaisy.a(spi.o)
                0x080148ec                HAL_SPI_TxRxCpltCallback
 .text.HAL_SPI_ErrorCallback
                0x080149b0       0xc8 ../../libDaisy//build\libdaisy.a(spi.o)
                0x080149b0                HAL_SPI_ErrorCallback
 .text.startup._GLOBAL__sub_I__Z19MapInstanceToHandleP11SPI_TypeDef
                0x08014a78      0x1d8 ../../libDaisy//build\libdaisy.a(spi.o)
 .text.HAL_TIM_Base_MspInit
                0x08014c50      0x1e0 ../../libDaisy//build\libdaisy.a(tim.o)
                0x08014c50                HAL_TIM_Base_MspInit
 .text.HAL_TIM_PeriodElapsedCallback
                0x08014e30       0x44 ../../libDaisy//build\libdaisy.a(tim.o)
                0x08014e30                HAL_TIM_PeriodElapsedCallback
 .text.TIM2_IRQHandler
                0x08014e74        0xc ../../libDaisy//build\libdaisy.a(tim.o)
                0x08014e74                TIM2_IRQHandler
 .text.TIM3_IRQHandler
                0x08014e80        0xc ../../libDaisy//build\libdaisy.a(tim.o)
                0x08014e80                TIM3_IRQHandler
 .text.TIM4_IRQHandler
                0x08014e8c        0xc ../../libDaisy//build\libdaisy.a(tim.o)
                0x08014e8c                TIM4_IRQHandler
 .text.TIM5_IRQHandler
                0x08014e98        0xc ../../libDaisy//build\libdaisy.a(tim.o)
                0x08014e98                TIM5_IRQHandler
 .text._ZN5daisy11TimerHandle4InitERKNS0_6ConfigE
                0x08014ea4       0xd0 ../../libDaisy//build\libdaisy.a(tim.o)
                0x08014ea4                daisy::TimerHandle::Init(daisy::TimerHandle::Config const&)
 .text._ZN5daisy11TimerHandle5StartEv
                0x08014f74       0x24 ../../libDaisy//build\libdaisy.a(tim.o)
                0x08014f74                daisy::TimerHandle::Start()
 .text.startup._GLOBAL__sub_I__ZN5daisy11TimerHandle4Impl4InitERKNS0_6ConfigE
                0x08014f98       0x38 ../../libDaisy//build\libdaisy.a(tim.o)
 .text._ZL20UART_CheckRxListenerPN5daisy11UartHandler4ImplE
                0x08014fd0       0x84 ../../libDaisy//build\libdaisy.a(uart.o)
 .text._ZN5daisy11UartHandler4Impl10StartDmaTxEPhjPFvPvEPFvS3_NS0_6ResultEES3_
                0x08015054      0x184 ../../libDaisy//build\libdaisy.a(uart.o)
                0x08015054                daisy::UartHandler::Impl::StartDmaTx(unsigned char*, unsigned int, void (*)(void*), void (*)(void*, daisy::UartHandler::Result), void*)